Archive member included because of file (symbol)

.\CortexM0\ARM_GCC_473\Debug\spi_debug_tool.a(cyfitter_cfg.o)
                              .\CortexM0\ARM_GCC_473\Debug\Cm0Start.o (cyfitter_cfg)
.\CortexM0\ARM_GCC_473\Debug\spi_debug_tool.a(LED_GREEN.o)
                              .\CortexM0\ARM_GCC_473\Debug\board.o (LED_GREEN_Write)
.\CortexM0\ARM_GCC_473\Debug\spi_debug_tool.a(UART_1.o)
                              .\CortexM0\ARM_GCC_473\Debug\cli_uart.o (UART_1_Start)
.\CortexM0\ARM_GCC_473\Debug\spi_debug_tool.a(UART_1_SPI_UART.o)
                              .\CortexM0\ARM_GCC_473\Debug\cli_uart.o (UART_1_SpiUartReadRxData)
.\CortexM0\ARM_GCC_473\Debug\spi_debug_tool.a(UART_1_UART.o)
                              .\CortexM0\ARM_GCC_473\Debug\cli_uart.o (UART_1_UartInit)
.\CortexM0\ARM_GCC_473\Debug\spi_debug_tool.a(nHIB.o)
                              .\CortexM0\ARM_GCC_473\Debug\board.o (nHIB_Write)
.\CortexM0\ARM_GCC_473\Debug\spi_debug_tool.a(LED_BLUE.o)
                              .\CortexM0\ARM_GCC_473\Debug\board.o (LED_BLUE_Write)
.\CortexM0\ARM_GCC_473\Debug\spi_debug_tool.a(isr_1.o)
                              .\CortexM0\ARM_GCC_473\Debug\board.o (isr_1_Start)
.\CortexM0\ARM_GCC_473\Debug\spi_debug_tool.a(IRQ_Pin.o)
                              .\CortexM0\ARM_GCC_473\Debug\spi_debug_tool.a(isr_1.o) (IRQ_Pin_ClearInterrupt)
.\CortexM0\ARM_GCC_473\Debug\spi_debug_tool.a(SPIM.o)
                              .\CortexM0\ARM_GCC_473\Debug\spi.o (SPIM_Start)
.\CortexM0\ARM_GCC_473\Debug\spi_debug_tool.a(m_ss_pin.o)
                              .\CortexM0\ARM_GCC_473\Debug\spi.o (m_ss_pin_Write)
.\CortexM0\ARM_GCC_473\Debug\spi_debug_tool.a(SPIM_IntClock.o)
                              .\CortexM0\ARM_GCC_473\Debug\spi_debug_tool.a(SPIM.o) (SPIM_IntClock_Start)
.\CortexM0\ARM_GCC_473\Debug\spi_debug_tool.a(CyBootAsmGnu.o)
                              .\CortexM0\ARM_GCC_473\Debug\spi_debug_tool.a(cyfitter_cfg.o) (CyDelayCycles)
.\CortexM0\ARM_GCC_473\Debug\spi_debug_tool.a(CyLib.o)
                              .\CortexM0\ARM_GCC_473\Debug\board.o (CySysClkImoStart)
c:/program files (x86)/cypress/psoc creator/3.0/psoc creator/import/gnu_cs/arm/4.7.3/bin/../lib/gcc/arm-none-eabi/4.7.3/armv6-m\libgcc.a(_udivsi3.o)
                              .\CortexM0\ARM_GCC_473\Debug\spi_debug_tool.a(CyLib.o) (__aeabi_uidiv)
c:/program files (x86)/cypress/psoc creator/3.0/psoc creator/import/gnu_cs/arm/4.7.3/bin/../lib/gcc/arm-none-eabi/4.7.3/armv6-m\libgcc.a(_divsi3.o)
                              .\CortexM0\ARM_GCC_473\Debug\Cm0Start.o (__aeabi_idiv)
c:/program files (x86)/cypress/psoc creator/3.0/psoc creator/import/gnu_cs/arm/4.7.3/bin/../lib/gcc/arm-none-eabi/4.7.3/armv6-m\libgcc.a(_dvmd_tls.o)
                              c:/program files (x86)/cypress/psoc creator/3.0/psoc creator/import/gnu_cs/arm/4.7.3/bin/../lib/gcc/arm-none-eabi/4.7.3/armv6-m\libgcc.a(_udivsi3.o) (__aeabi_idiv0)
c:/program files (x86)/cypress/psoc creator/3.0/psoc creator/import/gnu_cs/arm/4.7.3/bin/../lib/gcc/arm-none-eabi/4.7.3/../../../../arm-none-eabi/lib/armv6-m\libc_s.a(lib_a-__atexit2.o)
                              c:/program files (x86)/cypress/psoc creator/3.0/psoc creator/import/gnu_cs/arm/4.7.3/bin/../lib/gcc/arm-none-eabi/4.7.3/../../../../arm-none-eabi/lib/armv6-m/crt0.o (__register_exitproc)
c:/program files (x86)/cypress/psoc creator/3.0/psoc creator/import/gnu_cs/arm/4.7.3/bin/../lib/gcc/arm-none-eabi/4.7.3/../../../../arm-none-eabi/lib/armv6-m\libc_s.a(lib_a-exit.o)
                              c:/program files (x86)/cypress/psoc creator/3.0/psoc creator/import/gnu_cs/arm/4.7.3/bin/../lib/gcc/arm-none-eabi/4.7.3/../../../../arm-none-eabi/lib/armv6-m/crt0.o (exit)
c:/program files (x86)/cypress/psoc creator/3.0/psoc creator/import/gnu_cs/arm/4.7.3/bin/../lib/gcc/arm-none-eabi/4.7.3/../../../../arm-none-eabi/lib/armv6-m\libc_s.a(lib_a-fini.o)
                              c:/program files (x86)/cypress/psoc creator/3.0/psoc creator/import/gnu_cs/arm/4.7.3/bin/../lib/gcc/arm-none-eabi/4.7.3/../../../../arm-none-eabi/lib/armv6-m/crt0.o (__libc_fini_array)
c:/program files (x86)/cypress/psoc creator/3.0/psoc creator/import/gnu_cs/arm/4.7.3/bin/../lib/gcc/arm-none-eabi/4.7.3/../../../../arm-none-eabi/lib/armv6-m\libc_s.a(lib_a-impure.o)
                              c:/program files (x86)/cypress/psoc creator/3.0/psoc creator/import/gnu_cs/arm/4.7.3/bin/../lib/gcc/arm-none-eabi/4.7.3/../../../../arm-none-eabi/lib/armv6-m\libc_s.a(lib_a-exit.o) (_global_impure_ptr)
c:/program files (x86)/cypress/psoc creator/3.0/psoc creator/import/gnu_cs/arm/4.7.3/bin/../lib/gcc/arm-none-eabi/4.7.3/../../../../arm-none-eabi/lib/armv6-m\libc_s.a(lib_a-init.o)
                              c:/program files (x86)/cypress/psoc creator/3.0/psoc creator/import/gnu_cs/arm/4.7.3/bin/../lib/gcc/arm-none-eabi/4.7.3/../../../../arm-none-eabi/lib/armv6-m/crt0.o (__libc_init_array)
c:/program files (x86)/cypress/psoc creator/3.0/psoc creator/import/gnu_cs/arm/4.7.3/bin/../lib/gcc/arm-none-eabi/4.7.3/../../../../arm-none-eabi/lib/armv6-m\libc_s.a(lib_a-memcpy.o)
                              .\CortexM0\ARM_GCC_473\Debug\main.o (memcpy)
c:/program files (x86)/cypress/psoc creator/3.0/psoc creator/import/gnu_cs/arm/4.7.3/bin/../lib/gcc/arm-none-eabi/4.7.3/../../../../arm-none-eabi/lib/armv6-m\libc_s.a(lib_a-memset.o)
                              c:/program files (x86)/cypress/psoc creator/3.0/psoc creator/import/gnu_cs/arm/4.7.3/bin/../lib/gcc/arm-none-eabi/4.7.3/../../../../arm-none-eabi/lib/armv6-m/crt0.o (memset)
c:/program files (x86)/cypress/psoc creator/3.0/psoc creator/import/gnu_cs/arm/4.7.3/bin/../lib/gcc/arm-none-eabi/4.7.3/../../../../arm-none-eabi/lib/armv6-m\libc_s.a(lib_a-strlen.o)
                              .\CortexM0\ARM_GCC_473\Debug\cli_uart.o (strlen)

Allocating common symbols
Common symbol       size              file

SPIM_swStatusTx     0x1               .\CortexM0\ARM_GCC_473\Debug\spi_debug_tool.a(SPIM.o)
IntIsMasked         0x1               .\CortexM0\ARM_GCC_473\Debug\board.o
g_ucUARTBuffer      0x4               .\CortexM0\ARM_GCC_473\Debug\cli_uart.o
SPIM_swStatusRx     0x1               .\CortexM0\ARM_GCC_473\Debug\spi_debug_tool.a(SPIM.o)

Discarded input sections

 .text          0x00000000        0x0 c:/program files (x86)/cypress/psoc creator/3.0/psoc creator/import/gnu_cs/arm/4.7.3/bin/../lib/gcc/arm-none-eabi/4.7.3/armv6-m/crti.o
 .data          0x00000000        0x0 c:/program files (x86)/cypress/psoc creator/3.0/psoc creator/import/gnu_cs/arm/4.7.3/bin/../lib/gcc/arm-none-eabi/4.7.3/armv6-m/crti.o
 .bss           0x00000000        0x0 c:/program files (x86)/cypress/psoc creator/3.0/psoc creator/import/gnu_cs/arm/4.7.3/bin/../lib/gcc/arm-none-eabi/4.7.3/armv6-m/crti.o
 .data          0x00000000        0x4 c:/program files (x86)/cypress/psoc creator/3.0/psoc creator/import/gnu_cs/arm/4.7.3/bin/../lib/gcc/arm-none-eabi/4.7.3/armv6-m/crtbegin.o
 .text          0x00000000       0x74 c:/program files (x86)/cypress/psoc creator/3.0/psoc creator/import/gnu_cs/arm/4.7.3/bin/../lib/gcc/arm-none-eabi/4.7.3/../../../../arm-none-eabi/lib/armv6-m/crt0.o
 .data          0x00000000        0x0 c:/program files (x86)/cypress/psoc creator/3.0/psoc creator/import/gnu_cs/arm/4.7.3/bin/../lib/gcc/arm-none-eabi/4.7.3/../../../../arm-none-eabi/lib/armv6-m/crt0.o
 .bss           0x00000000        0x0 c:/program files (x86)/cypress/psoc creator/3.0/psoc creator/import/gnu_cs/arm/4.7.3/bin/../lib/gcc/arm-none-eabi/4.7.3/../../../../arm-none-eabi/lib/armv6-m/crt0.o
 .ARM.extab     0x00000000        0x0 c:/program files (x86)/cypress/psoc creator/3.0/psoc creator/import/gnu_cs/arm/4.7.3/bin/../lib/gcc/arm-none-eabi/4.7.3/../../../../arm-none-eabi/lib/armv6-m/crt0.o
 .ARM.exidx     0x00000000        0x8 c:/program files (x86)/cypress/psoc creator/3.0/psoc creator/import/gnu_cs/arm/4.7.3/bin/../lib/gcc/arm-none-eabi/4.7.3/../../../../arm-none-eabi/lib/armv6-m/crt0.o
 .text          0x00000000        0x0 .\CortexM0\ARM_GCC_473\Debug\main.o
 .data          0x00000000        0x0 .\CortexM0\ARM_GCC_473\Debug\main.o
 .text          0x00000000        0x0 .\CortexM0\ARM_GCC_473\Debug\board.o
 .data          0x00000000        0x0 .\CortexM0\ARM_GCC_473\Debug\board.o
 .text.CC3100_InterruptDisable
                0x00000000       0x10 .\CortexM0\ARM_GCC_473\Debug\board.o
 .text.MaskIntHdlr
                0x00000000       0x14 .\CortexM0\ARM_GCC_473\Debug\board.o
 .text.UnMaskIntHdlr
                0x00000000       0x14 .\CortexM0\ARM_GCC_473\Debug\board.o
 .text.initLEDs
                0x00000000       0x14 .\CortexM0\ARM_GCC_473\Debug\board.o
 .text.turnLedOn
                0x00000000       0x30 .\CortexM0\ARM_GCC_473\Debug\board.o
 .text.turnLedOff
                0x00000000       0x30 .\CortexM0\ARM_GCC_473\Debug\board.o
 .text.toggleLed
                0x00000000       0x44 .\CortexM0\ARM_GCC_473\Debug\board.o
 .text.GetLEDStatus
                0x00000000       0x54 .\CortexM0\ARM_GCC_473\Debug\board.o
 .text.initAntSelGPIO
                0x00000000        0x8 .\CortexM0\ARM_GCC_473\Debug\board.o
 .text.SelAntenna
                0x00000000       0x10 .\CortexM0\ARM_GCC_473\Debug\board.o
 .text.Delay    0x00000000       0x28 .\CortexM0\ARM_GCC_473\Debug\board.o
 COMMON         0x00000000        0x1 .\CortexM0\ARM_GCC_473\Debug\board.o
 .text          0x00000000        0x0 .\CortexM0\ARM_GCC_473\Debug\cli_uart.o
 .data          0x00000000        0x0 .\CortexM0\ARM_GCC_473\Debug\cli_uart.o
 .bss           0x00000000        0x4 .\CortexM0\ARM_GCC_473\Debug\cli_uart.o
 .text.CLI_Read
                0x00000000       0x38 .\CortexM0\ARM_GCC_473\Debug\cli_uart.o
 COMMON         0x00000000        0x4 .\CortexM0\ARM_GCC_473\Debug\cli_uart.o
 .text          0x00000000        0x0 .\CortexM0\ARM_GCC_473\Debug\spi.o
 .data          0x00000000        0x0 .\CortexM0\ARM_GCC_473\Debug\spi.o
 .bss           0x00000000        0x0 .\CortexM0\ARM_GCC_473\Debug\spi.o
 .text.spi_Close
                0x00000000       0x1c .\CortexM0\ARM_GCC_473\Debug\spi.o
 .text          0x00000000        0x0 .\CortexM0\ARM_GCC_473\Debug\cymetadata.o
 .data          0x00000000        0x0 .\CortexM0\ARM_GCC_473\Debug\cymetadata.o
 .bss           0x00000000        0x0 .\CortexM0\ARM_GCC_473\Debug\cymetadata.o
 .text          0x00000000        0x0 .\CortexM0\ARM_GCC_473\Debug\Cm0Start.o
 .data          0x00000000        0x0 .\CortexM0\ARM_GCC_473\Debug\Cm0Start.o
 .bss           0x00000000        0x0 .\CortexM0\ARM_GCC_473\Debug\Cm0Start.o
 .text._exit    0x00000000       0x28 .\CortexM0\ARM_GCC_473\Debug\Cm0Start.o
 .text          0x00000000        0x0 .\CortexM0\ARM_GCC_473\Debug\spi_debug_tool.a(cyfitter_cfg.o)
 .bss           0x00000000        0x0 .\CortexM0\ARM_GCC_473\Debug\spi_debug_tool.a(cyfitter_cfg.o)
 .text.CYCONFIGCPY
                0x00000000       0x24 .\CortexM0\ARM_GCC_473\Debug\spi_debug_tool.a(cyfitter_cfg.o)
 .text          0x00000000        0x0 .\CortexM0\ARM_GCC_473\Debug\spi_debug_tool.a(LED_GREEN.o)
 .data          0x00000000        0x0 .\CortexM0\ARM_GCC_473\Debug\spi_debug_tool.a(LED_GREEN.o)
 .bss           0x00000000        0x0 .\CortexM0\ARM_GCC_473\Debug\spi_debug_tool.a(LED_GREEN.o)
 .text.LED_GREEN_Write
                0x00000000       0x4c .\CortexM0\ARM_GCC_473\Debug\spi_debug_tool.a(LED_GREEN.o)
 .text.LED_GREEN_SetDriveMode
                0x00000000       0x30 .\CortexM0\ARM_GCC_473\Debug\spi_debug_tool.a(LED_GREEN.o)
 .text.LED_GREEN_Read
                0x00000000       0x1c .\CortexM0\ARM_GCC_473\Debug\spi_debug_tool.a(LED_GREEN.o)
 .text.LED_GREEN_ReadDataReg
                0x00000000       0x1c .\CortexM0\ARM_GCC_473\Debug\spi_debug_tool.a(LED_GREEN.o)
 .text.LED_GREEN_ClearInterrupt
                0x00000000       0x30 .\CortexM0\ARM_GCC_473\Debug\spi_debug_tool.a(LED_GREEN.o)
 .text          0x00000000        0x0 .\CortexM0\ARM_GCC_473\Debug\spi_debug_tool.a(UART_1.o)
 .data          0x00000000        0x0 .\CortexM0\ARM_GCC_473\Debug\spi_debug_tool.a(UART_1.o)
 .text.UART_1_Stop
                0x00000000       0x1c .\CortexM0\ARM_GCC_473\Debug\spi_debug_tool.a(UART_1.o)
 .text.UART_1_SetCustomInterruptHandler
                0x00000000       0x18 .\CortexM0\ARM_GCC_473\Debug\spi_debug_tool.a(UART_1.o)
 .text.UART_1_ScbModeStop
                0x00000000        0x8 .\CortexM0\ARM_GCC_473\Debug\spi_debug_tool.a(UART_1.o)
 .text          0x00000000        0x0 .\CortexM0\ARM_GCC_473\Debug\spi_debug_tool.a(UART_1_SPI_UART.o)
 .data          0x00000000        0x0 .\CortexM0\ARM_GCC_473\Debug\spi_debug_tool.a(UART_1_SPI_UART.o)
 .bss           0x00000000        0x0 .\CortexM0\ARM_GCC_473\Debug\spi_debug_tool.a(UART_1_SPI_UART.o)
 .text.UART_1_SpiUartReadRxData
                0x00000000       0x20 .\CortexM0\ARM_GCC_473\Debug\spi_debug_tool.a(UART_1_SPI_UART.o)
 .text.UART_1_SpiUartGetRxBufferSize
                0x00000000       0x20 .\CortexM0\ARM_GCC_473\Debug\spi_debug_tool.a(UART_1_SPI_UART.o)
 .text.UART_1_SpiUartClearRxBuffer
                0x00000000       0x2c .\CortexM0\ARM_GCC_473\Debug\spi_debug_tool.a(UART_1_SPI_UART.o)
 .text.UART_1_SpiUartPutArray
                0x00000000       0x34 .\CortexM0\ARM_GCC_473\Debug\spi_debug_tool.a(UART_1_SPI_UART.o)
 .text.UART_1_SpiUartGetTxBufferSize
                0x00000000       0x20 .\CortexM0\ARM_GCC_473\Debug\spi_debug_tool.a(UART_1_SPI_UART.o)
 .text.UART_1_SpiUartClearTxBuffer
                0x00000000       0x2c .\CortexM0\ARM_GCC_473\Debug\spi_debug_tool.a(UART_1_SPI_UART.o)
 .text.UART_1_SpiUartDisableIntRx
                0x00000000       0x20 .\CortexM0\ARM_GCC_473\Debug\spi_debug_tool.a(UART_1_SPI_UART.o)
 .text.UART_1_SpiUartDisableIntTx
                0x00000000       0x20 .\CortexM0\ARM_GCC_473\Debug\spi_debug_tool.a(UART_1_SPI_UART.o)
 .text          0x00000000        0x0 .\CortexM0\ARM_GCC_473\Debug\spi_debug_tool.a(UART_1_UART.o)
 .data          0x00000000        0x0 .\CortexM0\ARM_GCC_473\Debug\spi_debug_tool.a(UART_1_UART.o)
 .bss           0x00000000        0x0 .\CortexM0\ARM_GCC_473\Debug\spi_debug_tool.a(UART_1_UART.o)
 .text.UART_1_UartSetRxAddress
                0x00000000       0x34 .\CortexM0\ARM_GCC_473\Debug\spi_debug_tool.a(UART_1_UART.o)
 .text.UART_1_UartSetRxAddressMask
                0x00000000       0x34 .\CortexM0\ARM_GCC_473\Debug\spi_debug_tool.a(UART_1_UART.o)
 .text.UART_1_UartGetChar
                0x00000000       0x44 .\CortexM0\ARM_GCC_473\Debug\spi_debug_tool.a(UART_1_UART.o)
 .text.UART_1_UartGetByte
                0x00000000       0x68 .\CortexM0\ARM_GCC_473\Debug\spi_debug_tool.a(UART_1_UART.o)
 .text.UART_1_UartPutString
                0x00000000       0x34 .\CortexM0\ARM_GCC_473\Debug\spi_debug_tool.a(UART_1_UART.o)
 .text.UART_1_UartPutCRLF
                0x00000000       0x24 .\CortexM0\ARM_GCC_473\Debug\spi_debug_tool.a(UART_1_UART.o)
 .text          0x00000000        0x0 .\CortexM0\ARM_GCC_473\Debug\spi_debug_tool.a(nHIB.o)
 .data          0x00000000        0x0 .\CortexM0\ARM_GCC_473\Debug\spi_debug_tool.a(nHIB.o)
 .bss           0x00000000        0x0 .\CortexM0\ARM_GCC_473\Debug\spi_debug_tool.a(nHIB.o)
 .text.nHIB_SetDriveMode
                0x00000000       0x30 .\CortexM0\ARM_GCC_473\Debug\spi_debug_tool.a(nHIB.o)
 .text.nHIB_Read
                0x00000000       0x1c .\CortexM0\ARM_GCC_473\Debug\spi_debug_tool.a(nHIB.o)
 .text.nHIB_ReadDataReg
                0x00000000       0x1c .\CortexM0\ARM_GCC_473\Debug\spi_debug_tool.a(nHIB.o)
 .text.nHIB_ClearInterrupt
                0x00000000       0x30 .\CortexM0\ARM_GCC_473\Debug\spi_debug_tool.a(nHIB.o)
 .text          0x00000000        0x0 .\CortexM0\ARM_GCC_473\Debug\spi_debug_tool.a(LED_BLUE.o)
 .data          0x00000000        0x0 .\CortexM0\ARM_GCC_473\Debug\spi_debug_tool.a(LED_BLUE.o)
 .bss           0x00000000        0x0 .\CortexM0\ARM_GCC_473\Debug\spi_debug_tool.a(LED_BLUE.o)
 .text.LED_BLUE_Write
                0x00000000       0x4c .\CortexM0\ARM_GCC_473\Debug\spi_debug_tool.a(LED_BLUE.o)
 .text.LED_BLUE_SetDriveMode
                0x00000000       0x30 .\CortexM0\ARM_GCC_473\Debug\spi_debug_tool.a(LED_BLUE.o)
 .text.LED_BLUE_Read
                0x00000000       0x1c .\CortexM0\ARM_GCC_473\Debug\spi_debug_tool.a(LED_BLUE.o)
 .text.LED_BLUE_ReadDataReg
                0x00000000       0x1c .\CortexM0\ARM_GCC_473\Debug\spi_debug_tool.a(LED_BLUE.o)
 .text.LED_BLUE_ClearInterrupt
                0x00000000       0x30 .\CortexM0\ARM_GCC_473\Debug\spi_debug_tool.a(LED_BLUE.o)
 .text          0x00000000        0x0 .\CortexM0\ARM_GCC_473\Debug\spi_debug_tool.a(isr_1.o)
 .data          0x00000000        0x0 .\CortexM0\ARM_GCC_473\Debug\spi_debug_tool.a(isr_1.o)
 .bss           0x00000000        0x0 .\CortexM0\ARM_GCC_473\Debug\spi_debug_tool.a(isr_1.o)
 .text.isr_1_StartEx
                0x00000000       0x24 .\CortexM0\ARM_GCC_473\Debug\spi_debug_tool.a(isr_1.o)
 .text.isr_1_Stop
                0x00000000       0x18 .\CortexM0\ARM_GCC_473\Debug\spi_debug_tool.a(isr_1.o)
 .text.isr_1_GetVector
                0x00000000       0x14 .\CortexM0\ARM_GCC_473\Debug\spi_debug_tool.a(isr_1.o)
 .text.isr_1_GetPriority
                0x00000000       0x2c .\CortexM0\ARM_GCC_473\Debug\spi_debug_tool.a(isr_1.o)
 .text.isr_1_GetState
                0x00000000       0x1c .\CortexM0\ARM_GCC_473\Debug\spi_debug_tool.a(isr_1.o)
 .text.isr_1_SetPending
                0x00000000       0x14 .\CortexM0\ARM_GCC_473\Debug\spi_debug_tool.a(isr_1.o)
 .text.isr_1_ClearPending
                0x00000000       0x14 .\CortexM0\ARM_GCC_473\Debug\spi_debug_tool.a(isr_1.o)
 .text          0x00000000        0x0 .\CortexM0\ARM_GCC_473\Debug\spi_debug_tool.a(IRQ_Pin.o)
 .data          0x00000000        0x0 .\CortexM0\ARM_GCC_473\Debug\spi_debug_tool.a(IRQ_Pin.o)
 .bss           0x00000000        0x0 .\CortexM0\ARM_GCC_473\Debug\spi_debug_tool.a(IRQ_Pin.o)
 .text.IRQ_Pin_Write
                0x00000000       0x48 .\CortexM0\ARM_GCC_473\Debug\spi_debug_tool.a(IRQ_Pin.o)
 .text.IRQ_Pin_SetDriveMode
                0x00000000       0x2c .\CortexM0\ARM_GCC_473\Debug\spi_debug_tool.a(IRQ_Pin.o)
 .text.IRQ_Pin_Read
                0x00000000       0x1c .\CortexM0\ARM_GCC_473\Debug\spi_debug_tool.a(IRQ_Pin.o)
 .text.IRQ_Pin_ReadDataReg
                0x00000000       0x1c .\CortexM0\ARM_GCC_473\Debug\spi_debug_tool.a(IRQ_Pin.o)
 .text          0x00000000        0x0 .\CortexM0\ARM_GCC_473\Debug\spi_debug_tool.a(SPIM.o)
 .data          0x00000000        0x0 .\CortexM0\ARM_GCC_473\Debug\spi_debug_tool.a(SPIM.o)
 .text.SPIM_Stop
                0x00000000       0x54 .\CortexM0\ARM_GCC_473\Debug\spi_debug_tool.a(SPIM.o)
 .text.SPIM_DisableTxInt
                0x00000000        0x8 .\CortexM0\ARM_GCC_473\Debug\spi_debug_tool.a(SPIM.o)
 .text.SPIM_DisableRxInt
                0x00000000        0x8 .\CortexM0\ARM_GCC_473\Debug\spi_debug_tool.a(SPIM.o)
 .text.SPIM_SetTxInterruptMode
                0x00000000       0x20 .\CortexM0\ARM_GCC_473\Debug\spi_debug_tool.a(SPIM.o)
 .text.SPIM_SetRxInterruptMode
                0x00000000       0x20 .\CortexM0\ARM_GCC_473\Debug\spi_debug_tool.a(SPIM.o)
 .text.SPIM_GetRxBufferSize
                0x00000000       0x30 .\CortexM0\ARM_GCC_473\Debug\spi_debug_tool.a(SPIM.o)
 .text.SPIM_GetTxBufferSize
                0x00000000       0x48 .\CortexM0\ARM_GCC_473\Debug\spi_debug_tool.a(SPIM.o)
 .text.SPIM_ClearRxBuffer
                0x00000000       0x24 .\CortexM0\ARM_GCC_473\Debug\spi_debug_tool.a(SPIM.o)
 .text.SPIM_ClearTxBuffer
                0x00000000       0x44 .\CortexM0\ARM_GCC_473\Debug\spi_debug_tool.a(SPIM.o)
 .text.SPIM_PutArray
                0x00000000       0x50 .\CortexM0\ARM_GCC_473\Debug\spi_debug_tool.a(SPIM.o)
 .text.SPIM_EnableInt
                0x00000000       0x10 .\CortexM0\ARM_GCC_473\Debug\spi_debug_tool.a(SPIM.o)
 .text.SPIM_DisableInt
                0x00000000       0x10 .\CortexM0\ARM_GCC_473\Debug\spi_debug_tool.a(SPIM.o)
 .text.SPIM_SetInterruptMode
                0x00000000       0x30 .\CortexM0\ARM_GCC_473\Debug\spi_debug_tool.a(SPIM.o)
 .text.SPIM_ReadStatus
                0x00000000       0x40 .\CortexM0\ARM_GCC_473\Debug\spi_debug_tool.a(SPIM.o)
 COMMON         0x00000000        0x2 .\CortexM0\ARM_GCC_473\Debug\spi_debug_tool.a(SPIM.o)
 .text          0x00000000        0x0 .\CortexM0\ARM_GCC_473\Debug\spi_debug_tool.a(m_ss_pin.o)
 .data          0x00000000        0x0 .\CortexM0\ARM_GCC_473\Debug\spi_debug_tool.a(m_ss_pin.o)
 .bss           0x00000000        0x0 .\CortexM0\ARM_GCC_473\Debug\spi_debug_tool.a(m_ss_pin.o)
 .text.m_ss_pin_SetDriveMode
                0x00000000       0x30 .\CortexM0\ARM_GCC_473\Debug\spi_debug_tool.a(m_ss_pin.o)
 .text.m_ss_pin_Read
                0x00000000       0x1c .\CortexM0\ARM_GCC_473\Debug\spi_debug_tool.a(m_ss_pin.o)
 .text.m_ss_pin_ReadDataReg
                0x00000000       0x1c .\CortexM0\ARM_GCC_473\Debug\spi_debug_tool.a(m_ss_pin.o)
 .text.m_ss_pin_ClearInterrupt
                0x00000000       0x30 .\CortexM0\ARM_GCC_473\Debug\spi_debug_tool.a(m_ss_pin.o)
 .text          0x00000000        0x0 .\CortexM0\ARM_GCC_473\Debug\spi_debug_tool.a(SPIM_IntClock.o)
 .data          0x00000000        0x0 .\CortexM0\ARM_GCC_473\Debug\spi_debug_tool.a(SPIM_IntClock.o)
 .bss           0x00000000        0x0 .\CortexM0\ARM_GCC_473\Debug\spi_debug_tool.a(SPIM_IntClock.o)
 .text.SPIM_IntClock_Stop
                0x00000000       0x18 .\CortexM0\ARM_GCC_473\Debug\spi_debug_tool.a(SPIM_IntClock.o)
 .text.SPIM_IntClock_SetFractionalDividerRegister
                0x00000000       0x38 .\CortexM0\ARM_GCC_473\Debug\spi_debug_tool.a(SPIM_IntClock.o)
 .text.SPIM_IntClock_GetDividerRegister
                0x00000000       0x14 .\CortexM0\ARM_GCC_473\Debug\spi_debug_tool.a(SPIM_IntClock.o)
 .text.SPIM_IntClock_GetFractionalDividerRegister
                0x00000000        0xc .\CortexM0\ARM_GCC_473\Debug\spi_debug_tool.a(SPIM_IntClock.o)
 .data          0x00000000        0x0 .\CortexM0\ARM_GCC_473\Debug\spi_debug_tool.a(CyBootAsmGnu.o)
 .bss           0x00000000        0x0 .\CortexM0\ARM_GCC_473\Debug\spi_debug_tool.a(CyBootAsmGnu.o)
 .text          0x00000000        0x0 .\CortexM0\ARM_GCC_473\Debug\spi_debug_tool.a(CyLib.o)
 .bss           0x00000000        0x0 .\CortexM0\ARM_GCC_473\Debug\spi_debug_tool.a(CyLib.o)
 .text.CySysClkImoStop
                0x00000000       0x18 .\CortexM0\ARM_GCC_473\Debug\spi_debug_tool.a(CyLib.o)
 .text.CySysClkIloStop
                0x00000000       0x18 .\CortexM0\ARM_GCC_473\Debug\spi_debug_tool.a(CyLib.o)
 .text.CySysClkWriteHfclkDirect
                0x00000000       0x44 .\CortexM0\ARM_GCC_473\Debug\spi_debug_tool.a(CyLib.o)
 .text.CySysClkWriteSysclkDiv
                0x00000000       0x44 .\CortexM0\ARM_GCC_473\Debug\spi_debug_tool.a(CyLib.o)
 .text.CySysWdtLock
                0x00000000       0x44 .\CortexM0\ARM_GCC_473\Debug\spi_debug_tool.a(CyLib.o)
 .text.CySysWdtUnlock
                0x00000000       0x5c .\CortexM0\ARM_GCC_473\Debug\spi_debug_tool.a(CyLib.o)
 .text.CySysWdtReadEnabledStatus
                0x00000000       0x30 .\CortexM0\ARM_GCC_473\Debug\spi_debug_tool.a(CyLib.o)
 .text.CySysWdtWriteMode
                0x00000000       0x70 .\CortexM0\ARM_GCC_473\Debug\spi_debug_tool.a(CyLib.o)
 .text.CySysWdtReadMode
                0x00000000       0x24 .\CortexM0\ARM_GCC_473\Debug\spi_debug_tool.a(CyLib.o)
 .text.CySysWdtWriteClearOnMatch
                0x00000000       0x68 .\CortexM0\ARM_GCC_473\Debug\spi_debug_tool.a(CyLib.o)
 .text.CySysWdtReadClearOnMatch
                0x00000000       0x40 .\CortexM0\ARM_GCC_473\Debug\spi_debug_tool.a(CyLib.o)
 .text.CySysWdtEnable
                0x00000000       0x30 .\CortexM0\ARM_GCC_473\Debug\spi_debug_tool.a(CyLib.o)
 .text.CySysWdtWriteCascade
                0x00000000       0x68 .\CortexM0\ARM_GCC_473\Debug\spi_debug_tool.a(CyLib.o)
 .text.CySysWdtReadCascade
                0x00000000       0x1c .\CortexM0\ARM_GCC_473\Debug\spi_debug_tool.a(CyLib.o)
 .text.CySysWdtWriteMatch
                0x00000000       0x74 .\CortexM0\ARM_GCC_473\Debug\spi_debug_tool.a(CyLib.o)
 .text.CySysWdtWriteToggleBit
                0x00000000       0x54 .\CortexM0\ARM_GCC_473\Debug\spi_debug_tool.a(CyLib.o)
 .text.CySysWdtReadToggleBit
                0x00000000       0x18 .\CortexM0\ARM_GCC_473\Debug\spi_debug_tool.a(CyLib.o)
 .text.CySysWdtReadMatch
                0x00000000       0x44 .\CortexM0\ARM_GCC_473\Debug\spi_debug_tool.a(CyLib.o)
 .text.CySysWdtReadCount
                0x00000000       0x54 .\CortexM0\ARM_GCC_473\Debug\spi_debug_tool.a(CyLib.o)
 .text.CySysWdtGetInterruptSource
                0x00000000       0x1c .\CortexM0\ARM_GCC_473\Debug\spi_debug_tool.a(CyLib.o)
 .text.CySysWdtClearInterrupt
                0x00000000       0xb8 .\CortexM0\ARM_GCC_473\Debug\spi_debug_tool.a(CyLib.o)
 .text.CySysWdtResetCounters
                0x00000000       0x38 .\CortexM0\ARM_GCC_473\Debug\spi_debug_tool.a(CyLib.o)
 .text.CySysLvdEnable
                0x00000000       0x48 .\CortexM0\ARM_GCC_473\Debug\spi_debug_tool.a(CyLib.o)
 .text.CySysLvdDisable
                0x00000000       0x28 .\CortexM0\ARM_GCC_473\Debug\spi_debug_tool.a(CyLib.o)
 .text.CySysLvdGetInterruptSource
                0x00000000       0x18 .\CortexM0\ARM_GCC_473\Debug\spi_debug_tool.a(CyLib.o)
 .text.CySysLvdClearInterrupt
                0x00000000       0x14 .\CortexM0\ARM_GCC_473\Debug\spi_debug_tool.a(CyLib.o)
 .text.CySysGetResetReason
                0x00000000       0x30 .\CortexM0\ARM_GCC_473\Debug\spi_debug_tool.a(CyLib.o)
 .text.CyDisableInts
                0x00000000       0x24 .\CortexM0\ARM_GCC_473\Debug\spi_debug_tool.a(CyLib.o)
 .text.CyEnableInts
                0x00000000       0x18 .\CortexM0\ARM_GCC_473\Debug\spi_debug_tool.a(CyLib.o)
 .text.CyIntSetSysVector
                0x00000000       0x48 .\CortexM0\ARM_GCC_473\Debug\spi_debug_tool.a(CyLib.o)
 .text.CyIntGetSysVector
                0x00000000       0x34 .\CortexM0\ARM_GCC_473\Debug\spi_debug_tool.a(CyLib.o)
 .text.CyIntSetVector
                0x00000000       0x4c .\CortexM0\ARM_GCC_473\Debug\spi_debug_tool.a(CyLib.o)
 .text.CyIntGetVector
                0x00000000       0x38 .\CortexM0\ARM_GCC_473\Debug\spi_debug_tool.a(CyLib.o)
 .text.CyIntSetPriority
                0x00000000       0xa8 .\CortexM0\ARM_GCC_473\Debug\spi_debug_tool.a(CyLib.o)
 .text.CyIntGetPriority
                0x00000000       0x58 .\CortexM0\ARM_GCC_473\Debug\spi_debug_tool.a(CyLib.o)
 .text.CyIntEnable
                0x00000000       0x2c .\CortexM0\ARM_GCC_473\Debug\spi_debug_tool.a(CyLib.o)
 .text.CyIntGetState
                0x00000000       0x34 .\CortexM0\ARM_GCC_473\Debug\spi_debug_tool.a(CyLib.o)
 .text.CyIntDisable
                0x00000000       0x2c .\CortexM0\ARM_GCC_473\Debug\spi_debug_tool.a(CyLib.o)
 .text.CyIntSetPending
                0x00000000       0x2c .\CortexM0\ARM_GCC_473\Debug\spi_debug_tool.a(CyLib.o)
 .text.CyIntClearPending
                0x00000000       0x2c .\CortexM0\ARM_GCC_473\Debug\spi_debug_tool.a(CyLib.o)
 .text.CySoftwareReset
                0x00000000       0x20 .\CortexM0\ARM_GCC_473\Debug\spi_debug_tool.a(CyLib.o)
 .text.CyDelayFreq
                0x00000000       0x80 .\CortexM0\ARM_GCC_473\Debug\spi_debug_tool.a(CyLib.o)
 .text          0x00000000       0x9c c:/program files (x86)/cypress/psoc creator/3.0/psoc creator/import/gnu_cs/arm/4.7.3/bin/../lib/gcc/arm-none-eabi/4.7.3/armv6-m\libgcc.a(_udivsi3.o)
 .data          0x00000000        0x0 c:/program files (x86)/cypress/psoc creator/3.0/psoc creator/import/gnu_cs/arm/4.7.3/bin/../lib/gcc/arm-none-eabi/4.7.3/armv6-m\libgcc.a(_udivsi3.o)
 .bss           0x00000000        0x0 c:/program files (x86)/cypress/psoc creator/3.0/psoc creator/import/gnu_cs/arm/4.7.3/bin/../lib/gcc/arm-none-eabi/4.7.3/armv6-m\libgcc.a(_udivsi3.o)
 .text          0x00000000       0xc0 c:/program files (x86)/cypress/psoc creator/3.0/psoc creator/import/gnu_cs/arm/4.7.3/bin/../lib/gcc/arm-none-eabi/4.7.3/armv6-m\libgcc.a(_divsi3.o)
 .data          0x00000000        0x0 c:/program files (x86)/cypress/psoc creator/3.0/psoc creator/import/gnu_cs/arm/4.7.3/bin/../lib/gcc/arm-none-eabi/4.7.3/armv6-m\libgcc.a(_divsi3.o)
 .bss           0x00000000        0x0 c:/program files (x86)/cypress/psoc creator/3.0/psoc creator/import/gnu_cs/arm/4.7.3/bin/../lib/gcc/arm-none-eabi/4.7.3/armv6-m\libgcc.a(_divsi3.o)
 .text          0x00000000        0x4 c:/program files (x86)/cypress/psoc creator/3.0/psoc creator/import/gnu_cs/arm/4.7.3/bin/../lib/gcc/arm-none-eabi/4.7.3/armv6-m\libgcc.a(_dvmd_tls.o)
 .data          0x00000000        0x0 c:/program files (x86)/cypress/psoc creator/3.0/psoc creator/import/gnu_cs/arm/4.7.3/bin/../lib/gcc/arm-none-eabi/4.7.3/armv6-m\libgcc.a(_dvmd_tls.o)
 .bss           0x00000000        0x0 c:/program files (x86)/cypress/psoc creator/3.0/psoc creator/import/gnu_cs/arm/4.7.3/bin/../lib/gcc/arm-none-eabi/4.7.3/armv6-m\libgcc.a(_dvmd_tls.o)
 .text          0x00000000        0x0 c:/program files (x86)/cypress/psoc creator/3.0/psoc creator/import/gnu_cs/arm/4.7.3/bin/../lib/gcc/arm-none-eabi/4.7.3/../../../../arm-none-eabi/lib/armv6-m\libc_s.a(lib_a-__atexit2.o)
 .data          0x00000000        0x0 c:/program files (x86)/cypress/psoc creator/3.0/psoc creator/import/gnu_cs/arm/4.7.3/bin/../lib/gcc/arm-none-eabi/4.7.3/../../../../arm-none-eabi/lib/armv6-m\libc_s.a(lib_a-__atexit2.o)
 .bss           0x00000000        0x0 c:/program files (x86)/cypress/psoc creator/3.0/psoc creator/import/gnu_cs/arm/4.7.3/bin/../lib/gcc/arm-none-eabi/4.7.3/../../../../arm-none-eabi/lib/armv6-m\libc_s.a(lib_a-__atexit2.o)
 .text.__register_exitproc
                0x00000000       0x18 c:/program files (x86)/cypress/psoc creator/3.0/psoc creator/import/gnu_cs/arm/4.7.3/bin/../lib/gcc/arm-none-eabi/4.7.3/../../../../arm-none-eabi/lib/armv6-m\libc_s.a(lib_a-__atexit2.o)
 .text          0x00000000        0x0 c:/program files (x86)/cypress/psoc creator/3.0/psoc creator/import/gnu_cs/arm/4.7.3/bin/../lib/gcc/arm-none-eabi/4.7.3/../../../../arm-none-eabi/lib/armv6-m\libc_s.a(lib_a-exit.o)
 .data          0x00000000        0x0 c:/program files (x86)/cypress/psoc creator/3.0/psoc creator/import/gnu_cs/arm/4.7.3/bin/../lib/gcc/arm-none-eabi/4.7.3/../../../../arm-none-eabi/lib/armv6-m\libc_s.a(lib_a-exit.o)
 .bss           0x00000000        0x0 c:/program files (x86)/cypress/psoc creator/3.0/psoc creator/import/gnu_cs/arm/4.7.3/bin/../lib/gcc/arm-none-eabi/4.7.3/../../../../arm-none-eabi/lib/armv6-m\libc_s.a(lib_a-exit.o)
 .text.exit     0x00000000       0x30 c:/program files (x86)/cypress/psoc creator/3.0/psoc creator/import/gnu_cs/arm/4.7.3/bin/../lib/gcc/arm-none-eabi/4.7.3/../../../../arm-none-eabi/lib/armv6-m\libc_s.a(lib_a-exit.o)
 .text          0x00000000        0x0 c:/program files (x86)/cypress/psoc creator/3.0/psoc creator/import/gnu_cs/arm/4.7.3/bin/../lib/gcc/arm-none-eabi/4.7.3/../../../../arm-none-eabi/lib/armv6-m\libc_s.a(lib_a-fini.o)
 .data          0x00000000        0x0 c:/program files (x86)/cypress/psoc creator/3.0/psoc creator/import/gnu_cs/arm/4.7.3/bin/../lib/gcc/arm-none-eabi/4.7.3/../../../../arm-none-eabi/lib/armv6-m\libc_s.a(lib_a-fini.o)
 .bss           0x00000000        0x0 c:/program files (x86)/cypress/psoc creator/3.0/psoc creator/import/gnu_cs/arm/4.7.3/bin/../lib/gcc/arm-none-eabi/4.7.3/../../../../arm-none-eabi/lib/armv6-m\libc_s.a(lib_a-fini.o)
 .text.__libc_fini_array
                0x00000000       0x2c c:/program files (x86)/cypress/psoc creator/3.0/psoc creator/import/gnu_cs/arm/4.7.3/bin/../lib/gcc/arm-none-eabi/4.7.3/../../../../arm-none-eabi/lib/armv6-m\libc_s.a(lib_a-fini.o)
 .text          0x00000000        0x0 c:/program files (x86)/cypress/psoc creator/3.0/psoc creator/import/gnu_cs/arm/4.7.3/bin/../lib/gcc/arm-none-eabi/4.7.3/../../../../arm-none-eabi/lib/armv6-m\libc_s.a(lib_a-impure.o)
 .data          0x00000000        0x0 c:/program files (x86)/cypress/psoc creator/3.0/psoc creator/import/gnu_cs/arm/4.7.3/bin/../lib/gcc/arm-none-eabi/4.7.3/../../../../arm-none-eabi/lib/armv6-m\libc_s.a(lib_a-impure.o)
 .bss           0x00000000        0x0 c:/program files (x86)/cypress/psoc creator/3.0/psoc creator/import/gnu_cs/arm/4.7.3/bin/../lib/gcc/arm-none-eabi/4.7.3/../../../../arm-none-eabi/lib/armv6-m\libc_s.a(lib_a-impure.o)
 .data.impure_data
                0x00000000       0x64 c:/program files (x86)/cypress/psoc creator/3.0/psoc creator/import/gnu_cs/arm/4.7.3/bin/../lib/gcc/arm-none-eabi/4.7.3/../../../../arm-none-eabi/lib/armv6-m\libc_s.a(lib_a-impure.o)
 .data._impure_ptr
                0x00000000        0x4 c:/program files (x86)/cypress/psoc creator/3.0/psoc creator/import/gnu_cs/arm/4.7.3/bin/../lib/gcc/arm-none-eabi/4.7.3/../../../../arm-none-eabi/lib/armv6-m\libc_s.a(lib_a-impure.o)
 .rodata.str1.1
                0x00000000        0x2 c:/program files (x86)/cypress/psoc creator/3.0/psoc creator/import/gnu_cs/arm/4.7.3/bin/../lib/gcc/arm-none-eabi/4.7.3/../../../../arm-none-eabi/lib/armv6-m\libc_s.a(lib_a-impure.o)
 .rodata._global_impure_ptr
                0x00000000        0x4 c:/program files (x86)/cypress/psoc creator/3.0/psoc creator/import/gnu_cs/arm/4.7.3/bin/../lib/gcc/arm-none-eabi/4.7.3/../../../../arm-none-eabi/lib/armv6-m\libc_s.a(lib_a-impure.o)
 .text          0x00000000        0x0 c:/program files (x86)/cypress/psoc creator/3.0/psoc creator/import/gnu_cs/arm/4.7.3/bin/../lib/gcc/arm-none-eabi/4.7.3/../../../../arm-none-eabi/lib/armv6-m\libc_s.a(lib_a-init.o)
 .data          0x00000000        0x0 c:/program files (x86)/cypress/psoc creator/3.0/psoc creator/import/gnu_cs/arm/4.7.3/bin/../lib/gcc/arm-none-eabi/4.7.3/../../../../arm-none-eabi/lib/armv6-m\libc_s.a(lib_a-init.o)
 .bss           0x00000000        0x0 c:/program files (x86)/cypress/psoc creator/3.0/psoc creator/import/gnu_cs/arm/4.7.3/bin/../lib/gcc/arm-none-eabi/4.7.3/../../../../arm-none-eabi/lib/armv6-m\libc_s.a(lib_a-init.o)
 .text          0x00000000        0x0 c:/program files (x86)/cypress/psoc creator/3.0/psoc creator/import/gnu_cs/arm/4.7.3/bin/../lib/gcc/arm-none-eabi/4.7.3/../../../../arm-none-eabi/lib/armv6-m\libc_s.a(lib_a-memcpy.o)
 .data          0x00000000        0x0 c:/program files (x86)/cypress/psoc creator/3.0/psoc creator/import/gnu_cs/arm/4.7.3/bin/../lib/gcc/arm-none-eabi/4.7.3/../../../../arm-none-eabi/lib/armv6-m\libc_s.a(lib_a-memcpy.o)
 .bss           0x00000000        0x0 c:/program files (x86)/cypress/psoc creator/3.0/psoc creator/import/gnu_cs/arm/4.7.3/bin/../lib/gcc/arm-none-eabi/4.7.3/../../../../arm-none-eabi/lib/armv6-m\libc_s.a(lib_a-memcpy.o)
 .text          0x00000000        0x0 c:/program files (x86)/cypress/psoc creator/3.0/psoc creator/import/gnu_cs/arm/4.7.3/bin/../lib/gcc/arm-none-eabi/4.7.3/../../../../arm-none-eabi/lib/armv6-m\libc_s.a(lib_a-memset.o)
 .data          0x00000000        0x0 c:/program files (x86)/cypress/psoc creator/3.0/psoc creator/import/gnu_cs/arm/4.7.3/bin/../lib/gcc/arm-none-eabi/4.7.3/../../../../arm-none-eabi/lib/armv6-m\libc_s.a(lib_a-memset.o)
 .bss           0x00000000        0x0 c:/program files (x86)/cypress/psoc creator/3.0/psoc creator/import/gnu_cs/arm/4.7.3/bin/../lib/gcc/arm-none-eabi/4.7.3/../../../../arm-none-eabi/lib/armv6-m\libc_s.a(lib_a-memset.o)
 .text          0x00000000        0x0 c:/program files (x86)/cypress/psoc creator/3.0/psoc creator/import/gnu_cs/arm/4.7.3/bin/../lib/gcc/arm-none-eabi/4.7.3/../../../../arm-none-eabi/lib/armv6-m\libc_s.a(lib_a-strlen.o)
 .data          0x00000000        0x0 c:/program files (x86)/cypress/psoc creator/3.0/psoc creator/import/gnu_cs/arm/4.7.3/bin/../lib/gcc/arm-none-eabi/4.7.3/../../../../arm-none-eabi/lib/armv6-m\libc_s.a(lib_a-strlen.o)
 .bss           0x00000000        0x0 c:/program files (x86)/cypress/psoc creator/3.0/psoc creator/import/gnu_cs/arm/4.7.3/bin/../lib/gcc/arm-none-eabi/4.7.3/../../../../arm-none-eabi/lib/armv6-m\libc_s.a(lib_a-strlen.o)
 .text          0x00000000        0x0 c:/program files (x86)/cypress/psoc creator/3.0/psoc creator/import/gnu_cs/arm/4.7.3/bin/../lib/gcc/arm-none-eabi/4.7.3/armv6-m/crtend.o
 .data          0x00000000        0x0 c:/program files (x86)/cypress/psoc creator/3.0/psoc creator/import/gnu_cs/arm/4.7.3/bin/../lib/gcc/arm-none-eabi/4.7.3/armv6-m/crtend.o
 .bss           0x00000000        0x0 c:/program files (x86)/cypress/psoc creator/3.0/psoc creator/import/gnu_cs/arm/4.7.3/bin/../lib/gcc/arm-none-eabi/4.7.3/armv6-m/crtend.o
 .text          0x00000000        0x0 c:/program files (x86)/cypress/psoc creator/3.0/psoc creator/import/gnu_cs/arm/4.7.3/bin/../lib/gcc/arm-none-eabi/4.7.3/armv6-m/crtn.o
 .data          0x00000000        0x0 c:/program files (x86)/cypress/psoc creator/3.0/psoc creator/import/gnu_cs/arm/4.7.3/bin/../lib/gcc/arm-none-eabi/4.7.3/armv6-m/crtn.o
 .bss           0x00000000        0x0 c:/program files (x86)/cypress/psoc creator/3.0/psoc creator/import/gnu_cs/arm/4.7.3/bin/../lib/gcc/arm-none-eabi/4.7.3/armv6-m/crtn.o

Memory Configuration

Name             Origin             Length             Attributes
rom              0x00000000         0x00008000         xr
ram              0x20000000         0x00001000         xrw
*default*        0x00000000         0xffffffff

Linker script and memory map

LOAD c:/program files (x86)/cypress/psoc creator/3.0/psoc creator/import/gnu_cs/arm/4.7.3/bin/../lib/gcc/arm-none-eabi/4.7.3/armv6-m/crti.o
LOAD c:/program files (x86)/cypress/psoc creator/3.0/psoc creator/import/gnu_cs/arm/4.7.3/bin/../lib/gcc/arm-none-eabi/4.7.3/armv6-m/crtbegin.o
LOAD c:/program files (x86)/cypress/psoc creator/3.0/psoc creator/import/gnu_cs/arm/4.7.3/bin/../lib/gcc/arm-none-eabi/4.7.3/../../../../arm-none-eabi/lib/armv6-m/crt0.o
START GROUP
LOAD .\CortexM0\ARM_GCC_473\Debug\main.o
LOAD .\CortexM0\ARM_GCC_473\Debug\board.o
LOAD .\CortexM0\ARM_GCC_473\Debug\cli_uart.o
LOAD .\CortexM0\ARM_GCC_473\Debug\spi.o
LOAD .\CortexM0\ARM_GCC_473\Debug\cymetadata.o
LOAD .\CortexM0\ARM_GCC_473\Debug\Cm0Start.o
LOAD .\CortexM0\ARM_GCC_473\Debug\spi_debug_tool.a
LOAD C:\Program Files (x86)\Cypress\PSoC Creator\3.0\PSoC Creator\psoc\content\cycomponentlibrary\CyComponentLibrary.cylib\CortexM0\ARM_GCC_473\Debug\CyComponentLibrary.a
END GROUP
START GROUP
LOAD c:/program files (x86)/cypress/psoc creator/3.0/psoc creator/import/gnu_cs/arm/4.7.3/bin/../lib/gcc/arm-none-eabi/4.7.3/armv6-m\libgcc.a
LOAD c:/program files (x86)/cypress/psoc creator/3.0/psoc creator/import/gnu_cs/arm/4.7.3/bin/../lib/gcc/arm-none-eabi/4.7.3/../../../../arm-none-eabi/lib/armv6-m\libc_s.a
END GROUP
LOAD c:/program files (x86)/cypress/psoc creator/3.0/psoc creator/import/gnu_cs/arm/4.7.3/bin/../lib/gcc/arm-none-eabi/4.7.3/armv6-m/crtend.o
LOAD c:/program files (x86)/cypress/psoc creator/3.0/psoc creator/import/gnu_cs/arm/4.7.3/bin/../lib/gcc/arm-none-eabi/4.7.3/armv6-m/crtn.o
START GROUP
LOAD c:/program files (x86)/cypress/psoc creator/3.0/psoc creator/import/gnu_cs/arm/4.7.3/bin/../lib/gcc/arm-none-eabi/4.7.3/armv6-m\libgcc.a
LOAD c:/program files (x86)/cypress/psoc creator/3.0/psoc creator/import/gnu_cs/arm/4.7.3/bin/../lib/gcc/arm-none-eabi/4.7.3/../../../../arm-none-eabi/lib/armv6-m\libc.a
LOAD c:/program files (x86)/cypress/psoc creator/3.0/psoc creator/import/gnu_cs/arm/4.7.3/bin/../lib/gcc/arm-none-eabi/4.7.3/../../../../arm-none-eabi/lib/armv6-m\libnosys.a
END GROUP
                0x00000000                CY_APPL_ORIGIN = 0x0
                0x00000080                CY_FLASH_ROW_SIZE = 0x80
                0x00000001                CY_APPL_NUM = 0x1
                0x00000040                CY_METADATA_SIZE = 0x40
                0x20000118                PROVIDE (__cy_heap_start, _end)
                0x00000001                PROVIDE (__cy_region_num, ((__cy_regions_end - __cy_regions) / 0x10))
                0x20001000                PROVIDE (__cy_stack, (ORIGIN (ram) + 0x1000))
                0x20000c00                PROVIDE (__cy_heap_end, (__cy_stack - 0x400))

.cybootloader   0x00000000        0x0
 *(.cybootloader)
                0x00000000                appl1_start = CY_APPL_ORIGIN?CY_APPL_ORIGIN:ALIGN (CY_FLASH_ROW_SIZE)
                0x00003f80                appl2_start = (appl1_start + ALIGN ((((0x8000 - appl1_start) - (0x2 * CY_FLASH_ROW_SIZE)) / 0x2), CY_FLASH_ROW_SIZE))
                0x00000000                appl_start = (CY_APPL_NUM == 0x1)?appl1_start:appl2_start

.text           0x00000000     0x135a
 CREATE_OBJECT_SYMBOLS
                0x00000000                PROVIDE (__cy_interrupt_vector, RomVectors)
 *(.romvectors)
 .romvectors    0x00000000       0x10 .\CortexM0\ARM_GCC_473\Debug\Cm0Start.o
                0x00000000                RomVectors
                0x00000001                ASSERT ((. != __cy_interrupt_vector), No interrupt vector)
                0x00000001                ASSERT (CY_APPL_ORIGIN?(SIZEOF (.cybootloader) <= CY_APPL_ORIGIN):0x1, Wrong image location)
                0x00000010                PROVIDE (__cy_reset, Reset)
 *(.text.Reset)
 .text.Reset    0x00000010        0x8 .\CortexM0\ARM_GCC_473\Debug\Cm0Start.o
                0x00000010                Reset
                0x00000001                ASSERT ((. != __cy_reset), No reset code)
 *(.psocinit)
 .psocinit      0x00000018      0x388 .\CortexM0\ARM_GCC_473\Debug\spi_debug_tool.a(cyfitter_cfg.o)
                0x00000168                cyfitter_cfg
                0x000003a0                . = MAX (., 0x100)
 *(.text .text.* .gnu.linkonce.t.*)
 .text          0x000003a0       0x60 c:/program files (x86)/cypress/psoc creator/3.0/psoc creator/import/gnu_cs/arm/4.7.3/bin/../lib/gcc/arm-none-eabi/4.7.3/armv6-m/crtbegin.o
 .text.DiagIrqHandler
                0x00000400       0x18 .\CortexM0\ARM_GCC_473\Debug\main.o
                0x00000400                DiagIrqHandler
 .text.main     0x00000418       0x1c .\CortexM0\ARM_GCC_473\Debug\main.o
                0x00000418                main
 .text.SetTestStage
                0x00000434      0x104 .\CortexM0\ARM_GCC_473\Debug\main.o
 .text.TestSpi  0x00000538      0x260 .\CortexM0\ARM_GCC_473\Debug\main.o
 .text.registerInterruptHandler
                0x00000798       0x20 .\CortexM0\ARM_GCC_473\Debug\board.o
                0x00000798                registerInterruptHandler
 .text.CC3100_disable
                0x000007b8       0x10 .\CortexM0\ARM_GCC_473\Debug\board.o
                0x000007b8                CC3100_disable
 .text.CC3100_enable
                0x000007c8       0x10 .\CortexM0\ARM_GCC_473\Debug\board.o
                0x000007c8                CC3100_enable
 .text.CC3100_InterruptEnable
                0x000007d8       0x10 .\CortexM0\ARM_GCC_473\Debug\board.o
                0x000007d8                CC3100_InterruptEnable
 .text.initClk  0x000007e8       0x14 .\CortexM0\ARM_GCC_473\Debug\board.o
                0x000007e8                initClk
 .text.stopWDT  0x000007fc       0x1c .\CortexM0\ARM_GCC_473\Debug\board.o
                0x000007fc                stopWDT
 .text.CLI_Write
                0x00000818       0x68 .\CortexM0\ARM_GCC_473\Debug\cli_uart.o
                0x00000818                CLI_Write
 .text.CLI_Configure
                0x00000880       0x10 .\CortexM0\ARM_GCC_473\Debug\cli_uart.o
                0x00000880                CLI_Configure
 .text.spi_Open
                0x00000890       0x24 .\CortexM0\ARM_GCC_473\Debug\spi.o
                0x00000890                spi_Open
 .text.spi_Write
                0x000008b4       0x48 .\CortexM0\ARM_GCC_473\Debug\spi.o
                0x000008b4                spi_Write
 .text.spi_Read
                0x000008fc       0x50 .\CortexM0\ARM_GCC_473\Debug\spi.o
                0x000008fc                spi_Read
 .text.IntDefaultHandler
                0x0000094c        0x8 .\CortexM0\ARM_GCC_473\Debug\Cm0Start.o
                0x0000094c                IntDefaultHandler
 .text.Start_c  0x00000954       0xa4 .\CortexM0\ARM_GCC_473\Debug\Cm0Start.o
                0x00000954                Start_c
 .text.initialize_psoc
                0x000009f8       0x64 .\CortexM0\ARM_GCC_473\Debug\Cm0Start.o
                0x000009f8                initialize_psoc
 .text.CYMEMZERO
                0x00000a5c       0x20 .\CortexM0\ARM_GCC_473\Debug\spi_debug_tool.a(cyfitter_cfg.o)
 .text.CYCONFIGCPYCODE
                0x00000a7c       0x24 .\CortexM0\ARM_GCC_473\Debug\spi_debug_tool.a(cyfitter_cfg.o)
 .text.cfg_write_bytes32
                0x00000aa0       0x80 .\CortexM0\ARM_GCC_473\Debug\spi_debug_tool.a(cyfitter_cfg.o)
 .text.AnalogSetDefault
                0x00000b20        0x8 .\CortexM0\ARM_GCC_473\Debug\spi_debug_tool.a(cyfitter_cfg.o)
 .text.UART_1_Init
                0x00000b28        0xc .\CortexM0\ARM_GCC_473\Debug\spi_debug_tool.a(UART_1.o)
                0x00000b28                UART_1_Init
 .text.UART_1_Enable
                0x00000b34       0x20 .\CortexM0\ARM_GCC_473\Debug\spi_debug_tool.a(UART_1.o)
                0x00000b34                UART_1_Enable
 .text.UART_1_Start
                0x00000b54       0x24 .\CortexM0\ARM_GCC_473\Debug\spi_debug_tool.a(UART_1.o)
                0x00000b54                UART_1_Start
 .text.UART_1_ScbEnableIntr
                0x00000b78        0x8 .\CortexM0\ARM_GCC_473\Debug\spi_debug_tool.a(UART_1.o)
 .text.UART_1_SpiUartWriteTxData
                0x00000b80       0x2c .\CortexM0\ARM_GCC_473\Debug\spi_debug_tool.a(UART_1_SPI_UART.o)
                0x00000b80                UART_1_SpiUartWriteTxData
 .text.UART_1_UartInit
                0x00000bac       0xa8 .\CortexM0\ARM_GCC_473\Debug\spi_debug_tool.a(UART_1_UART.o)
                0x00000bac                UART_1_UartInit
 .text.nHIB_Write
                0x00000c54       0x4c .\CortexM0\ARM_GCC_473\Debug\spi_debug_tool.a(nHIB.o)
                0x00000c54                nHIB_Write
 .text.isr_1_Start
                0x00000ca0       0x24 .\CortexM0\ARM_GCC_473\Debug\spi_debug_tool.a(isr_1.o)
                0x00000ca0                isr_1_Start
 .text.isr_1_Interrupt
                0x00000cc4       0x20 .\CortexM0\ARM_GCC_473\Debug\spi_debug_tool.a(isr_1.o)
                0x00000cc4                isr_1_Interrupt
 .text.isr_1_SetVector
                0x00000ce4       0x18 .\CortexM0\ARM_GCC_473\Debug\spi_debug_tool.a(isr_1.o)
                0x00000ce4                isr_1_SetVector
 .text.isr_1_SetPriority
                0x00000cfc       0x50 .\CortexM0\ARM_GCC_473\Debug\spi_debug_tool.a(isr_1.o)
                0x00000cfc                isr_1_SetPriority
 .text.isr_1_Enable
                0x00000d4c       0x14 .\CortexM0\ARM_GCC_473\Debug\spi_debug_tool.a(isr_1.o)
                0x00000d4c                isr_1_Enable
 .text.isr_1_Disable
                0x00000d60       0x14 .\CortexM0\ARM_GCC_473\Debug\spi_debug_tool.a(isr_1.o)
                0x00000d60                isr_1_Disable
 .text.IRQ_Pin_ClearInterrupt
                0x00000d74       0x2c .\CortexM0\ARM_GCC_473\Debug\spi_debug_tool.a(IRQ_Pin.o)
                0x00000d74                IRQ_Pin_ClearInterrupt
 .text.SPIM_Init
                0x00000da0       0x34 .\CortexM0\ARM_GCC_473\Debug\spi_debug_tool.a(SPIM.o)
                0x00000da0                SPIM_Init
 .text.SPIM_Enable
                0x00000dd4       0x68 .\CortexM0\ARM_GCC_473\Debug\spi_debug_tool.a(SPIM.o)
                0x00000dd4                SPIM_Enable
 .text.SPIM_Start
                0x00000e3c       0x24 .\CortexM0\ARM_GCC_473\Debug\spi_debug_tool.a(SPIM.o)
                0x00000e3c                SPIM_Start
 .text.SPIM_EnableTxInt
                0x00000e60        0x8 .\CortexM0\ARM_GCC_473\Debug\spi_debug_tool.a(SPIM.o)
                0x00000e60                SPIM_EnableTxInt
 .text.SPIM_EnableRxInt
                0x00000e68        0x8 .\CortexM0\ARM_GCC_473\Debug\spi_debug_tool.a(SPIM.o)
                0x00000e68                SPIM_EnableRxInt
 .text.SPIM_ReadTxStatus
                0x00000e70       0x20 .\CortexM0\ARM_GCC_473\Debug\spi_debug_tool.a(SPIM.o)
                0x00000e70                SPIM_ReadTxStatus
 .text.SPIM_ReadRxStatus
                0x00000e90       0x20 .\CortexM0\ARM_GCC_473\Debug\spi_debug_tool.a(SPIM.o)
                0x00000e90                SPIM_ReadRxStatus
 .text.SPIM_WriteTxData
                0x00000eb0       0x34 .\CortexM0\ARM_GCC_473\Debug\spi_debug_tool.a(SPIM.o)
                0x00000eb0                SPIM_WriteTxData
 .text.SPIM_ReadRxData
                0x00000ee4       0x20 .\CortexM0\ARM_GCC_473\Debug\spi_debug_tool.a(SPIM.o)
                0x00000ee4                SPIM_ReadRxData
 .text.SPIM_ClearFIFO
                0x00000f04       0x60 .\CortexM0\ARM_GCC_473\Debug\spi_debug_tool.a(SPIM.o)
                0x00000f04                SPIM_ClearFIFO
 .text.m_ss_pin_Write
                0x00000f64       0x4c .\CortexM0\ARM_GCC_473\Debug\spi_debug_tool.a(m_ss_pin.o)
                0x00000f64                m_ss_pin_Write
 .text.SPIM_IntClock_Start
                0x00000fb0       0x1c .\CortexM0\ARM_GCC_473\Debug\spi_debug_tool.a(SPIM_IntClock.o)
                0x00000fb0                SPIM_IntClock_Start
 *fill*         0x00000fcc        0x4 00
 .text          0x00000fd0       0x20 .\CortexM0\ARM_GCC_473\Debug\spi_debug_tool.a(CyBootAsmGnu.o)
                0x00000fd0                CyDelayCycles
                0x00000fe2                CyEnterCriticalSection
                0x00000fea                CyExitCriticalSection
 .text.CySysClkImoStart
                0x00000ff0       0x1c .\CortexM0\ARM_GCC_473\Debug\spi_debug_tool.a(CyLib.o)
                0x00000ff0                CySysClkImoStart
 .text.CySysClkIloStart
                0x0000100c       0x1c .\CortexM0\ARM_GCC_473\Debug\spi_debug_tool.a(CyLib.o)
                0x0000100c                CySysClkIloStart
 .text.CySysClkWriteImoFreq
                0x00001028      0x200 .\CortexM0\ARM_GCC_473\Debug\spi_debug_tool.a(CyLib.o)
                0x00001028                CySysClkWriteImoFreq
 .text.CySysWdtDisable
                0x00001228       0x30 .\CortexM0\ARM_GCC_473\Debug\spi_debug_tool.a(CyLib.o)
                0x00001228                CySysWdtDisable
 .text.CyHalt   0x00001258       0x14 .\CortexM0\ARM_GCC_473\Debug\spi_debug_tool.a(CyLib.o)
                0x00001258                CyHalt
 .text.CyDelay  0x0000126c       0x48 .\CortexM0\ARM_GCC_473\Debug\spi_debug_tool.a(CyLib.o)
                0x0000126c                CyDelay
 .text.CyDelayUs
                0x000012b4       0x28 .\CortexM0\ARM_GCC_473\Debug\spi_debug_tool.a(CyLib.o)
                0x000012b4                CyDelayUs
 .text.__libc_init_array
                0x000012dc       0x4c c:/program files (x86)/cypress/psoc creator/3.0/psoc creator/import/gnu_cs/arm/4.7.3/bin/../lib/gcc/arm-none-eabi/4.7.3/../../../../arm-none-eabi/lib/armv6-m\libc_s.a(lib_a-init.o)
                0x000012dc                __libc_init_array
 .text.memcpy   0x00001328       0x12 c:/program files (x86)/cypress/psoc creator/3.0/psoc creator/import/gnu_cs/arm/4.7.3/bin/../lib/gcc/arm-none-eabi/4.7.3/../../../../arm-none-eabi/lib/armv6-m\libc_s.a(lib_a-memcpy.o)
                0x00001328                memcpy
 .text.memset   0x0000133a       0x12 c:/program files (x86)/cypress/psoc creator/3.0/psoc creator/import/gnu_cs/arm/4.7.3/bin/../lib/gcc/arm-none-eabi/4.7.3/../../../../arm-none-eabi/lib/armv6-m\libc_s.a(lib_a-memset.o)
                0x0000133a                memset
 .text.strlen   0x0000134c        0xe c:/program files (x86)/cypress/psoc creator/3.0/psoc creator/import/gnu_cs/arm/4.7.3/bin/../lib/gcc/arm-none-eabi/4.7.3/../../../../arm-none-eabi/lib/armv6-m\libc_s.a(lib_a-strlen.o)
                0x0000134c                strlen
 *(.plt)
 *(.gnu.warning)
 *(.glue_7t)
 .glue_7t       0x00000000        0x0 linker stubs
 *(.glue_7)
 .glue_7        0x00000000        0x0 linker stubs
 *(.vfp11_veneer)
 .vfp11_veneer  0x00000000        0x0 linker stubs
 *(.bootloader)
 *(.ARM.extab* .gnu.linkonce.armextab.*)
 *(.gcc_except_table)

.v4_bx          0x0000135c        0x0
 .v4_bx         0x00000000        0x0 linker stubs

.iplt           0x0000135c        0x0
 .iplt          0x00000000        0x0 c:/program files (x86)/cypress/psoc creator/3.0/psoc creator/import/gnu_cs/arm/4.7.3/bin/../lib/gcc/arm-none-eabi/4.7.3/armv6-m/crtbegin.o

.eh_frame_hdr
 *(.eh_frame_hdr)

.eh_frame       0x0000135c        0x4
 *(.eh_frame)
 .eh_frame      0x0000135c        0x0 c:/program files (x86)/cypress/psoc creator/3.0/psoc creator/import/gnu_cs/arm/4.7.3/bin/../lib/gcc/arm-none-eabi/4.7.3/armv6-m/crtbegin.o
 .eh_frame      0x0000135c        0x4 c:/program files (x86)/cypress/psoc creator/3.0/psoc creator/import/gnu_cs/arm/4.7.3/bin/../lib/gcc/arm-none-eabi/4.7.3/armv6-m/crtend.o
                0x00001360                PROVIDE (__exidx_start, .)

.ARM.exidx
 *(.ARM.exidx* .gnu.linkonce.armexidx.*)
                0x00001360                __exidx_end = .

.rodata         0x00001360      0x3f0
 *(.rodata .rodata.* .gnu.linkonce.r.*)
 .rodata        0x00001360      0x104 .\CortexM0\ARM_GCC_473\Debug\main.o
 .rodata        0x00001464      0x288 .\CortexM0\ARM_GCC_473\Debug\spi_debug_tool.a(cyfitter_cfg.o)
 .rodata        0x000016ec       0x30 .\CortexM0\ARM_GCC_473\Debug\spi_debug_tool.a(CyLib.o)
                0x0000171c                . = ALIGN (0x4)
 *(.init)
 .init          0x0000171c        0x4 c:/program files (x86)/cypress/psoc creator/3.0/psoc creator/import/gnu_cs/arm/4.7.3/bin/../lib/gcc/arm-none-eabi/4.7.3/armv6-m/crti.o
                0x0000171c                _init
 .init          0x00001720        0x8 c:/program files (x86)/cypress/psoc creator/3.0/psoc creator/import/gnu_cs/arm/4.7.3/bin/../lib/gcc/arm-none-eabi/4.7.3/armv6-m/crtn.o
                0x00001728                . = ALIGN (0x4)
                0x00001728                __preinit_array_start = .
 *(.preinit_array)
                0x00001728                __preinit_array_end = .
                0x00001728                . = ALIGN (0x4)
                0x00001728                __init_array_start = .
 *(SORT(.init_array.*))
 *(.init_array)
 .init_array    0x00001728        0x4 c:/program files (x86)/cypress/psoc creator/3.0/psoc creator/import/gnu_cs/arm/4.7.3/bin/../lib/gcc/arm-none-eabi/4.7.3/armv6-m/crtbegin.o
 .init_array    0x0000172c        0x4 .\CortexM0\ARM_GCC_473\Debug\Cm0Start.o
                0x00001730                __init_array_end = .
                0x00001730                . = ALIGN (0x4)
 *(.fini)
 .fini          0x00001730        0x4 c:/program files (x86)/cypress/psoc creator/3.0/psoc creator/import/gnu_cs/arm/4.7.3/bin/../lib/gcc/arm-none-eabi/4.7.3/armv6-m/crti.o
                0x00001730                _fini
 .fini          0x00001734        0x8 c:/program files (x86)/cypress/psoc creator/3.0/psoc creator/import/gnu_cs/arm/4.7.3/bin/../lib/gcc/arm-none-eabi/4.7.3/armv6-m/crtn.o
                0x0000173c                . = ALIGN (0x4)
                0x0000173c                __fini_array_start = .
 *(.fini_array)
 .fini_array    0x0000173c        0x4 c:/program files (x86)/cypress/psoc creator/3.0/psoc creator/import/gnu_cs/arm/4.7.3/bin/../lib/gcc/arm-none-eabi/4.7.3/armv6-m/crtbegin.o
 *(SORT(.fini_array.*))
                0x00001740                __fini_array_end = .
                0x00001740                . = ALIGN (0x4)
 *crtbegin.o(.ctors)
 *(EXCLUDE_FILE(*crtend.o) .ctors)
 *(SORT(.ctors.*))
 *crtend.o(.ctors)
                0x00001740                . = ALIGN (0x4)
 *crtbegin.o(.dtors)
 *(EXCLUDE_FILE(*crtend.o) .dtors)
 *(SORT(.dtors.*))
 *crtend.o(.dtors)
                0x00001740                . = ALIGN (0x4)
                0x00001740                __cy_regions = .
                0x00001740        0x4 LONG 0x1750 __cy_region_init_ram
                0x00001744        0x4 LONG 0x200000c8 __cy_region_start_data
                0x00001748        0x4 LONG 0x18 __cy_region_init_size_ram
                0x0000174c        0x4 LONG 0x38 __cy_region_zero_size_ram
                0x00001750                __cy_regions_end = .
                0x00001750                . = ALIGN (0x8)
                0x00001750                _etext = .

.ramvectors     0x20000000       0xc0
                0x20000000                __cy_region_start_ram = .
 *(.ramvectors)
 .ramvectors    0x20000000       0xc0 .\CortexM0\ARM_GCC_473\Debug\Cm0Start.o
                0x20000000                CyRamVectors

.noinit         0x200000c0        0x4
 *(.noinit)
 .noinit        0x200000c0        0x4 .\CortexM0\ARM_GCC_473\Debug\Cm0Start.o

.data           0x200000c8       0x18 load address 0x00001750
                0x200000c8                __cy_region_start_data = .
 *(.jcr)
 .jcr           0x200000c8        0x0 c:/program files (x86)/cypress/psoc creator/3.0/psoc creator/import/gnu_cs/arm/4.7.3/bin/../lib/gcc/arm-none-eabi/4.7.3/armv6-m/crtbegin.o
 .jcr           0x200000c8        0x4 c:/program files (x86)/cypress/psoc creator/3.0/psoc creator/import/gnu_cs/arm/4.7.3/bin/../lib/gcc/arm-none-eabi/4.7.3/armv6-m/crtend.o
 *(.got.plt)
 *(.got)
 *(.shdata)
 *(.data .data.* .gnu.linkonce.d.*)
 .data          0x200000cc        0x4 .\CortexM0\ARM_GCC_473\Debug\spi_debug_tool.a(cyfitter_cfg.o)
 .data          0x200000d0       0x10 .\CortexM0\ARM_GCC_473\Debug\spi_debug_tool.a(CyLib.o)
                0x200000d0                cydelayFreqHz
                0x200000d4                cydelayFreqKhz
                0x200000d8                cydelayFreqMhz
                0x200000dc                cydelay32kMs
                0x200000e0                . = ALIGN (0x8)
 *(.ram)
                0x200000e0                _edata = .

.igot.plt       0x200000e0        0x0 load address 0x00001768
 .igot.plt      0x00000000        0x0 c:/program files (x86)/cypress/psoc creator/3.0/psoc creator/import/gnu_cs/arm/4.7.3/bin/../lib/gcc/arm-none-eabi/4.7.3/armv6-m/crtbegin.o

.bss            0x200000e0       0x38 load address 0x00001768
                0x200000e0                PROVIDE (__bss_start__, .)
 *(.shbss)
 *(.bss .bss.* .gnu.linkonce.b.*)
 .bss           0x200000e0       0x1c c:/program files (x86)/cypress/psoc creator/3.0/psoc creator/import/gnu_cs/arm/4.7.3/bin/../lib/gcc/arm-none-eabi/4.7.3/armv6-m/crtbegin.o
 .bss           0x200000fc        0xc .\CortexM0\ARM_GCC_473\Debug\main.o
                0x200000fc                g_testStage
                0x20000100                g_irqCounter
                0x20000104                TxSeqNum
 .bss           0x20000108        0x4 .\CortexM0\ARM_GCC_473\Debug\board.o
                0x20000108                pIrqEventHandler
 .bss           0x2000010c        0x8 .\CortexM0\ARM_GCC_473\Debug\spi_debug_tool.a(UART_1.o)
                0x2000010c                UART_1_initVar
                0x20000110                UART_1_customIntrHandler
 .bss           0x20000114        0x1 .\CortexM0\ARM_GCC_473\Debug\spi_debug_tool.a(SPIM.o)
                0x20000114                SPIM_initVar
 *(COMMON)
                0x20000118                . = ALIGN (0x8)
 *fill*         0x20000115        0x3 00
 *(.ram.b)
                0x20000118                _end = .
                0x20000118                __end = .
                0x20000118                PROVIDE (end, .)
                0x20000118                PROVIDE (__bss_end__, .)
                0x00001750                __cy_region_init_ram = LOADADDR (.data)
                0x00000018                __cy_region_init_size_ram = (_edata - ADDR (.data))
                0x00000038                __cy_region_zero_size_ram = (_end - _edata)

.heap           0x20000118      0x100 load address 0x00001768
                0x20000118                . = _end
                0x20000218                . = (. + 0x100)
 *fill*         0x20000118      0x100 00
                0x20000218                __cy_heap_limit = .

.stack          0x20000c00      0x400
                0x20000c00                __cy_stack_limit = .
                0x20001000                . = (. + 0x400)
 *fill*         0x20000c00      0x400 00
                0x00000001                ASSERT ((__cy_stack_limit >= __cy_heap_limit), region RAM overflowed with stack)

.cyloadermeta
 *(.cyloadermeta)

.cyloadablemeta
 *(.cyloadablemeta)

.cyflashprotect
                0x90400000       0x20
 *(.cyflashprotect)
 .cyflashprotect
                0x90400000       0x20 .\CortexM0\ARM_GCC_473\Debug\cymetadata.o
                0x90400000                cy_meta_flashprotect

.cymeta         0x90500000        0xc
 *(.cymeta)
 .cymeta        0x90500000        0xc .\CortexM0\ARM_GCC_473\Debug\cymetadata.o
                0x90500000                cy_metadata

.cychipprotect  0x90600000        0x4
 *(.cychipprotect)
 .cychipprotect
                0x90600000        0x4 .\CortexM0\ARM_GCC_473\Debug\cymetadata.o
                0x90600000                cy_meta_chipprotect

.rel.dyn        0x00001768        0x0 load address 0x90600004
 .rel.iplt      0x00000000        0x0 c:/program files (x86)/cypress/psoc creator/3.0/psoc creator/import/gnu_cs/arm/4.7.3/bin/../lib/gcc/arm-none-eabi/4.7.3/armv6-m/crtbegin.o

.stab
 *(.stab)

.stabstr
 *(.stabstr)

.debug
 *(.debug)

.line
 *(.line)

.debug_srcinfo
 *(.debug_srcinfo)

.debug_sfnames
 *(.debug_sfnames)

.debug_aranges  0x00000000      0x788
 *(.debug_aranges)
 .debug_aranges
                0x00000000       0x38 .\CortexM0\ARM_GCC_473\Debug\main.o
 .debug_aranges
                0x00000038       0xa0 .\CortexM0\ARM_GCC_473\Debug\board.o
 .debug_aranges
                0x000000d8       0x30 .\CortexM0\ARM_GCC_473\Debug\cli_uart.o
 .debug_aranges
                0x00000108       0x38 .\CortexM0\ARM_GCC_473\Debug\spi.o
 .debug_aranges
                0x00000140       0x18 .\CortexM0\ARM_GCC_473\Debug\cymetadata.o
 .debug_aranges
                0x00000158       0x40 .\CortexM0\ARM_GCC_473\Debug\Cm0Start.o
 .debug_aranges
                0x00000198       0x58 .\CortexM0\ARM_GCC_473\Debug\spi_debug_tool.a(cyfitter_cfg.o)
 .debug_aranges
                0x000001f0       0x40 .\CortexM0\ARM_GCC_473\Debug\spi_debug_tool.a(LED_GREEN.o)
 .debug_aranges
                0x00000230       0x50 .\CortexM0\ARM_GCC_473\Debug\spi_debug_tool.a(UART_1.o)
 .debug_aranges
                0x00000280       0x60 .\CortexM0\ARM_GCC_473\Debug\spi_debug_tool.a(UART_1_SPI_UART.o)
 .debug_aranges
                0x000002e0       0x50 .\CortexM0\ARM_GCC_473\Debug\spi_debug_tool.a(UART_1_UART.o)
 .debug_aranges
                0x00000330       0x40 .\CortexM0\ARM_GCC_473\Debug\spi_debug_tool.a(nHIB.o)
 .debug_aranges
                0x00000370       0x40 .\CortexM0\ARM_GCC_473\Debug\spi_debug_tool.a(LED_BLUE.o)
 .debug_aranges
                0x000003b0       0x80 .\CortexM0\ARM_GCC_473\Debug\spi_debug_tool.a(isr_1.o)
 .debug_aranges
                0x00000430       0x40 .\CortexM0\ARM_GCC_473\Debug\spi_debug_tool.a(IRQ_Pin.o)
 .debug_aranges
                0x00000470       0xd8 .\CortexM0\ARM_GCC_473\Debug\spi_debug_tool.a(SPIM.o)
 .debug_aranges
                0x00000548       0x40 .\CortexM0\ARM_GCC_473\Debug\spi_debug_tool.a(m_ss_pin.o)
 .debug_aranges
                0x00000588       0x40 .\CortexM0\ARM_GCC_473\Debug\spi_debug_tool.a(SPIM_IntClock.o)
 .debug_aranges
                0x000005c8       0x20 .\CortexM0\ARM_GCC_473\Debug\spi_debug_tool.a(CyBootAsmGnu.o)
 .debug_aranges
                0x000005e8      0x1a0 .\CortexM0\ARM_GCC_473\Debug\spi_debug_tool.a(CyLib.o)

.debug_pubnames
 *(.debug_pubnames)

.debug_info     0x00000000     0x32ab
 *(.debug_info .gnu.linkonce.wi.*)
 .debug_info    0x00000000      0x245 .\CortexM0\ARM_GCC_473\Debug\main.o
 .debug_info    0x00000245      0x2fd .\CortexM0\ARM_GCC_473\Debug\board.o
 .debug_info    0x00000542      0x14d .\CortexM0\ARM_GCC_473\Debug\cli_uart.o
 .debug_info    0x0000068f      0x1b0 .\CortexM0\ARM_GCC_473\Debug\spi.o
 .debug_info    0x0000083f      0x100 .\CortexM0\ARM_GCC_473\Debug\cymetadata.o
 .debug_info    0x0000093f      0x2c0 .\CortexM0\ARM_GCC_473\Debug\Cm0Start.o
 .debug_info    0x00000bff      0x56a .\CortexM0\ARM_GCC_473\Debug\spi_debug_tool.a(cyfitter_cfg.o)
 .debug_info    0x00001169      0x168 .\CortexM0\ARM_GCC_473\Debug\spi_debug_tool.a(LED_GREEN.o)
 .debug_info    0x000012d1      0x197 .\CortexM0\ARM_GCC_473\Debug\spi_debug_tool.a(UART_1.o)
 .debug_info    0x00001468      0x23d .\CortexM0\ARM_GCC_473\Debug\spi_debug_tool.a(UART_1_SPI_UART.o)
 .debug_info    0x000016a5      0x224 .\CortexM0\ARM_GCC_473\Debug\spi_debug_tool.a(UART_1_UART.o)
 .debug_info    0x000018c9      0x168 .\CortexM0\ARM_GCC_473\Debug\spi_debug_tool.a(nHIB.o)
 .debug_info    0x00001a31      0x168 .\CortexM0\ARM_GCC_473\Debug\spi_debug_tool.a(LED_BLUE.o)
 .debug_info    0x00001b99      0x2b4 .\CortexM0\ARM_GCC_473\Debug\spi_debug_tool.a(isr_1.o)
 .debug_info    0x00001e4d      0x168 .\CortexM0\ARM_GCC_473\Debug\spi_debug_tool.a(IRQ_Pin.o)
 .debug_info    0x00001fb5      0x46a .\CortexM0\ARM_GCC_473\Debug\spi_debug_tool.a(SPIM.o)
 .debug_info    0x0000241f      0x168 .\CortexM0\ARM_GCC_473\Debug\spi_debug_tool.a(m_ss_pin.o)
 .debug_info    0x00002587      0x169 .\CortexM0\ARM_GCC_473\Debug\spi_debug_tool.a(SPIM_IntClock.o)
 .debug_info    0x000026f0       0xf6 .\CortexM0\ARM_GCC_473\Debug\spi_debug_tool.a(CyBootAsmGnu.o)
 .debug_info    0x000027e6      0xac5 .\CortexM0\ARM_GCC_473\Debug\spi_debug_tool.a(CyLib.o)

.debug_abbrev   0x00000000     0x12ed
 *(.debug_abbrev)
 .debug_abbrev  0x00000000      0x151 .\CortexM0\ARM_GCC_473\Debug\main.o
 .debug_abbrev  0x00000151      0x14c .\CortexM0\ARM_GCC_473\Debug\board.o
 .debug_abbrev  0x0000029d       0xb4 .\CortexM0\ARM_GCC_473\Debug\cli_uart.o
 .debug_abbrev  0x00000351       0xb4 .\CortexM0\ARM_GCC_473\Debug\spi.o
 .debug_abbrev  0x00000405       0x5d .\CortexM0\ARM_GCC_473\Debug\cymetadata.o
 .debug_abbrev  0x00000462      0x164 .\CortexM0\ARM_GCC_473\Debug\Cm0Start.o
 .debug_abbrev  0x000005c6      0x1a6 .\CortexM0\ARM_GCC_473\Debug\spi_debug_tool.a(cyfitter_cfg.o)
 .debug_abbrev  0x0000076c       0xac .\CortexM0\ARM_GCC_473\Debug\spi_debug_tool.a(LED_GREEN.o)
 .debug_abbrev  0x00000818       0xc5 .\CortexM0\ARM_GCC_473\Debug\spi_debug_tool.a(UART_1.o)
 .debug_abbrev  0x000008dd      0x151 .\CortexM0\ARM_GCC_473\Debug\spi_debug_tool.a(UART_1_SPI_UART.o)
 .debug_abbrev  0x00000a2e       0xee .\CortexM0\ARM_GCC_473\Debug\spi_debug_tool.a(UART_1_UART.o)
 .debug_abbrev  0x00000b1c       0xac .\CortexM0\ARM_GCC_473\Debug\spi_debug_tool.a(nHIB.o)
 .debug_abbrev  0x00000bc8       0xac .\CortexM0\ARM_GCC_473\Debug\spi_debug_tool.a(LED_BLUE.o)
 .debug_abbrev  0x00000c74      0x169 .\CortexM0\ARM_GCC_473\Debug\spi_debug_tool.a(isr_1.o)
 .debug_abbrev  0x00000ddd       0xac .\CortexM0\ARM_GCC_473\Debug\spi_debug_tool.a(IRQ_Pin.o)
 .debug_abbrev  0x00000e89      0x158 .\CortexM0\ARM_GCC_473\Debug\spi_debug_tool.a(SPIM.o)
 .debug_abbrev  0x00000fe1       0xac .\CortexM0\ARM_GCC_473\Debug\spi_debug_tool.a(m_ss_pin.o)
 .debug_abbrev  0x0000108d       0xaa .\CortexM0\ARM_GCC_473\Debug\spi_debug_tool.a(SPIM_IntClock.o)
 .debug_abbrev  0x00001137       0x14 .\CortexM0\ARM_GCC_473\Debug\spi_debug_tool.a(CyBootAsmGnu.o)
 .debug_abbrev  0x0000114b      0x1a2 .\CortexM0\ARM_GCC_473\Debug\spi_debug_tool.a(CyLib.o)

.debug_line     0x00000000     0x189a
 *(.debug_line)
 .debug_line    0x00000000      0x116 .\CortexM0\ARM_GCC_473\Debug\main.o
 .debug_line    0x00000116      0x1d3 .\CortexM0\ARM_GCC_473\Debug\board.o
 .debug_line    0x000002e9       0xa1 .\CortexM0\ARM_GCC_473\Debug\cli_uart.o
 .debug_line    0x0000038a       0xac .\CortexM0\ARM_GCC_473\Debug\spi.o
 .debug_line    0x00000436       0x53 .\CortexM0\ARM_GCC_473\Debug\cymetadata.o
 .debug_line    0x00000489      0x19b .\CortexM0\ARM_GCC_473\Debug\Cm0Start.o
 .debug_line    0x00000624      0x1e8 .\CortexM0\ARM_GCC_473\Debug\spi_debug_tool.a(cyfitter_cfg.o)
 .debug_line    0x0000080c       0xaf .\CortexM0\ARM_GCC_473\Debug\spi_debug_tool.a(LED_GREEN.o)
 .debug_line    0x000008bb       0xd8 .\CortexM0\ARM_GCC_473\Debug\spi_debug_tool.a(UART_1.o)
 .debug_line    0x00000993      0x127 .\CortexM0\ARM_GCC_473\Debug\spi_debug_tool.a(UART_1_SPI_UART.o)
 .debug_line    0x00000aba      0x103 .\CortexM0\ARM_GCC_473\Debug\spi_debug_tool.a(UART_1_UART.o)
 .debug_line    0x00000bbd       0xaa .\CortexM0\ARM_GCC_473\Debug\spi_debug_tool.a(nHIB.o)
 .debug_line    0x00000c67       0xae .\CortexM0\ARM_GCC_473\Debug\spi_debug_tool.a(LED_BLUE.o)
 .debug_line    0x00000d15      0x15b .\CortexM0\ARM_GCC_473\Debug\spi_debug_tool.a(isr_1.o)
 .debug_line    0x00000e70       0xad .\CortexM0\ARM_GCC_473\Debug\spi_debug_tool.a(IRQ_Pin.o)
 .debug_line    0x00000f1d      0x270 .\CortexM0\ARM_GCC_473\Debug\spi_debug_tool.a(SPIM.o)
 .debug_line    0x0000118d       0xae .\CortexM0\ARM_GCC_473\Debug\spi_debug_tool.a(m_ss_pin.o)
 .debug_line    0x0000123b       0xb6 .\CortexM0\ARM_GCC_473\Debug\spi_debug_tool.a(SPIM_IntClock.o)
 .debug_line    0x000012f1       0x68 .\CortexM0\ARM_GCC_473\Debug\spi_debug_tool.a(CyBootAsmGnu.o)
 .debug_line    0x00001359      0x541 .\CortexM0\ARM_GCC_473\Debug\spi_debug_tool.a(CyLib.o)

.debug_frame    0x00000000     0x1820
 *(.debug_frame)
 .debug_frame   0x00000000       0x88 .\CortexM0\ARM_GCC_473\Debug\main.o
 .debug_frame   0x00000088      0x208 .\CortexM0\ARM_GCC_473\Debug\board.o
 .debug_frame   0x00000290       0x6c .\CortexM0\ARM_GCC_473\Debug\cli_uart.o
 .debug_frame   0x000002fc       0x94 .\CortexM0\ARM_GCC_473\Debug\spi.o
 .debug_frame   0x00000390       0xa8 .\CortexM0\ARM_GCC_473\Debug\Cm0Start.o
 .debug_frame   0x00000438      0x108 .\CortexM0\ARM_GCC_473\Debug\spi_debug_tool.a(cyfitter_cfg.o)
 .debug_frame   0x00000540       0xa8 .\CortexM0\ARM_GCC_473\Debug\spi_debug_tool.a(LED_GREEN.o)
 .debug_frame   0x000005e8       0xd8 .\CortexM0\ARM_GCC_473\Debug\spi_debug_tool.a(UART_1.o)
 .debug_frame   0x000006c0      0x128 .\CortexM0\ARM_GCC_473\Debug\spi_debug_tool.a(UART_1_SPI_UART.o)
 .debug_frame   0x000007e8       0xec .\CortexM0\ARM_GCC_473\Debug\spi_debug_tool.a(UART_1_UART.o)
 .debug_frame   0x000008d4       0xa8 .\CortexM0\ARM_GCC_473\Debug\spi_debug_tool.a(nHIB.o)
 .debug_frame   0x0000097c       0xa8 .\CortexM0\ARM_GCC_473\Debug\spi_debug_tool.a(LED_BLUE.o)
 .debug_frame   0x00000a24      0x190 .\CortexM0\ARM_GCC_473\Debug\spi_debug_tool.a(isr_1.o)
 .debug_frame   0x00000bb4       0xa8 .\CortexM0\ARM_GCC_473\Debug\spi_debug_tool.a(IRQ_Pin.o)
 .debug_frame   0x00000c5c      0x2fc .\CortexM0\ARM_GCC_473\Debug\spi_debug_tool.a(SPIM.o)
 .debug_frame   0x00000f58       0xa8 .\CortexM0\ARM_GCC_473\Debug\spi_debug_tool.a(m_ss_pin.o)
 .debug_frame   0x00001000       0xa0 .\CortexM0\ARM_GCC_473\Debug\spi_debug_tool.a(SPIM_IntClock.o)
 .debug_frame   0x000010a0      0x628 .\CortexM0\ARM_GCC_473\Debug\spi_debug_tool.a(CyLib.o)
 .debug_frame   0x000016c8       0x20 c:/program files (x86)/cypress/psoc creator/3.0/psoc creator/import/gnu_cs/arm/4.7.3/bin/../lib/gcc/arm-none-eabi/4.7.3/armv6-m\libgcc.a(_udivsi3.o)
 .debug_frame   0x000016e8       0x20 c:/program files (x86)/cypress/psoc creator/3.0/psoc creator/import/gnu_cs/arm/4.7.3/bin/../lib/gcc/arm-none-eabi/4.7.3/armv6-m\libgcc.a(_divsi3.o)
 .debug_frame   0x00001708       0x28 c:/program files (x86)/cypress/psoc creator/3.0/psoc creator/import/gnu_cs/arm/4.7.3/bin/../lib/gcc/arm-none-eabi/4.7.3/../../../../arm-none-eabi/lib/armv6-m\libc_s.a(lib_a-__atexit2.o)
 .debug_frame   0x00001730       0x28 c:/program files (x86)/cypress/psoc creator/3.0/psoc creator/import/gnu_cs/arm/4.7.3/bin/../lib/gcc/arm-none-eabi/4.7.3/../../../../arm-none-eabi/lib/armv6-m\libc_s.a(lib_a-exit.o)
 .debug_frame   0x00001758       0x2c c:/program files (x86)/cypress/psoc creator/3.0/psoc creator/import/gnu_cs/arm/4.7.3/bin/../lib/gcc/arm-none-eabi/4.7.3/../../../../arm-none-eabi/lib/armv6-m\libc_s.a(lib_a-fini.o)
 .debug_frame   0x00001784       0x2c c:/program files (x86)/cypress/psoc creator/3.0/psoc creator/import/gnu_cs/arm/4.7.3/bin/../lib/gcc/arm-none-eabi/4.7.3/../../../../arm-none-eabi/lib/armv6-m\libc_s.a(lib_a-init.o)
 .debug_frame   0x000017b0       0x28 c:/program files (x86)/cypress/psoc creator/3.0/psoc creator/import/gnu_cs/arm/4.7.3/bin/../lib/gcc/arm-none-eabi/4.7.3/../../../../arm-none-eabi/lib/armv6-m\libc_s.a(lib_a-memcpy.o)
 .debug_frame   0x000017d8       0x28 c:/program files (x86)/cypress/psoc creator/3.0/psoc creator/import/gnu_cs/arm/4.7.3/bin/../lib/gcc/arm-none-eabi/4.7.3/../../../../arm-none-eabi/lib/armv6-m\libc_s.a(lib_a-memset.o)
 .debug_frame   0x00001800       0x20 c:/program files (x86)/cypress/psoc creator/3.0/psoc creator/import/gnu_cs/arm/4.7.3/bin/../lib/gcc/arm-none-eabi/4.7.3/../../../../arm-none-eabi/lib/armv6-m\libc_s.a(lib_a-strlen.o)

.debug_str      0x00000000     0x16f1
 *(.debug_str)
 .debug_str     0x00000000      0x2f6 .\CortexM0\ARM_GCC_473\Debug\main.o
                                0x32f (size before relaxing)
 .debug_str     0x000002f6      0x159 .\CortexM0\ARM_GCC_473\Debug\board.o
                                0x2e1 (size before relaxing)
 .debug_str     0x0000044f       0x6e .\CortexM0\ARM_GCC_473\Debug\cli_uart.o
                                0x1e1 (size before relaxing)
 .debug_str     0x000004bd       0x55 .\CortexM0\ARM_GCC_473\Debug\spi.o
                                0x1ce (size before relaxing)
 .debug_str     0x00000512       0x61 .\CortexM0\ARM_GCC_473\Debug\cymetadata.o
                                0x1d4 (size before relaxing)
 .debug_str     0x00000573      0x109 .\CortexM0\ARM_GCC_473\Debug\Cm0Start.o
                                0x29d (size before relaxing)
 .debug_str     0x0000067c      0x1f3 .\CortexM0\ARM_GCC_473\Debug\spi_debug_tool.a(cyfitter_cfg.o)
                                0x3af (size before relaxing)
 .debug_str     0x0000086f       0xa2 .\CortexM0\ARM_GCC_473\Debug\spi_debug_tool.a(LED_GREEN.o)
                                0x225 (size before relaxing)
 .debug_str     0x00000911       0xcb .\CortexM0\ARM_GCC_473\Debug\spi_debug_tool.a(UART_1.o)
                                0x25e (size before relaxing)
 .debug_str     0x000009dc      0x14b .\CortexM0\ARM_GCC_473\Debug\spi_debug_tool.a(UART_1_SPI_UART.o)
                                0x2dc (size before relaxing)
 .debug_str     0x00000b27       0xf9 .\CortexM0\ARM_GCC_473\Debug\spi_debug_tool.a(UART_1_UART.o)
                                0x296 (size before relaxing)
 .debug_str     0x00000c20       0x6c .\CortexM0\ARM_GCC_473\Debug\spi_debug_tool.a(nHIB.o)
                                0x207 (size before relaxing)
 .debug_str     0x00000c8c       0x84 .\CortexM0\ARM_GCC_473\Debug\spi_debug_tool.a(LED_BLUE.o)
                                0x21f (size before relaxing)
 .debug_str     0x00000d10      0x10f .\CortexM0\ARM_GCC_473\Debug\spi_debug_tool.a(isr_1.o)
                                0x2d8 (size before relaxing)
 .debug_str     0x00000e1f       0x7e .\CortexM0\ARM_GCC_473\Debug\spi_debug_tool.a(IRQ_Pin.o)
                                0x219 (size before relaxing)
 .debug_str     0x00000e9d      0x20e .\CortexM0\ARM_GCC_473\Debug\spi_debug_tool.a(SPIM.o)
                                0x3b2 (size before relaxing)
 .debug_str     0x000010ab       0x84 .\CortexM0\ARM_GCC_473\Debug\spi_debug_tool.a(m_ss_pin.o)
                                0x21f (size before relaxing)
 .debug_str     0x0000112f       0xef .\CortexM0\ARM_GCC_473\Debug\spi_debug_tool.a(SPIM_IntClock.o)
                                0x273 (size before relaxing)
 .debug_str     0x0000121e      0x4d3 .\CortexM0\ARM_GCC_473\Debug\spi_debug_tool.a(CyLib.o)
                                0x6b0 (size before relaxing)

.debug_loc      0x00000000     0x2424
 *(.debug_loc)
 .debug_loc     0x00000000       0xc8 .\CortexM0\ARM_GCC_473\Debug\main.o
 .debug_loc     0x000000c8      0x340 .\CortexM0\ARM_GCC_473\Debug\board.o
 .debug_loc     0x00000408       0x9c .\CortexM0\ARM_GCC_473\Debug\cli_uart.o
 .debug_loc     0x000004a4       0xe0 .\CortexM0\ARM_GCC_473\Debug\spi.o
 .debug_loc     0x00000584      0x100 .\CortexM0\ARM_GCC_473\Debug\Cm0Start.o
 .debug_loc     0x00000684      0x1a8 .\CortexM0\ARM_GCC_473\Debug\spi_debug_tool.a(cyfitter_cfg.o)
 .debug_loc     0x0000082c      0x100 .\CortexM0\ARM_GCC_473\Debug\spi_debug_tool.a(LED_GREEN.o)
 .debug_loc     0x0000092c      0x140 .\CortexM0\ARM_GCC_473\Debug\spi_debug_tool.a(UART_1.o)
 .debug_loc     0x00000a6c      0x1e0 .\CortexM0\ARM_GCC_473\Debug\spi_debug_tool.a(UART_1_SPI_UART.o)
 .debug_loc     0x00000c4c      0x17c .\CortexM0\ARM_GCC_473\Debug\spi_debug_tool.a(UART_1_UART.o)
 .debug_loc     0x00000dc8      0x100 .\CortexM0\ARM_GCC_473\Debug\spi_debug_tool.a(nHIB.o)
 .debug_loc     0x00000ec8      0x100 .\CortexM0\ARM_GCC_473\Debug\spi_debug_tool.a(LED_BLUE.o)
 .debug_loc     0x00000fc8      0x26c .\CortexM0\ARM_GCC_473\Debug\spi_debug_tool.a(isr_1.o)
 .debug_loc     0x00001234      0x100 .\CortexM0\ARM_GCC_473\Debug\spi_debug_tool.a(IRQ_Pin.o)
 .debug_loc     0x00001334      0x4d4 .\CortexM0\ARM_GCC_473\Debug\spi_debug_tool.a(SPIM.o)
 .debug_loc     0x00001808      0x100 .\CortexM0\ARM_GCC_473\Debug\spi_debug_tool.a(m_ss_pin.o)
 .debug_loc     0x00001908       0xe8 .\CortexM0\ARM_GCC_473\Debug\spi_debug_tool.a(SPIM_IntClock.o)
 .debug_loc     0x000019f0      0xa34 .\CortexM0\ARM_GCC_473\Debug\spi_debug_tool.a(CyLib.o)

.debug_macinfo
 *(.debug_macinfo)

.debug_ranges   0x00000000      0x630
 *(.debug_ranges)
 .debug_ranges  0x00000000       0x28 .\CortexM0\ARM_GCC_473\Debug\main.o
 .debug_ranges  0x00000028       0x90 .\CortexM0\ARM_GCC_473\Debug\board.o
 .debug_ranges  0x000000b8       0x20 .\CortexM0\ARM_GCC_473\Debug\cli_uart.o
 .debug_ranges  0x000000d8       0x28 .\CortexM0\ARM_GCC_473\Debug\spi.o
 .debug_ranges  0x00000100       0x30 .\CortexM0\ARM_GCC_473\Debug\Cm0Start.o
 .debug_ranges  0x00000130       0x48 .\CortexM0\ARM_GCC_473\Debug\spi_debug_tool.a(cyfitter_cfg.o)
 .debug_ranges  0x00000178       0x30 .\CortexM0\ARM_GCC_473\Debug\spi_debug_tool.a(LED_GREEN.o)
 .debug_ranges  0x000001a8       0x40 .\CortexM0\ARM_GCC_473\Debug\spi_debug_tool.a(UART_1.o)
 .debug_ranges  0x000001e8       0x50 .\CortexM0\ARM_GCC_473\Debug\spi_debug_tool.a(UART_1_SPI_UART.o)
 .debug_ranges  0x00000238       0x40 .\CortexM0\ARM_GCC_473\Debug\spi_debug_tool.a(UART_1_UART.o)
 .debug_ranges  0x00000278       0x30 .\CortexM0\ARM_GCC_473\Debug\spi_debug_tool.a(nHIB.o)
 .debug_ranges  0x000002a8       0x30 .\CortexM0\ARM_GCC_473\Debug\spi_debug_tool.a(LED_BLUE.o)
 .debug_ranges  0x000002d8       0x70 .\CortexM0\ARM_GCC_473\Debug\spi_debug_tool.a(isr_1.o)
 .debug_ranges  0x00000348       0x30 .\CortexM0\ARM_GCC_473\Debug\spi_debug_tool.a(IRQ_Pin.o)
 .debug_ranges  0x00000378       0xc8 .\CortexM0\ARM_GCC_473\Debug\spi_debug_tool.a(SPIM.o)
 .debug_ranges  0x00000440       0x30 .\CortexM0\ARM_GCC_473\Debug\spi_debug_tool.a(m_ss_pin.o)
 .debug_ranges  0x00000470       0x30 .\CortexM0\ARM_GCC_473\Debug\spi_debug_tool.a(SPIM_IntClock.o)
 .debug_ranges  0x000004a0      0x190 .\CortexM0\ARM_GCC_473\Debug\spi_debug_tool.a(CyLib.o)

.comment        0x00000000       0x70
 .comment       0x00000000       0x70 .\CortexM0\ARM_GCC_473\Debug\main.o
                                 0x71 (size before relaxing)
 .comment       0x00000000       0x71 .\CortexM0\ARM_GCC_473\Debug\board.o
 .comment       0x00000000       0x71 .\CortexM0\ARM_GCC_473\Debug\cli_uart.o
 .comment       0x00000000       0x71 .\CortexM0\ARM_GCC_473\Debug\spi.o
 .comment       0x00000000       0x71 .\CortexM0\ARM_GCC_473\Debug\cymetadata.o
 .comment       0x00000000       0x71 .\CortexM0\ARM_GCC_473\Debug\Cm0Start.o
 .comment       0x00000000       0x71 .\CortexM0\ARM_GCC_473\Debug\spi_debug_tool.a(cyfitter_cfg.o)
 .comment       0x00000000       0x71 .\CortexM0\ARM_GCC_473\Debug\spi_debug_tool.a(LED_GREEN.o)
 .comment       0x00000000       0x71 .\CortexM0\ARM_GCC_473\Debug\spi_debug_tool.a(UART_1.o)
 .comment       0x00000000       0x71 .\CortexM0\ARM_GCC_473\Debug\spi_debug_tool.a(UART_1_SPI_UART.o)
 .comment       0x00000000       0x71 .\CortexM0\ARM_GCC_473\Debug\spi_debug_tool.a(UART_1_UART.o)
 .comment       0x00000000       0x71 .\CortexM0\ARM_GCC_473\Debug\spi_debug_tool.a(nHIB.o)
 .comment       0x00000000       0x71 .\CortexM0\ARM_GCC_473\Debug\spi_debug_tool.a(LED_BLUE.o)
 .comment       0x00000000       0x71 .\CortexM0\ARM_GCC_473\Debug\spi_debug_tool.a(isr_1.o)
 .comment       0x00000000       0x71 .\CortexM0\ARM_GCC_473\Debug\spi_debug_tool.a(IRQ_Pin.o)
 .comment       0x00000000       0x71 .\CortexM0\ARM_GCC_473\Debug\spi_debug_tool.a(SPIM.o)
 .comment       0x00000000       0x71 .\CortexM0\ARM_GCC_473\Debug\spi_debug_tool.a(m_ss_pin.o)
 .comment       0x00000000       0x71 .\CortexM0\ARM_GCC_473\Debug\spi_debug_tool.a(SPIM_IntClock.o)
 .comment       0x00000000       0x71 .\CortexM0\ARM_GCC_473\Debug\spi_debug_tool.a(CyLib.o)

.debug_weaknames
 *(.debug_weaknames)

.debug_funcnames
 *(.debug_funcnames)

.debug_typenames
 *(.debug_typenames)

.debug_varnames
 *(.debug_varnames)

.note.gnu.arm.ident
 *(.note.gnu.arm.ident)

.ARM.attributes
                0x00000000       0x28
 *(.ARM.attributes)
 .ARM.attributes
                0x00000000       0x1e c:/program files (x86)/cypress/psoc creator/3.0/psoc creator/import/gnu_cs/arm/4.7.3/bin/../lib/gcc/arm-none-eabi/4.7.3/armv6-m/crti.o
 .ARM.attributes
                0x0000001e       0x2c c:/program files (x86)/cypress/psoc creator/3.0/psoc creator/import/gnu_cs/arm/4.7.3/bin/../lib/gcc/arm-none-eabi/4.7.3/armv6-m/crtbegin.o
 .ARM.attributes
                0x0000004a       0x1c c:/program files (x86)/cypress/psoc creator/3.0/psoc creator/import/gnu_cs/arm/4.7.3/bin/../lib/gcc/arm-none-eabi/4.7.3/../../../../arm-none-eabi/lib/armv6-m/crt0.o
 .ARM.attributes
                0x00000066       0x31 .\CortexM0\ARM_GCC_473\Debug\main.o
 .ARM.attributes
                0x00000097       0x31 .\CortexM0\ARM_GCC_473\Debug\board.o
 .ARM.attributes
                0x000000c8       0x31 .\CortexM0\ARM_GCC_473\Debug\cli_uart.o
 .ARM.attributes
                0x000000f9       0x31 .\CortexM0\ARM_GCC_473\Debug\spi.o
 .ARM.attributes
                0x0000012a       0x31 .\CortexM0\ARM_GCC_473\Debug\cymetadata.o
 .ARM.attributes
                0x0000015b       0x31 .\CortexM0\ARM_GCC_473\Debug\Cm0Start.o
 .ARM.attributes
                0x0000018c       0x31 .\CortexM0\ARM_GCC_473\Debug\spi_debug_tool.a(cyfitter_cfg.o)
 .ARM.attributes
                0x000001bd       0x31 .\CortexM0\ARM_GCC_473\Debug\spi_debug_tool.a(LED_GREEN.o)
 .ARM.attributes
                0x000001ee       0x31 .\CortexM0\ARM_GCC_473\Debug\spi_debug_tool.a(UART_1.o)
 .ARM.attributes
                0x0000021f       0x31 .\CortexM0\ARM_GCC_473\Debug\spi_debug_tool.a(UART_1_SPI_UART.o)
 .ARM.attributes
                0x00000250       0x31 .\CortexM0\ARM_GCC_473\Debug\spi_debug_tool.a(UART_1_UART.o)
 .ARM.attributes
                0x00000281       0x31 .\CortexM0\ARM_GCC_473\Debug\spi_debug_tool.a(nHIB.o)
 .ARM.attributes
                0x000002b2       0x31 .\CortexM0\ARM_GCC_473\Debug\spi_debug_tool.a(LED_BLUE.o)
 .ARM.attributes
                0x000002e3       0x31 .\CortexM0\ARM_GCC_473\Debug\spi_debug_tool.a(isr_1.o)
 .ARM.attributes
                0x00000314       0x31 .\CortexM0\ARM_GCC_473\Debug\spi_debug_tool.a(IRQ_Pin.o)
 .ARM.attributes
                0x00000345       0x31 .\CortexM0\ARM_GCC_473\Debug\spi_debug_tool.a(SPIM.o)
 .ARM.attributes
                0x00000376       0x31 .\CortexM0\ARM_GCC_473\Debug\spi_debug_tool.a(m_ss_pin.o)
 .ARM.attributes
                0x000003a7       0x31 .\CortexM0\ARM_GCC_473\Debug\spi_debug_tool.a(SPIM_IntClock.o)
 .ARM.attributes
                0x000003d8       0x21 .\CortexM0\ARM_GCC_473\Debug\spi_debug_tool.a(CyBootAsmGnu.o)
 .ARM.attributes
                0x000003f9       0x31 .\CortexM0\ARM_GCC_473\Debug\spi_debug_tool.a(CyLib.o)
 .ARM.attributes
                0x0000042a       0x1e c:/program files (x86)/cypress/psoc creator/3.0/psoc creator/import/gnu_cs/arm/4.7.3/bin/../lib/gcc/arm-none-eabi/4.7.3/armv6-m\libgcc.a(_udivsi3.o)
 .ARM.attributes
                0x00000448       0x1e c:/program files (x86)/cypress/psoc creator/3.0/psoc creator/import/gnu_cs/arm/4.7.3/bin/../lib/gcc/arm-none-eabi/4.7.3/armv6-m\libgcc.a(_divsi3.o)
 .ARM.attributes
                0x00000466       0x1e c:/program files (x86)/cypress/psoc creator/3.0/psoc creator/import/gnu_cs/arm/4.7.3/bin/../lib/gcc/arm-none-eabi/4.7.3/armv6-m\libgcc.a(_dvmd_tls.o)
 .ARM.attributes
                0x00000484       0x2c c:/program files (x86)/cypress/psoc creator/3.0/psoc creator/import/gnu_cs/arm/4.7.3/bin/../lib/gcc/arm-none-eabi/4.7.3/../../../../arm-none-eabi/lib/armv6-m\libc_s.a(lib_a-__atexit2.o)
 .ARM.attributes
                0x000004b0       0x2c c:/program files (x86)/cypress/psoc creator/3.0/psoc creator/import/gnu_cs/arm/4.7.3/bin/../lib/gcc/arm-none-eabi/4.7.3/../../../../arm-none-eabi/lib/armv6-m\libc_s.a(lib_a-exit.o)
 .ARM.attributes
                0x000004dc       0x2c c:/program files (x86)/cypress/psoc creator/3.0/psoc creator/import/gnu_cs/arm/4.7.3/bin/../lib/gcc/arm-none-eabi/4.7.3/../../../../arm-none-eabi/lib/armv6-m\libc_s.a(lib_a-fini.o)
 .ARM.attributes
                0x00000508       0x2c c:/program files (x86)/cypress/psoc creator/3.0/psoc creator/import/gnu_cs/arm/4.7.3/bin/../lib/gcc/arm-none-eabi/4.7.3/../../../../arm-none-eabi/lib/armv6-m\libc_s.a(lib_a-impure.o)
 .ARM.attributes
                0x00000534       0x2c c:/program files (x86)/cypress/psoc creator/3.0/psoc creator/import/gnu_cs/arm/4.7.3/bin/../lib/gcc/arm-none-eabi/4.7.3/../../../../arm-none-eabi/lib/armv6-m\libc_s.a(lib_a-init.o)
 .ARM.attributes
                0x00000560       0x2c c:/program files (x86)/cypress/psoc creator/3.0/psoc creator/import/gnu_cs/arm/4.7.3/bin/../lib/gcc/arm-none-eabi/4.7.3/../../../../arm-none-eabi/lib/armv6-m\libc_s.a(lib_a-memcpy.o)
 .ARM.attributes
                0x0000058c       0x2c c:/program files (x86)/cypress/psoc creator/3.0/psoc creator/import/gnu_cs/arm/4.7.3/bin/../lib/gcc/arm-none-eabi/4.7.3/../../../../arm-none-eabi/lib/armv6-m\libc_s.a(lib_a-memset.o)
 .ARM.attributes
                0x000005b8       0x2c c:/program files (x86)/cypress/psoc creator/3.0/psoc creator/import/gnu_cs/arm/4.7.3/bin/../lib/gcc/arm-none-eabi/4.7.3/../../../../arm-none-eabi/lib/armv6-m\libc_s.a(lib_a-strlen.o)
 .ARM.attributes
                0x000005e4       0x2c c:/program files (x86)/cypress/psoc creator/3.0/psoc creator/import/gnu_cs/arm/4.7.3/bin/../lib/gcc/arm-none-eabi/4.7.3/armv6-m/crtend.o
 .ARM.attributes
                0x00000610       0x1e c:/program files (x86)/cypress/psoc creator/3.0/psoc creator/import/gnu_cs/arm/4.7.3/bin/../lib/gcc/arm-none-eabi/4.7.3/armv6-m/crtn.o

/DISCARD/
 *(.note.GNU-stack)
OUTPUT(.\CortexM0\ARM_GCC_473\Debug\spi_debug_tool.elf elf32-littlearm)
