Archive member included because of file (symbol)

.\CortexM0\ARM_GCC_473\Debug\wlan_station_spi.a(cyfitter_cfg.o)
                              .\CortexM0\ARM_GCC_473\Debug\Cm0Start.o (cyfitter_cfg)
.\CortexM0\ARM_GCC_473\Debug\wlan_station_spi.a(LED_GREEN.o)
                              .\CortexM0\ARM_GCC_473\Debug\board.o (LED_GREEN_Write)
.\CortexM0\ARM_GCC_473\Debug\wlan_station_spi.a(UART_1.o)
                              .\CortexM0\ARM_GCC_473\Debug\cli_uart.o (UART_1_Start)
.\CortexM0\ARM_GCC_473\Debug\wlan_station_spi.a(UART_1_SPI_UART.o)
                              .\CortexM0\ARM_GCC_473\Debug\cli_uart.o (UART_1_SpiUartReadRxData)
.\CortexM0\ARM_GCC_473\Debug\wlan_station_spi.a(UART_1_UART.o)
                              .\CortexM0\ARM_GCC_473\Debug\cli_uart.o (UART_1_UartInit)
.\CortexM0\ARM_GCC_473\Debug\wlan_station_spi.a(nHIB.o)
                              .\CortexM0\ARM_GCC_473\Debug\board.o (nHIB_Write)
.\CortexM0\ARM_GCC_473\Debug\wlan_station_spi.a(LED_BLUE.o)
                              .\CortexM0\ARM_GCC_473\Debug\board.o (LED_BLUE_Write)
.\CortexM0\ARM_GCC_473\Debug\wlan_station_spi.a(CyBootAsmGnu.o)
                              .\CortexM0\ARM_GCC_473\Debug\wlan_station_spi.a(cyfitter_cfg.o) (CyDelayCycles)
.\CortexM0\ARM_GCC_473\Debug\wlan_station_spi.a(CyLib.o)
                              .\CortexM0\ARM_GCC_473\Debug\board.o (CySysClkImoStart)
.\CortexM0\ARM_GCC_473\Debug\wlan_station_spi.a(Rx_ISR.o)
                              .\CortexM0\ARM_GCC_473\Debug\board.o (Rx_ISR_Start)
.\CortexM0\ARM_GCC_473\Debug\wlan_station_spi.a(UARTM.o)
                              .\CortexM0\ARM_GCC_473\Debug\uart.o (UARTM_Start)
.\CortexM0\ARM_GCC_473\Debug\wlan_station_spi.a(UARTM_IntClock.o)
                              .\CortexM0\ARM_GCC_473\Debug\wlan_station_spi.a(UARTM.o) (UARTM_IntClock_Start)
c:/program files (x86)/cypress/psoc creator/3.0/psoc creator/import/gnu_cs/arm/4.7.3/bin/../lib/gcc/arm-none-eabi/4.7.3/armv6-m\libgcc.a(_udivsi3.o)
                              .\CortexM0\ARM_GCC_473\Debug\fs.o (__aeabi_uidiv)
c:/program files (x86)/cypress/psoc creator/3.0/psoc creator/import/gnu_cs/arm/4.7.3/bin/../lib/gcc/arm-none-eabi/4.7.3/armv6-m\libgcc.a(_divsi3.o)
                              .\CortexM0\ARM_GCC_473\Debug\Cm0Start.o (__aeabi_idiv)
c:/program files (x86)/cypress/psoc creator/3.0/psoc creator/import/gnu_cs/arm/4.7.3/bin/../lib/gcc/arm-none-eabi/4.7.3/armv6-m\libgcc.a(_dvmd_tls.o)
                              c:/program files (x86)/cypress/psoc creator/3.0/psoc creator/import/gnu_cs/arm/4.7.3/bin/../lib/gcc/arm-none-eabi/4.7.3/armv6-m\libgcc.a(_udivsi3.o) (__aeabi_idiv0)
c:/program files (x86)/cypress/psoc creator/3.0/psoc creator/import/gnu_cs/arm/4.7.3/bin/../lib/gcc/arm-none-eabi/4.7.3/../../../../arm-none-eabi/lib/armv6-m\libc_s.a(lib_a-__atexit2.o)
                              c:/program files (x86)/cypress/psoc creator/3.0/psoc creator/import/gnu_cs/arm/4.7.3/bin/../lib/gcc/arm-none-eabi/4.7.3/../../../../arm-none-eabi/lib/armv6-m/crt0.o (__register_exitproc)
c:/program files (x86)/cypress/psoc creator/3.0/psoc creator/import/gnu_cs/arm/4.7.3/bin/../lib/gcc/arm-none-eabi/4.7.3/../../../../arm-none-eabi/lib/armv6-m\libc_s.a(lib_a-exit.o)
                              c:/program files (x86)/cypress/psoc creator/3.0/psoc creator/import/gnu_cs/arm/4.7.3/bin/../lib/gcc/arm-none-eabi/4.7.3/../../../../arm-none-eabi/lib/armv6-m/crt0.o (exit)
c:/program files (x86)/cypress/psoc creator/3.0/psoc creator/import/gnu_cs/arm/4.7.3/bin/../lib/gcc/arm-none-eabi/4.7.3/../../../../arm-none-eabi/lib/armv6-m\libc_s.a(lib_a-fini.o)
                              c:/program files (x86)/cypress/psoc creator/3.0/psoc creator/import/gnu_cs/arm/4.7.3/bin/../lib/gcc/arm-none-eabi/4.7.3/../../../../arm-none-eabi/lib/armv6-m/crt0.o (__libc_fini_array)
c:/program files (x86)/cypress/psoc creator/3.0/psoc creator/import/gnu_cs/arm/4.7.3/bin/../lib/gcc/arm-none-eabi/4.7.3/../../../../arm-none-eabi/lib/armv6-m\libc_s.a(lib_a-impure.o)
                              c:/program files (x86)/cypress/psoc creator/3.0/psoc creator/import/gnu_cs/arm/4.7.3/bin/../lib/gcc/arm-none-eabi/4.7.3/../../../../arm-none-eabi/lib/armv6-m\libc_s.a(lib_a-exit.o) (_global_impure_ptr)
c:/program files (x86)/cypress/psoc creator/3.0/psoc creator/import/gnu_cs/arm/4.7.3/bin/../lib/gcc/arm-none-eabi/4.7.3/../../../../arm-none-eabi/lib/armv6-m\libc_s.a(lib_a-init.o)
                              c:/program files (x86)/cypress/psoc creator/3.0/psoc creator/import/gnu_cs/arm/4.7.3/bin/../lib/gcc/arm-none-eabi/4.7.3/../../../../arm-none-eabi/lib/armv6-m/crt0.o (__libc_init_array)
c:/program files (x86)/cypress/psoc creator/3.0/psoc creator/import/gnu_cs/arm/4.7.3/bin/../lib/gcc/arm-none-eabi/4.7.3/../../../../arm-none-eabi/lib/armv6-m\libc_s.a(lib_a-memcpy.o)
                              .\CortexM0\ARM_GCC_473\Debug\device.o (memcpy)
[...]
Memory Configuration

Name             Origin             Length             Attributes
rom              0x00000000         0x00008000         xr
ram              0x20000000         0x00001000         xrw
*default*        0x00000000         0xffffffff

Linker script and memory map

LOAD c:/program files (x86)/cypress/psoc creator/3.0/psoc creator/import/gnu_cs/arm/4.7.3/bin/../lib/gcc/arm-none-eabi/4.7.3/armv6-m/crti.o
LOAD c:/program files (x86)/cypress/psoc creator/3.0/psoc creator/import/gnu_cs/arm/4.7.3/bin/../lib/gcc/arm-none-eabi/4.7.3/armv6-m/crtbegin.o
LOAD c:/program files (x86)/cypress/psoc creator/3.0/psoc creator/import/gnu_cs/arm/4.7.3/bin/../lib/gcc/arm-none-eabi/4.7.3/../../../../arm-none-eabi/lib/armv6-m/crt0.o
START GROUP
LOAD .\CortexM0\ARM_GCC_473\Debug\main.o
LOAD .\CortexM0\ARM_GCC_473\Debug\board.o
LOAD .\CortexM0\ARM_GCC_473\Debug\cli_uart.o
LOAD .\CortexM0\ARM_GCC_473\Debug\spi.o
LOAD .\CortexM0\ARM_GCC_473\Debug\uart.o
LOAD .\CortexM0\ARM_GCC_473\Debug\device.o
LOAD .\CortexM0\ARM_GCC_473\Debug\driver.o
LOAD .\CortexM0\ARM_GCC_473\Debug\flowcont.o
LOAD .\CortexM0\ARM_GCC_473\Debug\fs.o
LOAD .\CortexM0\ARM_GCC_473\Debug\netapp.o
LOAD .\CortexM0\ARM_GCC_473\Debug\netcfg.o
LOAD .\CortexM0\ARM_GCC_473\Debug\nonos.o
LOAD .\CortexM0\ARM_GCC_473\Debug\socket.o
LOAD .\CortexM0\ARM_GCC_473\Debug\spawn.o
LOAD .\CortexM0\ARM_GCC_473\Debug\wlan.o
LOAD .\CortexM0\ARM_GCC_473\Debug\cymetadata.o
LOAD .\CortexM0\ARM_GCC_473\Debug\Cm0Start.o
LOAD .\CortexM0\ARM_GCC_473\Debug\wlan_station_spi.a
LOAD C:\Program Files (x86)\Cypress\PSoC Creator\3.0\PSoC Creator\psoc\content\cycomponentlibrary\CyComponentLibrary.cylib\CortexM0\ARM_GCC_473\Debug\CyComponentLibrary.a
END GROUP
START GROUP
LOAD c:/program files (x86)/cypress/psoc creator/3.0/psoc creator/import/gnu_cs/arm/4.7.3/bin/../lib/gcc/arm-none-eabi/4.7.3/armv6-m\libgcc.a
LOAD c:/program files (x86)/cypress/psoc creator/3.0/psoc creator/import/gnu_cs/arm/4.7.3/bin/../lib/gcc/arm-none-eabi/4.7.3/../../../../arm-none-eabi/lib/armv6-m\libc_s.a
END GROUP
LOAD c:/program files (x86)/cypress/psoc creator/3.0/psoc creator/import/gnu_cs/arm/4.7.3/bin/../lib/gcc/arm-none-eabi/4.7.3/armv6-m/crtend.o
LOAD c:/program files (x86)/cypress/psoc creator/3.0/psoc creator/import/gnu_cs/arm/4.7.3/bin/../lib/gcc/arm-none-eabi/4.7.3/armv6-m/crtn.o
START GROUP
LOAD c:/program files (x86)/cypress/psoc creator/3.0/psoc creator/import/gnu_cs/arm/4.7.3/bin/../lib/gcc/arm-none-eabi/4.7.3/armv6-m\libgcc.a
LOAD c:/program files (x86)/cypress/psoc creator/3.0/psoc creator/import/gnu_cs/arm/4.7.3/bin/../lib/gcc/arm-none-eabi/4.7.3/../../../../arm-none-eabi/lib/armv6-m\libc.a
LOAD c:/program files (x86)/cypress/psoc creator/3.0/psoc creator/import/gnu_cs/arm/4.7.3/bin/../lib/gcc/arm-none-eabi/4.7.3/../../../../arm-none-eabi/lib/armv6-m\libnosys.a
END GROUP
                0x00000000                CY_APPL_ORIGIN = 0x0
                0x00000080                CY_FLASH_ROW_SIZE = 0x80
                0x00000001                CY_APPL_NUM = 0x1
                0x00000040                CY_METADATA_SIZE = 0x40
                0x200002c8                PROVIDE (__cy_heap_start, _end)
                0x00000001                PROVIDE (__cy_region_num, ((__cy_regions_end - __cy_regions) / 0x10))
                0x20001000                PROVIDE (__cy_stack, (ORIGIN (ram) + 0x1000))
                0x20000c00                PROVIDE (__cy_heap_end, (__cy_stack - 0x400))

.cybootloader   0x00000000        0x0
 *(.cybootloader)
                0x00000000                appl1_start = CY_APPL_ORIGIN?CY_APPL_ORIGIN:ALIGN (CY_FLASH_ROW_SIZE)
                0x00003f80                appl2_start = (appl1_start + ALIGN ((((0x8000 - appl1_start) - (0x2 * CY_FLASH_ROW_SIZE)) / 0x2), CY_FLASH_ROW_SIZE))
                0x00000000                appl_start = (CY_APPL_NUM == 0x1)?appl1_start:appl2_start

.text           0x00000000     0x5576
 CREATE_OBJECT_SYMBOLS
                0x00000000                PROVIDE (__cy_interrupt_vector, RomVectors)
 *(.romvectors)
 .romvectors    0x00000000       0x10 .\CortexM0\ARM_GCC_473\Debug\Cm0Start.o
                0x00000000                RomVectors
                0x00000001                ASSERT ((. != __cy_interrupt_vector), No interrupt vector)
                0x00000001                ASSERT (CY_APPL_ORIGIN?(SIZEOF (.cybootloader) <= CY_APPL_ORIGIN):0x1, Wrong image location)
                0x00000010                PROVIDE (__cy_reset, Reset)
 *(.text.Reset)
 .text.Reset    0x00000010        0x8 .\CortexM0\ARM_GCC_473\Debug\Cm0Start.o
                0x00000010                Reset
                0x00000001                ASSERT ((. != __cy_reset), No reset code)
 *(.psocinit)
 .psocinit      0x00000018      0x374 .\CortexM0\ARM_GCC_473\Debug\wlan_station_spi.a(cyfitter_cfg.o)
                0x00000168                cyfitter_cfg
                0x0000038c                . = MAX (., 0x100)
 *(.text .text.* .gnu.linkonce.t.*)
 .text          0x0000038c       0x60 c:/program files (x86)/cypress/psoc creator/3.0/psoc creator/import/gnu_cs/arm/4.7.3/bin/../lib/gcc/arm-none-eabi/4.7.3/armv6-m/crtbegin.o
 .text.SimpleLinkWlanEventHandler
                0x000003ec       0x8c .\CortexM0\ARM_GCC_473\Debug\main.o
                0x000003ec                SimpleLinkWlanEventHandler
 .text.SimpleLinkNetAppEventHandler
                0x00000478       0x4c .\CortexM0\ARM_GCC_473\Debug\main.o
                0x00000478                SimpleLinkNetAppEventHandler
 .text.SimpleLinkHttpServerCallback
                0x000004c4       0x1c .\CortexM0\ARM_GCC_473\Debug\main.o
                0x000004c4                SimpleLinkHttpServerCallback
 .text.SimpleLinkPingReport
                0x000004e0       0x2c .\CortexM0\ARM_GCC_473\Debug\main.o
 .text.main     0x0000050c      0x11c .\CortexM0\ARM_GCC_473\Debug\main.o
                0x0000050c                main
 .text.configureSimpleLinkToDefaultState
                0x00000628      0x224 .\CortexM0\ARM_GCC_473\Debug\main.o
 .text.establishConnectionWithAP
                0x0000084c       0x84 .\CortexM0\ARM_GCC_473\Debug\main.o
 .text.checkLanConnection
                0x000008d0      0x108 .\CortexM0\ARM_GCC_473\Debug\main.o
 .text.checkInternetConnection
                0x000009d8      0x13c .\CortexM0\ARM_GCC_473\Debug\main.o
 .text.initializeAppVariables
                0x00000b14       0x2c .\CortexM0\ARM_GCC_473\Debug\main.o
 .text.displayBanner
                0x00000b40       0x38 .\CortexM0\ARM_GCC_473\Debug\main.o
 .text.registerInterruptHandler
                0x00000b78       0x20 .\CortexM0\ARM_GCC_473\Debug\board.o
                0x00000b78                registerInterruptHandler
 .text.CC3100_disable
                0x00000b98       0x10 .\CortexM0\ARM_GCC_473\Debug\board.o
                0x00000b98                CC3100_disable
 .text.CC3100_enable
                0x00000ba8       0x10 .\CortexM0\ARM_GCC_473\Debug\board.o
                0x00000ba8                CC3100_enable
 .text.CC3100_InterruptEnable
                0x00000bb8       0x10 .\CortexM0\ARM_GCC_473\Debug\board.o
                0x00000bb8                CC3100_InterruptEnable
 .text.CC3100_InterruptDisable
                0x00000bc8       0x10 .\CortexM0\ARM_GCC_473\Debug\board.o
                0x00000bc8                CC3100_InterruptDisable
 .text.MaskIntHdlr
                0x00000bd8       0x14 .\CortexM0\ARM_GCC_473\Debug\board.o
                0x00000bd8                MaskIntHdlr
 .text.UnMaskIntHdlr
                0x00000bec       0x14 .\CortexM0\ARM_GCC_473\Debug\board.o
                0x00000bec                UnMaskIntHdlr
 .text.initClk  0x00000c00       0x14 .\CortexM0\ARM_GCC_473\Debug\board.o
                0x00000c00                initClk
 .text.stopWDT  0x00000c14       0x1c .\CortexM0\ARM_GCC_473\Debug\board.o
                0x00000c14                stopWDT
 .text.CLI_Write
                0x00000c30       0x68 .\CortexM0\ARM_GCC_473\Debug\cli_uart.o
                0x00000c30                CLI_Write
 .text.CLI_Configure
                0x00000c98       0x10 .\CortexM0\ARM_GCC_473\Debug\cli_uart.o
                0x00000c98                CLI_Configure
 .text.uart_Close
                0x00000ca8       0x1c .\CortexM0\ARM_GCC_473\Debug\uart.o
                0x00000ca8                uart_Close
 .text.uart_Open
                0x00000cc4       0x2c .\CortexM0\ARM_GCC_473\Debug\uart.o
                0x00000cc4                uart_Open
 .text.uart_Read
                0x00000cf0       0x60 .\CortexM0\ARM_GCC_473\Debug\uart.o
                0x00000cf0                uart_Read
 .text.uart_Write
                0x00000d50       0x40 .\CortexM0\ARM_GCC_473\Debug\uart.o
                0x00000d50                uart_Write
 .text.GetStartResponseConvert
                0x00000d90       0x78 .\CortexM0\ARM_GCC_473\Debug\device.o
                0x00000d90                GetStartResponseConvert
 .text.sl_Start
                0x00000e08      0x128 .\CortexM0\ARM_GCC_473\Debug\device.o
                0x00000e08                sl_Start
 .text._sl_HandleAsync_InitComplete
                0x00000f30       0xe0 .\CortexM0\ARM_GCC_473\Debug\device.o
                0x00000f30                _sl_HandleAsync_InitComplete
 .text._sl_HandleAsync_Stop
                0x00001010       0xa8 .\CortexM0\ARM_GCC_473\Debug\device.o
                0x00001010                _sl_HandleAsync_Stop
 .text.sl_Stop  0x000010b8      0x14c .\CortexM0\ARM_GCC_473\Debug\device.o
                0x000010b8                sl_Stop
 .text.sl_DevGet
                0x00001204       0xec .\CortexM0\ARM_GCC_473\Debug\device.o
                0x00001204                sl_DevGet
 .text._SlDrvDeviceEventHandler
                0x000012f0       0x3c .\CortexM0\ARM_GCC_473\Debug\device.o
                0x000012f0                _SlDrvDeviceEventHandler
 .text._SlDrvDriverCBInit
                0x0000132c      0x108 .\CortexM0\ARM_GCC_473\Debug\driver.o
                0x0000132c                _SlDrvDriverCBInit
 .text._SlDrvDriverCBDeinit
                0x00001434       0xc0 .\CortexM0\ARM_GCC_473\Debug\driver.o
                0x00001434                _SlDrvDriverCBDeinit
 .text._SlDrvRxIrqHandler
                0x000014f4       0x5c .\CortexM0\ARM_GCC_473\Debug\driver.o
                0x000014f4                _SlDrvRxIrqHandler
 .text._SlDrvCmdOp
                0x00001550       0x94 .\CortexM0\ARM_GCC_473\Debug\driver.o
                0x00001550                _SlDrvCmdOp
 .text._SlDrvCmdSend
                0x000015e4       0x4c .\CortexM0\ARM_GCC_473\Debug\driver.o
                0x000015e4                _SlDrvCmdSend
 .text._SlDrvMsgWrite
                0x00001630      0x21c .\CortexM0\ARM_GCC_473\Debug\driver.o
                0x00001630                _SlDrvMsgWrite
 .text._SlDrvMsgRead
                0x0000184c      0x764 .\CortexM0\ARM_GCC_473\Debug\driver.o
                0x0000184c                _SlDrvMsgRead
 .text._SlAsyncEventGenericHandler
                0x00001fb0      0x7e8 .\CortexM0\ARM_GCC_473\Debug\driver.o
                0x00001fb0                _SlAsyncEventGenericHandler
 .text._SlDrvMsgReadCmdCtx
                0x00002798      0x118 .\CortexM0\ARM_GCC_473\Debug\driver.o
                0x00002798                _SlDrvMsgReadCmdCtx
 .text._SlDrvMsgReadSpawnCtx
                0x000028b0       0xf8 .\CortexM0\ARM_GCC_473\Debug\driver.o
                0x000028b0                _SlDrvMsgReadSpawnCtx
 .text._SlDrvClassifyRxMsg
                0x000029a8      0x134 .\CortexM0\ARM_GCC_473\Debug\driver.o
                0x000029a8                _SlDrvClassifyRxMsg
 .text._SlDrvShiftDWord
                0x00002adc       0x54 .\CortexM0\ARM_GCC_473\Debug\driver.o
                0x00002adc                _SlDrvShiftDWord
 .text._SlDrvRxHdrRead
                0x00002b30      0x20c .\CortexM0\ARM_GCC_473\Debug\driver.o
                0x00002b30                _SlDrvRxHdrRead
 .text._SlDrvBasicCmd
                0x00002d3c       0x5c .\CortexM0\ARM_GCC_473\Debug\driver.o
                0x00002d3c                _SlDrvBasicCmd
 .text._SlDrvWaitForPoolObj
                0x00002d98      0x280 .\CortexM0\ARM_GCC_473\Debug\driver.o
                0x00002d98                _SlDrvWaitForPoolObj
 .text._SlDrvReleasePoolObj
                0x00003018      0x2ac .\CortexM0\ARM_GCC_473\Debug\driver.o
                0x00003018                _SlDrvReleasePoolObj
 .text._SlDrvObjInit
                0x000032c4       0x94 .\CortexM0\ARM_GCC_473\Debug\driver.o
                0x000032c4                _SlDrvObjInit
 .text._SlDrvObjDeInit
                0x00003358       0x2c .\CortexM0\ARM_GCC_473\Debug\driver.o
                0x00003358                _SlDrvObjDeInit
 .text._SlRemoveFromList
                0x00003384       0xf8 .\CortexM0\ARM_GCC_473\Debug\driver.o
                0x00003384                _SlRemoveFromList
 .text._SlFindAndSetActiveObj
                0x0000347c      0x1d0 .\CortexM0\ARM_GCC_473\Debug\driver.o
                0x0000347c                _SlFindAndSetActiveObj
 .text._SlDrvFlowContInit
                0x0000364c       0x50 .\CortexM0\ARM_GCC_473\Debug\flowcont.o
                0x0000364c                _SlDrvFlowContInit
 .text._SlDrvFlowContDeinit
                0x0000369c       0x50 .\CortexM0\ARM_GCC_473\Debug\flowcont.o
                0x0000369c                _SlDrvFlowContDeinit
 .text.sl_NetAppMDNSRegisterUnregisterService
                0x000036ec      0x1ac .\CortexM0\ARM_GCC_473\Debug\netapp.o
                0x000036ec                sl_NetAppMDNSRegisterUnregisterService
 .text.sl_NetAppMDNSUnRegisterService
                0x00003898       0x44 .\CortexM0\ARM_GCC_473\Debug\netapp.o
                0x00003898                sl_NetAppMDNSUnRegisterService
 .text._sl_HandleAsync_DnsGetHostByService
                0x000038dc      0x108 .\CortexM0\ARM_GCC_473\Debug\netapp.o
                0x000038dc                _sl_HandleAsync_DnsGetHostByService
 .text.sl_NetAppDnsGetHostByName
                0x000039e4      0x1d0 .\CortexM0\ARM_GCC_473\Debug\netapp.o
                0x000039e4                sl_NetAppDnsGetHostByName
 .text._sl_HandleAsync_DnsGetHostByName
                0x00003bb4       0xf8 .\CortexM0\ARM_GCC_473\Debug\netapp.o
                0x00003bb4                _sl_HandleAsync_DnsGetHostByName
 .text.CopyPingResultsToReport
                0x00003cac       0x40 .\CortexM0\ARM_GCC_473\Debug\netapp.o
                0x00003cac                CopyPingResultsToReport
 .text._sl_HandleAsync_PingResponse
                0x00003cec       0xf0 .\CortexM0\ARM_GCC_473\Debug\netapp.o
                0x00003cec                _sl_HandleAsync_PingResponse
 .text.sl_NetAppPingStart
                0x00003ddc      0x1fc .\CortexM0\ARM_GCC_473\Debug\netapp.o
                0x00003ddc                sl_NetAppPingStart
 .text.sl_NetAppSendTokenValue
                0x00003fd8       0x98 .\CortexM0\ARM_GCC_473\Debug\netapp.o
                0x00003fd8                sl_NetAppSendTokenValue
 .text._SlDrvNetAppEventHandler
                0x00004070      0x188 .\CortexM0\ARM_GCC_473\Debug\netapp.o
                0x00004070                _SlDrvNetAppEventHandler
 .text.sl_NetCfgSet
                0x000041f8       0x9c .\CortexM0\ARM_GCC_473\Debug\netcfg.o
                0x000041f8                sl_NetCfgSet
 .text._SlNonOsSemSet
                0x00004294       0x20 .\CortexM0\ARM_GCC_473\Debug\nonos.o
                0x00004294                _SlNonOsSemSet
 .text._SlNonOsSemGet
                0x000042b4       0x68 .\CortexM0\ARM_GCC_473\Debug\nonos.o
                0x000042b4                _SlNonOsSemGet
 .text._SlNonOsSpawn
                0x0000431c       0x4c .\CortexM0\ARM_GCC_473\Debug\nonos.o
                0x0000431c                _SlNonOsSpawn
 .text._SlNonOsMainLoopTask
                0x00004368       0x68 .\CortexM0\ARM_GCC_473\Debug\nonos.o
                0x00004368                _SlNonOsMainLoopTask
 .text._sl_HandleAsync_Connect
                0x000043d0       0xd4 .\CortexM0\ARM_GCC_473\Debug\socket.o
                0x000043d0                _sl_HandleAsync_Connect
 .text._sl_HandleAsync_Accept
                0x000044a4       0xb8 .\CortexM0\ARM_GCC_473\Debug\socket.o
                0x000044a4                _sl_HandleAsync_Accept
 .text._sl_HandleAsync_Select
                0x0000455c       0xa8 .\CortexM0\ARM_GCC_473\Debug\socket.o
                0x0000455c                _sl_HandleAsync_Select
 .text.sl_WlanConnect
                0x00004604      0x354 .\CortexM0\ARM_GCC_473\Debug\wlan.o
                0x00004604                sl_WlanConnect
 .text.sl_WlanDisconnect
                0x00004958       0x18 .\CortexM0\ARM_GCC_473\Debug\wlan.o
                0x00004958                sl_WlanDisconnect
 .text.sl_WlanPolicySet
                0x00004970       0x8c .\CortexM0\ARM_GCC_473\Debug\wlan.o
                0x00004970                sl_WlanPolicySet
 .text.sl_WlanProfileDel
                0x000049fc       0x44 .\CortexM0\ARM_GCC_473\Debug\wlan.o
                0x000049fc                sl_WlanProfileDel
 .text.sl_WlanSetMode
                0x00004a40       0x48 .\CortexM0\ARM_GCC_473\Debug\wlan.o
                0x00004a40                sl_WlanSetMode
 .text.sl_WlanSet
                0x00004a88       0xa0 .\CortexM0\ARM_GCC_473\Debug\wlan.o
                0x00004a88                sl_WlanSet
 .text.IntDefaultHandler
                0x00004b28        0x8 .\CortexM0\ARM_GCC_473\Debug\Cm0Start.o
                0x00004b28                IntDefaultHandler
 .text.Start_c  0x00004b30       0xa4 .\CortexM0\ARM_GCC_473\Debug\Cm0Start.o
                0x00004b30                Start_c
 .text.initialize_psoc
                0x00004bd4       0x64 .\CortexM0\ARM_GCC_473\Debug\Cm0Start.o
                0x00004bd4                initialize_psoc
 .text.CYMEMZERO
                0x00004c38       0x20 .\CortexM0\ARM_GCC_473\Debug\wlan_station_spi.a(cyfitter_cfg.o)
 .text.CYCONFIGCPYCODE
                0x00004c58       0x24 .\CortexM0\ARM_GCC_473\Debug\wlan_station_spi.a(cyfitter_cfg.o)
 .text.cfg_write_bytes32
                0x00004c7c       0x80 .\CortexM0\ARM_GCC_473\Debug\wlan_station_spi.a(cyfitter_cfg.o)
 .text.AnalogSetDefault
                0x00004cfc        0x8 .\CortexM0\ARM_GCC_473\Debug\wlan_station_spi.a(cyfitter_cfg.o)
 .text.UART_1_Init
                0x00004d04        0xc .\CortexM0\ARM_GCC_473\Debug\wlan_station_spi.a(UART_1.o)
                0x00004d04                UART_1_Init
 .text.UART_1_Enable
                0x00004d10       0x20 .\CortexM0\ARM_GCC_473\Debug\wlan_station_spi.a(UART_1.o)
                0x00004d10                UART_1_Enable
 .text.UART_1_Start
                0x00004d30       0x24 .\CortexM0\ARM_GCC_473\Debug\wlan_station_spi.a(UART_1.o)
                0x00004d30                UART_1_Start
 .text.UART_1_ScbEnableIntr
                0x00004d54        0x8 .\CortexM0\ARM_GCC_473\Debug\wlan_station_spi.a(UART_1.o)
 .text.UART_1_SpiUartWriteTxData
                0x00004d5c       0x2c .\CortexM0\ARM_GCC_473\Debug\wlan_station_spi.a(UART_1_SPI_UART.o)
                0x00004d5c                UART_1_SpiUartWriteTxData
 .text.UART_1_UartInit
                0x00004d88       0xa8 .\CortexM0\ARM_GCC_473\Debug\wlan_station_spi.a(UART_1_UART.o)
                0x00004d88                UART_1_UartInit
 .text.nHIB_Write
                0x00004e30       0x4c .\CortexM0\ARM_GCC_473\Debug\wlan_station_spi.a(nHIB.o)
                0x00004e30                nHIB_Write
 *fill*         0x00004e7c        0x4 00
 .text          0x00004e80       0x20 .\CortexM0\ARM_GCC_473\Debug\wlan_station_spi.a(CyBootAsmGnu.o)
                0x00004e80                CyDelayCycles
                0x00004e92                CyEnterCriticalSection
                0x00004e9a                CyExitCriticalSection
 .text.CySysClkImoStart
                0x00004ea0       0x1c .\CortexM0\ARM_GCC_473\Debug\wlan_station_spi.a(CyLib.o)
                0x00004ea0                CySysClkImoStart
 .text.CySysClkIloStart
                0x00004ebc       0x1c .\CortexM0\ARM_GCC_473\Debug\wlan_station_spi.a(CyLib.o)
                0x00004ebc                CySysClkIloStart
 .text.CySysClkWriteImoFreq
                0x00004ed8      0x200 .\CortexM0\ARM_GCC_473\Debug\wlan_station_spi.a(CyLib.o)
                0x00004ed8                CySysClkWriteImoFreq
 .text.CySysWdtDisable
                0x000050d8       0x30 .\CortexM0\ARM_GCC_473\Debug\wlan_station_spi.a(CyLib.o)
                0x000050d8                CySysWdtDisable
 .text.CyHalt   0x00005108       0x14 .\CortexM0\ARM_GCC_473\Debug\wlan_station_spi.a(CyLib.o)
                0x00005108                CyHalt
 .text.CyDelay  0x0000511c       0x48 .\CortexM0\ARM_GCC_473\Debug\wlan_station_spi.a(CyLib.o)
                0x0000511c                CyDelay
 .text.CyDelayUs
                0x00005164       0x28 .\CortexM0\ARM_GCC_473\Debug\wlan_station_spi.a(CyLib.o)
                0x00005164                CyDelayUs
 .text.Rx_ISR_Start
                0x0000518c       0x24 .\CortexM0\ARM_GCC_473\Debug\wlan_station_spi.a(Rx_ISR.o)
                0x0000518c                Rx_ISR_Start
 .text.Rx_ISR_Interrupt
                0x000051b0       0x2c .\CortexM0\ARM_GCC_473\Debug\wlan_station_spi.a(Rx_ISR.o)
                0x000051b0                Rx_ISR_Interrupt
 .text.Rx_ISR_SetVector
                0x000051dc       0x18 .\CortexM0\ARM_GCC_473\Debug\wlan_station_spi.a(Rx_ISR.o)
                0x000051dc                Rx_ISR_SetVector
 .text.Rx_ISR_SetPriority
                0x000051f4       0x50 .\CortexM0\ARM_GCC_473\Debug\wlan_station_spi.a(Rx_ISR.o)
                0x000051f4                Rx_ISR_SetPriority
 .text.Rx_ISR_Enable
                0x00005244       0x14 .\CortexM0\ARM_GCC_473\Debug\wlan_station_spi.a(Rx_ISR.o)
                0x00005244                Rx_ISR_Enable
 .text.Rx_ISR_Disable
                0x00005258       0x14 .\CortexM0\ARM_GCC_473\Debug\wlan_station_spi.a(Rx_ISR.o)
                0x00005258                Rx_ISR_Disable
 .text.Rx_ISR_ClearPending
                0x0000526c       0x14 .\CortexM0\ARM_GCC_473\Debug\wlan_station_spi.a(Rx_ISR.o)
                0x0000526c                Rx_ISR_ClearPending
 .text.UARTM_Start
                0x00005280       0x24 .\CortexM0\ARM_GCC_473\Debug\wlan_station_spi.a(UARTM.o)
                0x00005280                UARTM_Start
 .text.UARTM_Init
                0x000052a4       0x3c .\CortexM0\ARM_GCC_473\Debug\wlan_station_spi.a(UARTM.o)
                0x000052a4                UARTM_Init
 .text.UARTM_Enable
                0x000052e0       0x60 .\CortexM0\ARM_GCC_473\Debug\wlan_station_spi.a(UARTM.o)
                0x000052e0                UARTM_Enable
 .text.UARTM_Stop
                0x00005340       0x60 .\CortexM0\ARM_GCC_473\Debug\wlan_station_spi.a(UARTM.o)
                0x00005340                UARTM_Stop
 .text.UARTM_ReadRxData
                0x000053a0       0x20 .\CortexM0\ARM_GCC_473\Debug\wlan_station_spi.a(UARTM.o)
                0x000053a0                UARTM_ReadRxData
 .text.UARTM_ReadRxStatus
                0x000053c0       0x24 .\CortexM0\ARM_GCC_473\Debug\wlan_station_spi.a(UARTM.o)
                0x000053c0                UARTM_ReadRxStatus
 .text.UARTM_GetByte
                0x000053e4       0x24 .\CortexM0\ARM_GCC_473\Debug\wlan_station_spi.a(UARTM.o)
                0x000053e4                UARTM_GetByte
 .text.UARTM_ClearRxBuffer
                0x00005408       0x44 .\CortexM0\ARM_GCC_473\Debug\wlan_station_spi.a(UARTM.o)
                0x00005408                UARTM_ClearRxBuffer
 .text.UARTM_PutChar
                0x0000544c       0x34 .\CortexM0\ARM_GCC_473\Debug\wlan_station_spi.a(UARTM.o)
                0x0000544c                UARTM_PutChar
 .text.UARTM_ClearTxBuffer
                0x00005480       0x44 .\CortexM0\ARM_GCC_473\Debug\wlan_station_spi.a(UARTM.o)
                0x00005480                UARTM_ClearTxBuffer
 .text.UARTM_IntClock_Start
                0x000054c4       0x1c .\CortexM0\ARM_GCC_473\Debug\wlan_station_spi.a(UARTM_IntClock.o)
                0x000054c4                UARTM_IntClock_Start
 .text.UARTM_IntClock_Stop
                0x000054e0       0x18 .\CortexM0\ARM_GCC_473\Debug\wlan_station_spi.a(UARTM_IntClock.o)
                0x000054e0                UARTM_IntClock_Stop
 .text.__libc_init_array
                0x000054f8       0x4c c:/program files (x86)/cypress/psoc creator/3.0/psoc creator/import/gnu_cs/arm/4.7.3/bin/../lib/gcc/arm-none-eabi/4.7.3/../../../../arm-none-eabi/lib/armv6-m\libc_s.a(lib_a-init.o)
                0x000054f8                __libc_init_array
 .text.memcpy   0x00005544       0x12 c:/program files (x86)/cypress/psoc creator/3.0/psoc creator/import/gnu_cs/arm/4.7.3/bin/../lib/gcc/arm-none-eabi/4.7.3/../../../../arm-none-eabi/lib/armv6-m\libc_s.a(lib_a-memcpy.o)
                0x00005544                memcpy
 .text.memset   0x00005556       0x12 c:/program files (x86)/cypress/psoc creator/3.0/psoc creator/import/gnu_cs/arm/4.7.3/bin/../lib/gcc/arm-none-eabi/4.7.3/../../../../arm-none-eabi/lib/armv6-m\libc_s.a(lib_a-memset.o)
                0x00005556                memset
 .text.strlen   0x00005568        0xe c:/program files (x86)/cypress/psoc creator/3.0/psoc creator/import/gnu_cs/arm/4.7.3/bin/../lib/gcc/arm-none-eabi/4.7.3/../../../../arm-none-eabi/lib/armv6-m\libc_s.a(lib_a-strlen.o)
                0x00005568                strlen
 *(.plt)
 *(.gnu.warning)
 *(.glue_7t)
 .glue_7t       0x00000000        0x0 linker stubs
 *(.glue_7)
 .glue_7        0x00000000        0x0 linker stubs
 *(.vfp11_veneer)
 .vfp11_veneer  0x00000000        0x0 linker stubs
 *(.bootloader)
 *(.ARM.extab* .gnu.linkonce.armextab.*)
 *(.gcc_except_table)

.v4_bx          0x00005578        0x0
 .v4_bx         0x00000000        0x0 linker stubs

.iplt           0x00005578        0x0
 .iplt          0x00000000        0x0 c:/program files (x86)/cypress/psoc creator/3.0/psoc creator/import/gnu_cs/arm/4.7.3/bin/../lib/gcc/arm-none-eabi/4.7.3/armv6-m/crtbegin.o

.eh_frame_hdr
 *(.eh_frame_hdr)

.eh_frame       0x00005578        0x4
 *(.eh_frame)
 .eh_frame      0x00005578        0x0 c:/program files (x86)/cypress/psoc creator/3.0/psoc creator/import/gnu_cs/arm/4.7.3/bin/../lib/gcc/arm-none-eabi/4.7.3/armv6-m/crtbegin.o
 .eh_frame      0x00005578        0x4 c:/program files (x86)/cypress/psoc creator/3.0/psoc creator/import/gnu_cs/arm/4.7.3/bin/../lib/gcc/arm-none-eabi/4.7.3/armv6-m/crtend.o
                0x0000557c                PROVIDE (__exidx_start, .)

.ARM.exidx
 *(.ARM.exidx* .gnu.linkonce.armexidx.*)
                0x0000557c                __exidx_end = .

.rodata         0x0000557c      0x76c
 *(.rodata .rodata.* .gnu.linkonce.r.*)
 .rodata        0x0000557c      0x370 .\CortexM0\ARM_GCC_473\Debug\main.o
 .rodata        0x000058ec       0x18 .\CortexM0\ARM_GCC_473\Debug\device.o
                0x000058ec                _SlStopCmdCtrl
                0x000058f0                _SlEventMaskSetCmdCtrl
                0x000058f4                _SlEventMaskGetCmdCtrl
                0x000058f8                _SlDeviceGetCmdCtrl
                0x000058fc                _SlDeviceSetCmdCtrl
                0x00005900                _SlUartSetModeCmdCtrl
 .rodata        0x00005904       0x48 .\CortexM0\ARM_GCC_473\Debug\driver.o
                0x00005904                g_H2NSyncPattern
                0x0000590c                g_H2NCnysPattern
                0x00005914                _SlActionLookupTable
 .rodata        0x0000594c       0x28 .\CortexM0\ARM_GCC_473\Debug\netapp.o
                0x0000594c                _SlNetAppStartCtrl
                0x00005950                _SlNetAppStopCtrl
                0x00005954                _SlGetServiceListeCtrl
                0x00005958                _SlRegisterServiceCtrl
                0x0000595c                _SlGetHostByServiceCtrl
                0x00005960                _SlGetHostByNameCtrl
                0x00005968                _SlNetAppSetCmdCtrl
                0x0000596c                _SlNetAppSendTokenValueCmdCtrl
                0x00005970                _SlNetAppGetCmdCtrl
 .rodata        0x00005974        0x8 .\CortexM0\ARM_GCC_473\Debug\netcfg.o
                0x00005974                _SlNetCfgSetCmdCtrl
                0x00005978                _SlNetCfgGetCmdCtrl
 .rodata        0x0000597c       0x34 .\CortexM0\ARM_GCC_473\Debug\wlan.o
                0x0000597c                _SlPolicySetCmdCtrl
                0x00005980                _SlPolicyGetCmdCtrl
                0x00005984                _SlProfileGetCmdCtrl
                0x00005988                _SlProfileDelCmdCtrl
                0x0000598c                _SlWlanGetNetworkListCtrl
                0x00005990                _SlRxFilterAddtCmdCtrl
                0x00005994                _SlRxFilterSetCmdCtrl
                0x00005998                _SlRxFilterGetCmdCtrl
                0x000059a0                _SlSmartConfigStartCmdCtrl
                0x000059a4                _SlWlanSetModeCmdCtrl
                0x000059a8                _SlWlanCfgSetCmdCtrl
                0x000059ac                _SlWlanCfgGetCmdCtrl
 .rodata        0x000059b0      0x2d0 .\CortexM0\ARM_GCC_473\Debug\wlan_station_spi.a(cyfitter_cfg.o)
 .rodata        0x00005c80       0x30 .\CortexM0\ARM_GCC_473\Debug\wlan_station_spi.a(CyLib.o)
                0x00005cb0                . = ALIGN (0x4)
 *(.init)
 .init          0x00005cb0        0x4 c:/program files (x86)/cypress/psoc creator/3.0/psoc creator/import/gnu_cs/arm/4.7.3/bin/../lib/gcc/arm-none-eabi/4.7.3/armv6-m/crti.o
                0x00005cb0                _init
 .init          0x00005cb4        0x8 c:/program files (x86)/cypress/psoc creator/3.0/psoc creator/import/gnu_cs/arm/4.7.3/bin/../lib/gcc/arm-none-eabi/4.7.3/armv6-m/crtn.o
                0x00005cbc                . = ALIGN (0x4)
                0x00005cbc                __preinit_array_start = .
 *(.preinit_array)
                0x00005cbc                __preinit_array_end = .
                0x00005cbc                . = ALIGN (0x4)
                0x00005cbc                __init_array_start = .
 *(SORT(.init_array.*))
 *(.init_array)
 .init_array    0x00005cbc        0x4 c:/program files (x86)/cypress/psoc creator/3.0/psoc creator/import/gnu_cs/arm/4.7.3/bin/../lib/gcc/arm-none-eabi/4.7.3/armv6-m/crtbegin.o
 .init_array    0x00005cc0        0x4 .\CortexM0\ARM_GCC_473\Debug\Cm0Start.o
                0x00005cc4                __init_array_end = .
                0x00005cc4                . = ALIGN (0x4)
 *(.fini)
 .fini          0x00005cc4        0x4 c:/program files (x86)/cypress/psoc creator/3.0/psoc creator/import/gnu_cs/arm/4.7.3/bin/../lib/gcc/arm-none-eabi/4.7.3/armv6-m/crti.o
                0x00005cc4                _fini
 .fini          0x00005cc8        0x8 c:/program files (x86)/cypress/psoc creator/3.0/psoc creator/import/gnu_cs/arm/4.7.3/bin/../lib/gcc/arm-none-eabi/4.7.3/armv6-m/crtn.o
                0x00005cd0                . = ALIGN (0x4)
                0x00005cd0                __fini_array_start = .
 *(.fini_array)
 .fini_array    0x00005cd0        0x4 c:/program files (x86)/cypress/psoc creator/3.0/psoc creator/import/gnu_cs/arm/4.7.3/bin/../lib/gcc/arm-none-eabi/4.7.3/armv6-m/crtbegin.o
 *(SORT(.fini_array.*))
                0x00005cd4                __fini_array_end = .
                0x00005cd4                . = ALIGN (0x4)
 *crtbegin.o(.ctors)
 *(EXCLUDE_FILE(*crtend.o) .ctors)
 *(SORT(.ctors.*))
 *crtend.o(.ctors)
                0x00005cd4                . = ALIGN (0x4)
 *crtbegin.o(.dtors)
 *(EXCLUDE_FILE(*crtend.o) .dtors)
 *(SORT(.dtors.*))
 *crtend.o(.dtors)
                0x00005cd4                . = ALIGN (0x4)
                0x00005cd4                __cy_regions = .
                0x00005cd4        0x4 LONG 0x5ce8 __cy_region_init_ram
                0x00005cd8        0x4 LONG 0x200000c8 __cy_region_start_data
                0x00005cdc        0x4 LONG 0x18 __cy_region_init_size_ram
                0x00005ce0        0x4 LONG 0x1e8 __cy_region_zero_size_ram
                0x00005ce4                __cy_regions_end = .
                0x00005ce8                . = ALIGN (0x8)
 *fill*         0x00005ce4        0x4 00
                0x00005ce8                _etext = .

.ramvectors     0x20000000       0xc0
                0x20000000                __cy_region_start_ram = .
 *(.ramvectors)
 .ramvectors    0x20000000       0xc0 .\CortexM0\ARM_GCC_473\Debug\Cm0Start.o
                0x20000000                CyRamVectors

.noinit         0x200000c0        0x4
 *(.noinit)
 .noinit        0x200000c0        0x4 .\CortexM0\ARM_GCC_473\Debug\Cm0Start.o

.data           0x200000c8       0x18 load address 0x00005ce8
                0x200000c8                __cy_region_start_data = .
 *(.jcr)
 .jcr           0x200000c8        0x0 c:/program files (x86)/cypress/psoc creator/3.0/psoc creator/import/gnu_cs/arm/4.7.3/bin/../lib/gcc/arm-none-eabi/4.7.3/armv6-m/crtbegin.o
 .jcr           0x200000c8        0x4 c:/program files (x86)/cypress/psoc creator/3.0/psoc creator/import/gnu_cs/arm/4.7.3/bin/../lib/gcc/arm-none-eabi/4.7.3/armv6-m/crtend.o
 *(.got.plt)
 *(.got)
 *(.shdata)
 *(.data .data.* .gnu.linkonce.d.*)
 .data          0x200000cc        0x4 .\CortexM0\ARM_GCC_473\Debug\wlan_station_spi.a(cyfitter_cfg.o)
 .data          0x200000d0       0x10 .\CortexM0\ARM_GCC_473\Debug\wlan_station_spi.a(CyLib.o)
                0x200000d0                cydelayFreqHz
                0x200000d4                cydelayFreqKhz
                0x200000d8                cydelayFreqMhz
                0x200000dc                cydelay32kMs
                0x200000e0                . = ALIGN (0x8)
 *(.ram)
                0x200000e0                _edata = .

.igot.plt       0x200000e0        0x0 load address 0x00005d00
 .igot.plt      0x00000000        0x0 c:/program files (x86)/cypress/psoc creator/3.0/psoc creator/import/gnu_cs/arm/4.7.3/bin/../lib/gcc/arm-none-eabi/4.7.3/armv6-m/crtbegin.o

.bss            0x200000e0      0x1e8 load address 0x00005d00
                0x200000e0                PROVIDE (__bss_start__, .)
 *(.shbss)
 *(.bss .bss.* .gnu.linkonce.b.*)
 .bss           0x200000e0       0x1c c:/program files (x86)/cypress/psoc creator/3.0/psoc creator/import/gnu_cs/arm/4.7.3/bin/../lib/gcc/arm-none-eabi/4.7.3/armv6-m/crtbegin.o
 .bss           0x200000fc        0xc .\CortexM0\ARM_GCC_473\Debug\main.o
                0x200000fc                g_Status
                0x20000100                g_PingPacketsRecv
                0x20000104                g_GatewayIP
 .bss           0x20000108        0x8 .\CortexM0\ARM_GCC_473\Debug\board.o
                0x20000108                pIrqEventHandler
                0x2000010c                error_overrun
 .bss           0x20000110        0x8 .\CortexM0\ARM_GCC_473\Debug\driver.o
                0x20000110                g_pCB
                0x20000114                pPingCallBackFunc
 .bss           0x20000118        0x8 .\CortexM0\ARM_GCC_473\Debug\wlan_station_spi.a(UART_1.o)
                0x20000118                UART_1_initVar
                0x2000011c                UART_1_customIntrHandler
 .bss           0x20000120        0x2 .\CortexM0\ARM_GCC_473\Debug\wlan_station_spi.a(UARTM.o)
                0x20000120                UARTM_initVar
 *(COMMON)
 *fill*         0x20000122        0x2 00
 COMMON         0x20000124       0x18 .\CortexM0\ARM_GCC_473\Debug\board.o
                0x20000124                IntIsMasked
                0x20000128                uartFlowctrl
 COMMON         0x2000013c      0x164 .\CortexM0\ARM_GCC_473\Debug\driver.o
                0x2000013c                g_StatMem
 COMMON         0x200002a0       0x28 .\CortexM0\ARM_GCC_473\Debug\nonos.o
                0x200002a0                g__SlNonOsCB
                0x200002c8                . = ALIGN (0x8)
 *(.ram.b)
                0x200002c8                _end = .
                0x200002c8                __end = .
                0x200002c8                PROVIDE (end, .)
                0x200002c8                PROVIDE (__bss_end__, .)
                0x00005ce8                __cy_region_init_ram = LOADADDR (.data)
                0x00000018                __cy_region_init_size_ram = (_edata - ADDR (.data))
                0x000001e8                __cy_region_zero_size_ram = (_end - _edata)

.heap           0x200002c8      0x100 load address 0x00005d00
                0x200002c8                . = _end
                0x200003c8                . = (. + 0x100)
 *fill*         0x200002c8      0x100 00
                0x200003c8                __cy_heap_limit = .

.stack          0x20000c00      0x400
                0x20000c00                __cy_stack_limit = .
                0x20001000                . = (. + 0x400)
 *fill*         0x20000c00      0x400 00
                0x00000001                ASSERT ((__cy_stack_limit >= __cy_heap_limit), region RAM overflowed with stack)

.cyloadermeta
 *(.cyloadermeta)

.cyloadablemeta
 *(.cyloadablemeta)

.cyflashprotect
                0x90400000       0x20
 *(.cyflashprotect)
 .cyflashprotect
                0x90400000       0x20 .\CortexM0\ARM_GCC_473\Debug\cymetadata.o
                0x90400000                cy_meta_flashprotect

.cymeta         0x90500000        0xc
 *(.cymeta)
 .cymeta        0x90500000        0xc .\CortexM0\ARM_GCC_473\Debug\cymetadata.o
                0x90500000                cy_metadata

.cychipprotect  0x90600000        0x4
 *(.cychipprotect)
 .cychipprotect
                0x90600000        0x4 .\CortexM0\ARM_GCC_473\Debug\cymetadata.o
                0x90600000                cy_meta_chipprotect

.rel.dyn        0x00005d00        0x0 load address 0x90600004
 .rel.iplt      0x00000000        0x0 c:/program files (x86)/cypress/psoc creator/3.0/psoc creator/import/gnu_cs/arm/4.7.3/bin/../lib/gcc/arm-none-eabi/4.7.3/armv6-m/crtbegin.o

.stab
 *(.stab)

.stabstr
 *(.stabstr)

.debug
 *(.debug)

.line
 *(.line)

.debug_srcinfo
 *(.debug_srcinfo)

.debug_sfnames
 *(.debug_sfnames)

.debug_aranges  0x00000000      0xbd8
 *(.debug_aranges)
 .debug_aranges
                0x00000000       0x80 .\CortexM0\ARM_GCC_473\Debug\main.o
 .debug_aranges
                0x00000080       0xa0 .\CortexM0\ARM_GCC_473\Debug\board.o
 .debug_aranges
                0x00000120       0x30 .\CortexM0\ARM_GCC_473\Debug\cli_uart.o
 .debug_aranges
                0x00000150       0x38 .\CortexM0\ARM_GCC_473\Debug\uart.o
 .debug_aranges
                0x00000188       0x78 .\CortexM0\ARM_GCC_473\Debug\device.o
 .debug_aranges
                0x00000200       0xc8 .\CortexM0\ARM_GCC_473\Debug\driver.o
 .debug_aranges
                0x000002c8       0x28 .\CortexM0\ARM_GCC_473\Debug\flowcont.o
 .debug_aranges
                0x000002f0       0x58 .\CortexM0\ARM_GCC_473\Debug\fs.o
 .debug_aranges
                0x00000348       0xa8 .\CortexM0\ARM_GCC_473\Debug\netapp.o
 .debug_aranges
                0x000003f0       0x28 .\CortexM0\ARM_GCC_473\Debug\netcfg.o
 .debug_aranges
                0x00000418       0x38 .\CortexM0\ARM_GCC_473\Debug\nonos.o
 .debug_aranges
                0x00000450       0xe0 .\CortexM0\ARM_GCC_473\Debug\socket.o
 .debug_aranges
                0x00000530       0x18 .\CortexM0\ARM_GCC_473\Debug\spawn.o
 .debug_aranges
                0x00000548       0xb0 .\CortexM0\ARM_GCC_473\Debug\wlan.o
 .debug_aranges
                0x000005f8       0x18 .\CortexM0\ARM_GCC_473\Debug\cymetadata.o
 .debug_aranges
                0x00000610       0x40 .\CortexM0\ARM_GCC_473\Debug\Cm0Start.o
 .debug_aranges
                0x00000650       0x58 .\CortexM0\ARM_GCC_473\Debug\wlan_station_spi.a(cyfitter_cfg.o)
 .debug_aranges
                0x000006a8       0x40 .\CortexM0\ARM_GCC_473\Debug\wlan_station_spi.a(LED_GREEN.o)
 .debug_aranges
                0x000006e8       0x50 .\CortexM0\ARM_GCC_473\Debug\wlan_station_spi.a(UART_1.o)
 .debug_aranges
                0x00000738       0x60 .\CortexM0\ARM_GCC_473\Debug\wlan_station_spi.a(UART_1_SPI_UART.o)
 .debug_aranges
                0x00000798       0x50 .\CortexM0\ARM_GCC_473\Debug\wlan_station_spi.a(UART_1_UART.o)
 .debug_aranges
                0x000007e8       0x40 .\CortexM0\ARM_GCC_473\Debug\wlan_station_spi.a(nHIB.o)
 .debug_aranges
                0x00000828       0x40 .\CortexM0\ARM_GCC_473\Debug\wlan_station_spi.a(LED_BLUE.o)
 .debug_aranges
                0x00000868       0x20 .\CortexM0\ARM_GCC_473\Debug\wlan_station_spi.a(CyBootAsmGnu.o)
 .debug_aranges
                0x00000888      0x1a0 .\CortexM0\ARM_GCC_473\Debug\wlan_station_spi.a(CyLib.o)
 .debug_aranges
                0x00000a28       0x80 .\CortexM0\ARM_GCC_473\Debug\wlan_station_spi.a(Rx_ISR.o)
 .debug_aranges
                0x00000aa8       0xf0 .\CortexM0\ARM_GCC_473\Debug\wlan_station_spi.a(UARTM.o)
 .debug_aranges
                0x00000b98       0x40 .\CortexM0\ARM_GCC_473\Debug\wlan_station_spi.a(UARTM_IntClock.o)

.debug_pubnames
 *(.debug_pubnames)

.debug_info     0x00000000     0xde79
 *(.debug_info .gnu.linkonce.wi.*)
 .debug_info    0x00000000      0xda4 .\CortexM0\ARM_GCC_473\Debug\main.o
 .debug_info    0x00000da4      0x3d3 .\CortexM0\ARM_GCC_473\Debug\board.o
 .debug_info    0x00001177      0x14d .\CortexM0\ARM_GCC_473\Debug\cli_uart.o
 .debug_info    0x000012c4      0x1c8 .\CortexM0\ARM_GCC_473\Debug\uart.o
 .debug_info    0x0000148c      0xefb .\CortexM0\ARM_GCC_473\Debug\device.o
 .debug_info    0x00002387     0x1fce .\CortexM0\ARM_GCC_473\Debug\driver.o
 .debug_info    0x00004355      0x561 .\CortexM0\ARM_GCC_473\Debug\flowcont.o
 .debug_info    0x000048b6      0xd5a .\CortexM0\ARM_GCC_473\Debug\fs.o
 .debug_info    0x00005610     0x1b83 .\CortexM0\ARM_GCC_473\Debug\netapp.o
 .debug_info    0x00007193      0x396 .\CortexM0\ARM_GCC_473\Debug\netcfg.o
 .debug_info    0x00007529      0x690 .\CortexM0\ARM_GCC_473\Debug\nonos.o
 .debug_info    0x00007bb9     0x1d74 .\CortexM0\ARM_GCC_473\Debug\socket.o
 .debug_info    0x0000992d       0x80 .\CortexM0\ARM_GCC_473\Debug\spawn.o
 .debug_info    0x000099ad     0x1c0d .\CortexM0\ARM_GCC_473\Debug\wlan.o
 .debug_info    0x0000b5ba      0x100 .\CortexM0\ARM_GCC_473\Debug\cymetadata.o
 .debug_info    0x0000b6ba      0x2c0 .\CortexM0\ARM_GCC_473\Debug\Cm0Start.o
 .debug_info    0x0000b97a      0x56b .\CortexM0\ARM_GCC_473\Debug\wlan_station_spi.a(cyfitter_cfg.o)
 .debug_info    0x0000bee5      0x168 .\CortexM0\ARM_GCC_473\Debug\wlan_station_spi.a(LED_GREEN.o)
 .debug_info    0x0000c04d      0x197 .\CortexM0\ARM_GCC_473\Debug\wlan_station_spi.a(UART_1.o)
 .debug_info    0x0000c1e4      0x23d .\CortexM0\ARM_GCC_473\Debug\wlan_station_spi.a(UART_1_SPI_UART.o)
 .debug_info    0x0000c421      0x224 .\CortexM0\ARM_GCC_473\Debug\wlan_station_spi.a(UART_1_UART.o)
 .debug_info    0x0000c645      0x168 .\CortexM0\ARM_GCC_473\Debug\wlan_station_spi.a(nHIB.o)
 .debug_info    0x0000c7ad      0x168 .\CortexM0\ARM_GCC_473\Debug\wlan_station_spi.a(LED_BLUE.o)
 .debug_info    0x0000c915       0xdf .\CortexM0\ARM_GCC_473\Debug\wlan_station_spi.a(CyBootAsmGnu.o)
 .debug_info    0x0000c9f4      0xac5 .\CortexM0\ARM_GCC_473\Debug\wlan_station_spi.a(CyLib.o)
 .debug_info    0x0000d4b9      0x2cc .\CortexM0\ARM_GCC_473\Debug\wlan_station_spi.a(Rx_ISR.o)
 .debug_info    0x0000d785      0x58b .\CortexM0\ARM_GCC_473\Debug\wlan_station_spi.a(UARTM.o)
 .debug_info    0x0000dd10      0x169 .\CortexM0\ARM_GCC_473\Debug\wlan_station_spi.a(UARTM_IntClock.o)

.debug_abbrev   0x00000000     0x2586
 *(.debug_abbrev)
 .debug_abbrev  0x00000000      0x240 .\CortexM0\ARM_GCC_473\Debug\main.o
 .debug_abbrev  0x00000240      0x17a .\CortexM0\ARM_GCC_473\Debug\board.o
 .debug_abbrev  0x000003ba       0xb4 .\CortexM0\ARM_GCC_473\Debug\cli_uart.o
 .debug_abbrev  0x0000046e       0xb4 .\CortexM0\ARM_GCC_473\Debug\uart.o
 .debug_abbrev  0x00000522      0x27d .\CortexM0\ARM_GCC_473\Debug\device.o
 .debug_abbrev  0x0000079f      0x29b .\CortexM0\ARM_GCC_473\Debug\driver.o
 .debug_abbrev  0x00000a3a      0x123 .\CortexM0\ARM_GCC_473\Debug\flowcont.o
 .debug_abbrev  0x00000b5d      0x243 .\CortexM0\ARM_GCC_473\Debug\fs.o
 .debug_abbrev  0x00000da0      0x28d .\CortexM0\ARM_GCC_473\Debug\netapp.o
 .debug_abbrev  0x0000102d      0x118 .\CortexM0\ARM_GCC_473\Debug\netcfg.o
 .debug_abbrev  0x00001145      0x149 .\CortexM0\ARM_GCC_473\Debug\nonos.o
 .debug_abbrev  0x0000128e      0x2e6 .\CortexM0\ARM_GCC_473\Debug\socket.o
 .debug_abbrev  0x00001574       0x26 .\CortexM0\ARM_GCC_473\Debug\spawn.o
 .debug_abbrev  0x0000159a      0x246 .\CortexM0\ARM_GCC_473\Debug\wlan.o
 .debug_abbrev  0x000017e0       0x5d .\CortexM0\ARM_GCC_473\Debug\cymetadata.o
 .debug_abbrev  0x0000183d      0x164 .\CortexM0\ARM_GCC_473\Debug\Cm0Start.o
 .debug_abbrev  0x000019a1      0x1af .\CortexM0\ARM_GCC_473\Debug\wlan_station_spi.a(cyfitter_cfg.o)
 .debug_abbrev  0x00001b50       0xac .\CortexM0\ARM_GCC_473\Debug\wlan_station_spi.a(LED_GREEN.o)
 .debug_abbrev  0x00001bfc       0xc5 .\CortexM0\ARM_GCC_473\Debug\wlan_station_spi.a(UART_1.o)
 .debug_abbrev  0x00001cc1      0x151 .\CortexM0\ARM_GCC_473\Debug\wlan_station_spi.a(UART_1_SPI_UART.o)
 .debug_abbrev  0x00001e12       0xee .\CortexM0\ARM_GCC_473\Debug\wlan_station_spi.a(UART_1_UART.o)
 .debug_abbrev  0x00001f00       0xac .\CortexM0\ARM_GCC_473\Debug\wlan_station_spi.a(nHIB.o)
 .debug_abbrev  0x00001fac       0xac .\CortexM0\ARM_GCC_473\Debug\wlan_station_spi.a(LED_BLUE.o)
 .debug_abbrev  0x00002058       0x14 .\CortexM0\ARM_GCC_473\Debug\wlan_station_spi.a(CyBootAsmGnu.o)
 .debug_abbrev  0x0000206c      0x1a2 .\CortexM0\ARM_GCC_473\Debug\wlan_station_spi.a(CyLib.o)
 .debug_abbrev  0x0000220e      0x169 .\CortexM0\ARM_GCC_473\Debug\wlan_station_spi.a(Rx_ISR.o)
 .debug_abbrev  0x00002377      0x165 .\CortexM0\ARM_GCC_473\Debug\wlan_station_spi.a(UARTM.o)
 .debug_abbrev  0x000024dc       0xaa .\CortexM0\ARM_GCC_473\Debug\wlan_station_spi.a(UARTM_IntClock.o)

.debug_line     0x00000000     0x38c5
 *(.debug_line)
 .debug_line    0x00000000      0x32b .\CortexM0\ARM_GCC_473\Debug\main.o
 .debug_line    0x0000032b      0x1d3 .\CortexM0\ARM_GCC_473\Debug\board.o
 .debug_line    0x000004fe       0xa1 .\CortexM0\ARM_GCC_473\Debug\cli_uart.o
 .debug_line    0x0000059f        0x0 .\CortexM0\ARM_GCC_473\Debug\spi.o
 .debug_line    0x0000059f       0xd0 .\CortexM0\ARM_GCC_473\Debug\uart.o
 .debug_line    0x0000066f      0x2eb .\CortexM0\ARM_GCC_473\Debug\device.o
 .debug_line    0x0000095a      0x8ab .\CortexM0\ARM_GCC_473\Debug\driver.o
 .debug_line    0x00001205      0x12c .\CortexM0\ARM_GCC_473\Debug\flowcont.o
 .debug_line    0x00001331      0x2ac .\CortexM0\ARM_GCC_473\Debug\fs.o
 .debug_line    0x000015dd      0x422 .\CortexM0\ARM_GCC_473\Debug\netapp.o
 .debug_line    0x000019ff       0xbe .\CortexM0\ARM_GCC_473\Debug\netcfg.o
 .debug_line    0x00001abd      0x167 .\CortexM0\ARM_GCC_473\Debug\nonos.o
 .debug_line    0x00001c24      0x51e .\CortexM0\ARM_GCC_473\Debug\socket.o
 .debug_line    0x00002142       0x1d .\CortexM0\ARM_GCC_473\Debug\spawn.o
 .debug_line    0x0000215f      0x3a6 .\CortexM0\ARM_GCC_473\Debug\wlan.o
 .debug_line    0x00002505       0x53 .\CortexM0\ARM_GCC_473\Debug\cymetadata.o
 .debug_line    0x00002558      0x19b .\CortexM0\ARM_GCC_473\Debug\Cm0Start.o
 .debug_line    0x000026f3      0x1e6 .\CortexM0\ARM_GCC_473\Debug\wlan_station_spi.a(cyfitter_cfg.o)
 .debug_line    0x000028d9       0xaf .\CortexM0\ARM_GCC_473\Debug\wlan_station_spi.a(LED_GREEN.o)
 .debug_line    0x00002988       0xd8 .\CortexM0\ARM_GCC_473\Debug\wlan_station_spi.a(UART_1.o)
 .debug_line    0x00002a60      0x127 .\CortexM0\ARM_GCC_473\Debug\wlan_station_spi.a(UART_1_SPI_UART.o)
 .debug_line    0x00002b87      0x103 .\CortexM0\ARM_GCC_473\Debug\wlan_station_spi.a(UART_1_UART.o)
 .debug_line    0x00002c8a       0xaa .\CortexM0\ARM_GCC_473\Debug\wlan_station_spi.a(nHIB.o)
 .debug_line    0x00002d34       0xae .\CortexM0\ARM_GCC_473\Debug\wlan_station_spi.a(LED_BLUE.o)
 .debug_line    0x00002de2       0x68 .\CortexM0\ARM_GCC_473\Debug\wlan_station_spi.a(CyBootAsmGnu.o)
 .debug_line    0x00002e4a      0x541 .\CortexM0\ARM_GCC_473\Debug\wlan_station_spi.a(CyLib.o)
 .debug_line    0x0000338b      0x193 .\CortexM0\ARM_GCC_473\Debug\wlan_station_spi.a(Rx_ISR.o)
 .debug_line    0x0000351e      0x2f0 .\CortexM0\ARM_GCC_473\Debug\wlan_station_spi.a(UARTM.o)
 .debug_line    0x0000380e       0xb7 .\CortexM0\ARM_GCC_473\Debug\wlan_station_spi.a(UARTM_IntClock.o)

.debug_frame    0x00000000     0x2720
 *(.debug_frame)
 .debug_frame   0x00000000      0x1a8 .\CortexM0\ARM_GCC_473\Debug\main.o
 .debug_frame   0x000001a8      0x208 .\CortexM0\ARM_GCC_473\Debug\board.o
 .debug_frame   0x000003b0       0x6c .\CortexM0\ARM_GCC_473\Debug\cli_uart.o
 .debug_frame   0x0000041c       0x90 .\CortexM0\ARM_GCC_473\Debug\uart.o
 .debug_frame   0x000004ac      0x194 .\CortexM0\ARM_GCC_473\Debug\device.o
 .debug_frame   0x00000640      0x2e8 .\CortexM0\ARM_GCC_473\Debug\driver.o
 .debug_frame   0x00000928       0x50 .\CortexM0\ARM_GCC_473\Debug\flowcont.o
 .debug_frame   0x00000978      0x114 .\CortexM0\ARM_GCC_473\Debug\fs.o
 .debug_frame   0x00000a8c      0x268 .\CortexM0\ARM_GCC_473\Debug\netapp.o
 .debug_frame   0x00000cf4       0x50 .\CortexM0\ARM_GCC_473\Debug\netcfg.o
 .debug_frame   0x00000d44       0x90 .\CortexM0\ARM_GCC_473\Debug\nonos.o
 .debug_frame   0x00000dd4      0x330 .\CortexM0\ARM_GCC_473\Debug\socket.o
 .debug_frame   0x00001104      0x264 .\CortexM0\ARM_GCC_473\Debug\wlan.o
 .debug_frame   0x00001368       0xa8 .\CortexM0\ARM_GCC_473\Debug\Cm0Start.o
 .debug_frame   0x00001410      0x108 .\CortexM0\ARM_GCC_473\Debug\wlan_station_spi.a(cyfitter_cfg.o)
 .debug_frame   0x00001518       0xa8 .\CortexM0\ARM_GCC_473\Debug\wlan_station_spi.a(LED_GREEN.o)
 .debug_frame   0x000015c0       0xd8 .\CortexM0\ARM_GCC_473\Debug\wlan_station_spi.a(UART_1.o)
 .debug_frame   0x00001698      0x128 .\CortexM0\ARM_GCC_473\Debug\wlan_station_spi.a(UART_1_SPI_UART.o)
 .debug_frame   0x000017c0       0xec .\CortexM0\ARM_GCC_473\Debug\wlan_station_spi.a(UART_1_UART.o)
 .debug_frame   0x000018ac       0xa8 .\CortexM0\ARM_GCC_473\Debug\wlan_station_spi.a(nHIB.o)
 .debug_frame   0x00001954       0xa8 .\CortexM0\ARM_GCC_473\Debug\wlan_station_spi.a(LED_BLUE.o)
 .debug_frame   0x000019fc      0x628 .\CortexM0\ARM_GCC_473\Debug\wlan_station_spi.a(CyLib.o)
 .debug_frame   0x00002024      0x190 .\CortexM0\ARM_GCC_473\Debug\wlan_station_spi.a(Rx_ISR.o)
 .debug_frame   0x000021b4      0x374 .\CortexM0\ARM_GCC_473\Debug\wlan_station_spi.a(UARTM.o)
 .debug_frame   0x00002528       0xa0 .\CortexM0\ARM_GCC_473\Debug\wlan_station_spi.a(UARTM_IntClock.o)
 .debug_frame   0x000025c8       0x20 c:/program files (x86)/cypress/psoc creator/3.0/psoc creator/import/gnu_cs/arm/4.7.3/bin/../lib/gcc/arm-none-eabi/4.7.3/armv6-m\libgcc.a(_udivsi3.o)
 .debug_frame   0x000025e8       0x20 c:/program files (x86)/cypress/psoc creator/3.0/psoc creator/import/gnu_cs/arm/4.7.3/bin/../lib/gcc/arm-none-eabi/4.7.3/armv6-m\libgcc.a(_divsi3.o)
 .debug_frame   0x00002608       0x28 c:/program files (x86)/cypress/psoc creator/3.0/psoc creator/import/gnu_cs/arm/4.7.3/bin/../lib/gcc/arm-none-eabi/4.7.3/../../../../arm-none-eabi/lib/armv6-m\libc_s.a(lib_a-__atexit2.o)
 .debug_frame   0x00002630       0x28 c:/program files (x86)/cypress/psoc creator/3.0/psoc creator/import/gnu_cs/arm/4.7.3/bin/../lib/gcc/arm-none-eabi/4.7.3/../../../../arm-none-eabi/lib/armv6-m\libc_s.a(lib_a-exit.o)
 .debug_frame   0x00002658       0x2c c:/program files (x86)/cypress/psoc creator/3.0/psoc creator/import/gnu_cs/arm/4.7.3/bin/../lib/gcc/arm-none-eabi/4.7.3/../../../../arm-none-eabi/lib/armv6-m\libc_s.a(lib_a-fini.o)
 .debug_frame   0x00002684       0x2c c:/program files (x86)/cypress/psoc creator/3.0/psoc creator/import/gnu_cs/arm/4.7.3/bin/../lib/gcc/arm-none-eabi/4.7.3/../../../../arm-none-eabi/lib/armv6-m\libc_s.a(lib_a-init.o)
 .debug_frame   0x000026b0       0x28 c:/program files (x86)/cypress/psoc creator/3.0/psoc creator/import/gnu_cs/arm/4.7.3/bin/../lib/gcc/arm-none-eabi/4.7.3/../../../../arm-none-eabi/lib/armv6-m\libc_s.a(lib_a-memcpy.o)
 .debug_frame   0x000026d8       0x28 c:/program files (x86)/cypress/psoc creator/3.0/psoc creator/import/gnu_cs/arm/4.7.3/bin/../lib/gcc/arm-none-eabi/4.7.3/../../../../arm-none-eabi/lib/armv6-m\libc_s.a(lib_a-memset.o)
 .debug_frame   0x00002700       0x20 c:/program files (x86)/cypress/psoc creator/3.0/psoc creator/import/gnu_cs/arm/4.7.3/bin/../lib/gcc/arm-none-eabi/4.7.3/../../../../arm-none-eabi/lib/armv6-m\libc_s.a(lib_a-strlen.o)

.debug_str      0x00000000     0x4dfa
 *(.debug_str)
 .debug_str     0x00000000      0xb30 .\CortexM0\ARM_GCC_473\Debug\main.o
                                0xbf6 (size before relaxing)
 .debug_str     0x00000b30      0x210 .\CortexM0\ARM_GCC_473\Debug\board.o
                                0x3bd (size before relaxing)
 .debug_str     0x00000d40       0x6e .\CortexM0\ARM_GCC_473\Debug\cli_uart.o
                                0x1e5 (size before relaxing)
 .debug_str     0x00000dae       0x60 .\CortexM0\ARM_GCC_473\Debug\uart.o
                                0x1dd (size before relaxing)
 .debug_str     0x00000e0e      0x7b1 .\CortexM0\ARM_GCC_473\Debug\device.o
                                0xa03 (size before relaxing)
 .debug_str     0x000015bf      0x483 .\CortexM0\ARM_GCC_473\Debug\driver.o
                                0xe67 (size before relaxing)
 .debug_str     0x00001a42       0x54 .\CortexM0\ARM_GCC_473\Debug\flowcont.o
                                0x53b (size before relaxing)
 .debug_str     0x00001a96      0x412 .\CortexM0\ARM_GCC_473\Debug\fs.o
                                0x965 (size before relaxing)
 .debug_str     0x00001ea8      0x8c9 .\CortexM0\ARM_GCC_473\Debug\netapp.o
                               0x1245 (size before relaxing)
 .debug_str     0x00002771       0xb4 .\CortexM0\ARM_GCC_473\Debug\netcfg.o
                                0x33a (size before relaxing)
 .debug_str     0x00002825       0xf1 .\CortexM0\ARM_GCC_473\Debug\nonos.o
                                0x5dc (size before relaxing)
 .debug_str     0x00002916      0x649 .\CortexM0\ARM_GCC_473\Debug\socket.o
                                0xd6e (size before relaxing)
 .debug_str     0x00002f5f       0x29 .\CortexM0\ARM_GCC_473\Debug\spawn.o
                                0x1a0 (size before relaxing)
 .debug_str     0x00002f88      0xd35 .\CortexM0\ARM_GCC_473\Debug\wlan.o
                               0x10a9 (size before relaxing)
 .debug_str     0x00003cbd       0x5b .\CortexM0\ARM_GCC_473\Debug\cymetadata.o
                                0x1d8 (size before relaxing)
 .debug_str     0x00003d18       0xfe .\CortexM0\ARM_GCC_473\Debug\Cm0Start.o
                                0x2a1 (size before relaxing)
 .debug_str     0x00003e16      0x1ed .\CortexM0\ARM_GCC_473\Debug\wlan_station_spi.a(cyfitter_cfg.o)
                                0x3b3 (size before relaxing)
 .debug_str     0x00004003       0x9d .\CortexM0\ARM_GCC_473\Debug\wlan_station_spi.a(LED_GREEN.o)
                                0x229 (size before relaxing)
 .debug_str     0x000040a0       0xcb .\CortexM0\ARM_GCC_473\Debug\wlan_station_spi.a(UART_1.o)
                                0x262 (size before relaxing)
 .debug_str     0x0000416b      0x14b .\CortexM0\ARM_GCC_473\Debug\wlan_station_spi.a(UART_1_SPI_UART.o)
                                0x2e0 (size before relaxing)
 .debug_str     0x000042b6       0xf9 .\CortexM0\ARM_GCC_473\Debug\wlan_station_spi.a(UART_1_UART.o)
                                0x29a (size before relaxing)
 .debug_str     0x000043af       0x6c .\CortexM0\ARM_GCC_473\Debug\wlan_station_spi.a(nHIB.o)
                                0x20b (size before relaxing)
 .debug_str     0x0000441b       0x84 .\CortexM0\ARM_GCC_473\Debug\wlan_station_spi.a(LED_BLUE.o)
                                0x223 (size before relaxing)
 .debug_str     0x0000449f      0x4df .\CortexM0\ARM_GCC_473\Debug\wlan_station_spi.a(CyLib.o)
                                0x6b4 (size before relaxing)
 .debug_str     0x0000497e      0x105 .\CortexM0\ARM_GCC_473\Debug\wlan_station_spi.a(Rx_ISR.o)
                                0x2fe (size before relaxing)
 .debug_str     0x00004a83      0x282 .\CortexM0\ARM_GCC_473\Debug\wlan_station_spi.a(UARTM.o)
                                0x43e (size before relaxing)
 .debug_str     0x00004d05       0xf5 .\CortexM0\ARM_GCC_473\Debug\wlan_station_spi.a(UARTM_IntClock.o)
                                0x27d (size before relaxing)

.debug_loc      0x00000000     0x3d60
 *(.debug_loc)
 .debug_loc     0x00000000      0x2c6 .\CortexM0\ARM_GCC_473\Debug\main.o
 .debug_loc     0x000002c6      0x340 .\CortexM0\ARM_GCC_473\Debug\board.o
 .debug_loc     0x00000606       0x9c .\CortexM0\ARM_GCC_473\Debug\cli_uart.o
 .debug_loc     0x000006a2       0xe0 .\CortexM0\ARM_GCC_473\Debug\uart.o
 .debug_loc     0x00000782      0x294 .\CortexM0\ARM_GCC_473\Debug\device.o
 .debug_loc     0x00000a16      0x4ce .\CortexM0\ARM_GCC_473\Debug\driver.o
 .debug_loc     0x00000ee4       0x70 .\CortexM0\ARM_GCC_473\Debug\flowcont.o
 .debug_loc     0x00000f54      0x1c6 .\CortexM0\ARM_GCC_473\Debug\fs.o
 .debug_loc     0x0000111a      0x3fc .\CortexM0\ARM_GCC_473\Debug\netapp.o
 .debug_loc     0x00001516       0x70 .\CortexM0\ARM_GCC_473\Debug\netcfg.o
 .debug_loc     0x00001586       0xe0 .\CortexM0\ARM_GCC_473\Debug\nonos.o
 .debug_loc     0x00001666      0x580 .\CortexM0\ARM_GCC_473\Debug\socket.o
 .debug_loc     0x00001be6      0x402 .\CortexM0\ARM_GCC_473\Debug\wlan.o
 .debug_loc     0x00001fe8      0x100 .\CortexM0\ARM_GCC_473\Debug\Cm0Start.o
 .debug_loc     0x000020e8      0x1a8 .\CortexM0\ARM_GCC_473\Debug\wlan_station_spi.a(cyfitter_cfg.o)
 .debug_loc     0x00002290      0x100 .\CortexM0\ARM_GCC_473\Debug\wlan_station_spi.a(LED_GREEN.o)
 .debug_loc     0x00002390      0x140 .\CortexM0\ARM_GCC_473\Debug\wlan_station_spi.a(UART_1.o)
 .debug_loc     0x000024d0      0x1e0 .\CortexM0\ARM_GCC_473\Debug\wlan_station_spi.a(UART_1_SPI_UART.o)
 .debug_loc     0x000026b0      0x17c .\CortexM0\ARM_GCC_473\Debug\wlan_station_spi.a(UART_1_UART.o)
 .debug_loc     0x0000282c      0x100 .\CortexM0\ARM_GCC_473\Debug\wlan_station_spi.a(nHIB.o)
 .debug_loc     0x0000292c      0x100 .\CortexM0\ARM_GCC_473\Debug\wlan_station_spi.a(LED_BLUE.o)
 .debug_loc     0x00002a2c      0xa34 .\CortexM0\ARM_GCC_473\Debug\wlan_station_spi.a(CyLib.o)
 .debug_loc     0x00003460      0x26c .\CortexM0\ARM_GCC_473\Debug\wlan_station_spi.a(Rx_ISR.o)
 .debug_loc     0x000036cc      0x5ac .\CortexM0\ARM_GCC_473\Debug\wlan_station_spi.a(UARTM.o)
 .debug_loc     0x00003c78       0xe8 .\CortexM0\ARM_GCC_473\Debug\wlan_station_spi.a(UARTM_IntClock.o)

.debug_macinfo
 *(.debug_macinfo)

.debug_ranges   0x00000000      0xa28
 *(.debug_ranges)
 .debug_ranges  0x00000000       0x88 .\CortexM0\ARM_GCC_473\Debug\main.o
 .debug_ranges  0x00000088       0x90 .\CortexM0\ARM_GCC_473\Debug\board.o
 .debug_ranges  0x00000118       0x20 .\CortexM0\ARM_GCC_473\Debug\cli_uart.o
 .debug_ranges  0x00000138       0x28 .\CortexM0\ARM_GCC_473\Debug\uart.o
 .debug_ranges  0x00000160       0x68 .\CortexM0\ARM_GCC_473\Debug\device.o
 .debug_ranges  0x000001c8       0xd0 .\CortexM0\ARM_GCC_473\Debug\driver.o
 .debug_ranges  0x00000298       0x18 .\CortexM0\ARM_GCC_473\Debug\flowcont.o
 .debug_ranges  0x000002b0       0x48 .\CortexM0\ARM_GCC_473\Debug\fs.o
 .debug_ranges  0x000002f8       0x98 .\CortexM0\ARM_GCC_473\Debug\netapp.o
 .debug_ranges  0x00000390       0x18 .\CortexM0\ARM_GCC_473\Debug\netcfg.o
 .debug_ranges  0x000003a8       0x28 .\CortexM0\ARM_GCC_473\Debug\nonos.o
 .debug_ranges  0x000003d0       0xd0 .\CortexM0\ARM_GCC_473\Debug\socket.o
 .debug_ranges  0x000004a0       0xa0 .\CortexM0\ARM_GCC_473\Debug\wlan.o
 .debug_ranges  0x00000540       0x30 .\CortexM0\ARM_GCC_473\Debug\Cm0Start.o
 .debug_ranges  0x00000570       0x48 .\CortexM0\ARM_GCC_473\Debug\wlan_station_spi.a(cyfitter_cfg.o)
 .debug_ranges  0x000005b8       0x30 .\CortexM0\ARM_GCC_473\Debug\wlan_station_spi.a(LED_GREEN.o)
 .debug_ranges  0x000005e8       0x40 .\CortexM0\ARM_GCC_473\Debug\wlan_station_spi.a(UART_1.o)
 .debug_ranges  0x00000628       0x50 .\CortexM0\ARM_GCC_473\Debug\wlan_station_spi.a(UART_1_SPI_UART.o)
 .debug_ranges  0x00000678       0x40 .\CortexM0\ARM_GCC_473\Debug\wlan_station_spi.a(UART_1_UART.o)
 .debug_ranges  0x000006b8       0x30 .\CortexM0\ARM_GCC_473\Debug\wlan_station_spi.a(nHIB.o)
 .debug_ranges  0x000006e8       0x30 .\CortexM0\ARM_GCC_473\Debug\wlan_station_spi.a(LED_BLUE.o)
 .debug_ranges  0x00000718      0x190 .\CortexM0\ARM_GCC_473\Debug\wlan_station_spi.a(CyLib.o)
 .debug_ranges  0x000008a8       0x70 .\CortexM0\ARM_GCC_473\Debug\wlan_station_spi.a(Rx_ISR.o)
 .debug_ranges  0x00000918       0xe0 .\CortexM0\ARM_GCC_473\Debug\wlan_station_spi.a(UARTM.o)
 .debug_ranges  0x000009f8       0x30 .\CortexM0\ARM_GCC_473\Debug\wlan_station_spi.a(UARTM_IntClock.o)

.comment        0x00000000       0x70
 .comment       0x00000000       0x70 .\CortexM0\ARM_GCC_473\Debug\main.o
                                 0x71 (size before relaxing)
 .comment       0x00000000       0x71 .\CortexM0\ARM_GCC_473\Debug\board.o
 .comment       0x00000000       0x71 .\CortexM0\ARM_GCC_473\Debug\cli_uart.o
 .comment       0x00000000       0x71 .\CortexM0\ARM_GCC_473\Debug\spi.o
 .comment       0x00000000       0x71 .\CortexM0\ARM_GCC_473\Debug\uart.o
 .comment       0x00000000       0x71 .\CortexM0\ARM_GCC_473\Debug\device.o
 .comment       0x00000000       0x71 .\CortexM0\ARM_GCC_473\Debug\driver.o
 .comment       0x00000000       0x71 .\CortexM0\ARM_GCC_473\Debug\flowcont.o
 .comment       0x00000000       0x71 .\CortexM0\ARM_GCC_473\Debug\fs.o
 .comment       0x00000000       0x71 .\CortexM0\ARM_GCC_473\Debug\netapp.o
 .comment       0x00000000       0x71 .\CortexM0\ARM_GCC_473\Debug\netcfg.o
 .comment       0x00000000       0x71 .\CortexM0\ARM_GCC_473\Debug\nonos.o
 .comment       0x00000000       0x71 .\CortexM0\ARM_GCC_473\Debug\socket.o
 .comment       0x00000000       0x71 .\CortexM0\ARM_GCC_473\Debug\spawn.o
 .comment       0x00000000       0x71 .\CortexM0\ARM_GCC_473\Debug\wlan.o
 .comment       0x00000000       0x71 .\CortexM0\ARM_GCC_473\Debug\cymetadata.o
 .comment       0x00000000       0x71 .\CortexM0\ARM_GCC_473\Debug\Cm0Start.o
 .comment       0x00000000       0x71 .\CortexM0\ARM_GCC_473\Debug\wlan_station_spi.a(cyfitter_cfg.o)
 .comment       0x00000000       0x71 .\CortexM0\ARM_GCC_473\Debug\wlan_station_spi.a(LED_GREEN.o)
 .comment       0x00000000       0x71 .\CortexM0\ARM_GCC_473\Debug\wlan_station_spi.a(UART_1.o)
 .comment       0x00000000       0x71 .\CortexM0\ARM_GCC_473\Debug\wlan_station_spi.a(UART_1_SPI_UART.o)
 .comment       0x00000000       0x71 .\CortexM0\ARM_GCC_473\Debug\wlan_station_spi.a(UART_1_UART.o)
 .comment       0x00000000       0x71 .\CortexM0\ARM_GCC_473\Debug\wlan_station_spi.a(nHIB.o)
 .comment       0x00000000       0x71 .\CortexM0\ARM_GCC_473\Debug\wlan_station_spi.a(LED_BLUE.o)
 .comment       0x00000000       0x71 .\CortexM0\ARM_GCC_473\Debug\wlan_station_spi.a(CyLib.o)
 .comment       0x00000000       0x71 .\CortexM0\ARM_GCC_473\Debug\wlan_station_spi.a(Rx_ISR.o)
 .comment       0x00000000       0x71 .\CortexM0\ARM_GCC_473\Debug\wlan_station_spi.a(UARTM.o)
 .comment       0x00000000       0x71 .\CortexM0\ARM_GCC_473\Debug\wlan_station_spi.a(UARTM_IntClock.o)

.debug_weaknames
 *(.debug_weaknames)

.debug_funcnames
 *(.debug_funcnames)

.debug_typenames
 *(.debug_typenames)

.debug_varnames
 *(.debug_varnames)

.note.gnu.arm.ident
 *(.note.gnu.arm.ident)

.ARM.attributes
                0x00000000       0x28
 *(.ARM.attributes)
 .ARM.attributes
                0x00000000       0x1e c:/program files (x86)/cypress/psoc creator/3.0/psoc creator/import/gnu_cs/arm/4.7.3/bin/../lib/gcc/arm-none-eabi/4.7.3/armv6-m/crti.o
 .ARM.attributes
                0x0000001e       0x2c c:/program files (x86)/cypress/psoc creator/3.0/psoc creator/import/gnu_cs/arm/4.7.3/bin/../lib/gcc/arm-none-eabi/4.7.3/armv6-m/crtbegin.o
 .ARM.attributes
                0x0000004a       0x1c c:/program files (x86)/cypress/psoc creator/3.0/psoc creator/import/gnu_cs/arm/4.7.3/bin/../lib/gcc/arm-none-eabi/4.7.3/../../../../arm-none-eabi/lib/armv6-m/crt0.o
 .ARM.attributes
                0x00000066       0x31 .\CortexM0\ARM_GCC_473\Debug\main.o
 .ARM.attributes
                0x00000097       0x31 .\CortexM0\ARM_GCC_473\Debug\board.o
 .ARM.attributes
                0x000000c8       0x31 .\CortexM0\ARM_GCC_473\Debug\cli_uart.o
 .ARM.attributes
                0x000000f9       0x31 .\CortexM0\ARM_GCC_473\Debug\spi.o
 .ARM.attributes
                0x0000012a       0x31 .\CortexM0\ARM_GCC_473\Debug\uart.o
 .ARM.attributes
                0x0000015b       0x31 .\CortexM0\ARM_GCC_473\Debug\device.o
 .ARM.attributes
                0x0000018c       0x31 .\CortexM0\ARM_GCC_473\Debug\driver.o
 .ARM.attributes
                0x000001bd       0x31 .\CortexM0\ARM_GCC_473\Debug\flowcont.o
 .ARM.attributes
                0x000001ee       0x31 .\CortexM0\ARM_GCC_473\Debug\fs.o
 .ARM.attributes
                0x0000021f       0x31 .\CortexM0\ARM_GCC_473\Debug\netapp.o
 .ARM.attributes
                0x00000250       0x31 .\CortexM0\ARM_GCC_473\Debug\netcfg.o
 .ARM.attributes
                0x00000281       0x31 .\CortexM0\ARM_GCC_473\Debug\nonos.o
 .ARM.attributes
                0x000002b2       0x31 .\CortexM0\ARM_GCC_473\Debug\socket.o
 .ARM.attributes
                0x000002e3       0x31 .\CortexM0\ARM_GCC_473\Debug\spawn.o
 .ARM.attributes
                0x00000314       0x31 .\CortexM0\ARM_GCC_473\Debug\wlan.o
 .ARM.attributes
                0x00000345       0x31 .\CortexM0\ARM_GCC_473\Debug\cymetadata.o
 .ARM.attributes
                0x00000376       0x31 .\CortexM0\ARM_GCC_473\Debug\Cm0Start.o
 .ARM.attributes
                0x000003a7       0x31 .\CortexM0\ARM_GCC_473\Debug\wlan_station_spi.a(cyfitter_cfg.o)
 .ARM.attributes
                0x000003d8       0x31 .\CortexM0\ARM_GCC_473\Debug\wlan_station_spi.a(LED_GREEN.o)
 .ARM.attributes
                0x00000409       0x31 .\CortexM0\ARM_GCC_473\Debug\wlan_station_spi.a(UART_1.o)
 .ARM.attributes
                0x0000043a       0x31 .\CortexM0\ARM_GCC_473\Debug\wlan_station_spi.a(UART_1_SPI_UART.o)
 .ARM.attributes
                0x0000046b       0x31 .\CortexM0\ARM_GCC_473\Debug\wlan_station_spi.a(UART_1_UART.o)
 .ARM.attributes
                0x0000049c       0x31 .\CortexM0\ARM_GCC_473\Debug\wlan_station_spi.a(nHIB.o)
 .ARM.attributes
                0x000004cd       0x31 .\CortexM0\ARM_GCC_473\Debug\wlan_station_spi.a(LED_BLUE.o)
 .ARM.attributes
                0x000004fe       0x21 .\CortexM0\ARM_GCC_473\Debug\wlan_station_spi.a(CyBootAsmGnu.o)
 .ARM.attributes
                0x0000051f       0x31 .\CortexM0\ARM_GCC_473\Debug\wlan_station_spi.a(CyLib.o)
 .ARM.attributes
                0x00000550       0x31 .\CortexM0\ARM_GCC_473\Debug\wlan_station_spi.a(Rx_ISR.o)
 .ARM.attributes
                0x00000581       0x31 .\CortexM0\ARM_GCC_473\Debug\wlan_station_spi.a(UARTM.o)
 .ARM.attributes
                0x000005b2       0x31 .\CortexM0\ARM_GCC_473\Debug\wlan_station_spi.a(UARTM_IntClock.o)
 .ARM.attributes
                0x000005e3       0x1e c:/program files (x86)/cypress/psoc creator/3.0/psoc creator/import/gnu_cs/arm/4.7.3/bin/../lib/gcc/arm-none-eabi/4.7.3/armv6-m\libgcc.a(_udivsi3.o)
 .ARM.attributes
                0x00000601       0x1e c:/program files (x86)/cypress/psoc creator/3.0/psoc creator/import/gnu_cs/arm/4.7.3/bin/../lib/gcc/arm-none-eabi/4.7.3/armv6-m\libgcc.a(_divsi3.o)
 .ARM.attributes
                0x0000061f       0x1e c:/program files (x86)/cypress/psoc creator/3.0/psoc creator/import/gnu_cs/arm/4.7.3/bin/../lib/gcc/arm-none-eabi/4.7.3/armv6-m\libgcc.a(_dvmd_tls.o)
 .ARM.attributes
                0x0000063d       0x2c c:/program files (x86)/cypress/psoc creator/3.0/psoc creator/import/gnu_cs/arm/4.7.3/bin/../lib/gcc/arm-none-eabi/4.7.3/../../../../arm-none-eabi/lib/armv6-m\libc_s.a(lib_a-__atexit2.o)
 .ARM.attributes
                0x00000669       0x2c c:/program files (x86)/cypress/psoc creator/3.0/psoc creator/import/gnu_cs/arm/4.7.3/bin/../lib/gcc/arm-none-eabi/4.7.3/../../../../arm-none-eabi/lib/armv6-m\libc_s.a(lib_a-exit.o)
 .ARM.attributes
                0x00000695       0x2c c:/program files (x86)/cypress/psoc creator/3.0/psoc creator/import/gnu_cs/arm/4.7.3/bin/../lib/gcc/arm-none-eabi/4.7.3/../../../../arm-none-eabi/lib/armv6-m\libc_s.a(lib_a-fini.o)
 .ARM.attributes
                0x000006c1       0x2c c:/program files (x86)/cypress/psoc creator/3.0/psoc creator/import/gnu_cs/arm/4.7.3/bin/../lib/gcc/arm-none-eabi/4.7.3/../../../../arm-none-eabi/lib/armv6-m\libc_s.a(lib_a-impure.o)
 .ARM.attributes
                0x000006ed       0x2c c:/program files (x86)/cypress/psoc creator/3.0/psoc creator/import/gnu_cs/arm/4.7.3/bin/../lib/gcc/arm-none-eabi/4.7.3/../../../../arm-none-eabi/lib/armv6-m\libc_s.a(lib_a-init.o)
 .ARM.attributes
                0x00000719       0x2c c:/program files (x86)/cypress/psoc creator/3.0/psoc creator/import/gnu_cs/arm/4.7.3/bin/../lib/gcc/arm-none-eabi/4.7.3/../../../../arm-none-eabi/lib/armv6-m\libc_s.a(lib_a-memcpy.o)
 .ARM.attributes
                0x00000745       0x2c c:/program files (x86)/cypress/psoc creator/3.0/psoc creator/import/gnu_cs/arm/4.7.3/bin/../lib/gcc/arm-none-eabi/4.7.3/../../../../arm-none-eabi/lib/armv6-m\libc_s.a(lib_a-memset.o)
 .ARM.attributes
                0x00000771       0x2c c:/program files (x86)/cypress/psoc creator/3.0/psoc creator/import/gnu_cs/arm/4.7.3/bin/../lib/gcc/arm-none-eabi/4.7.3/../../../../arm-none-eabi/lib/armv6-m\libc_s.a(lib_a-strlen.o)
 .ARM.attributes
                0x0000079d       0x2c c:/program files (x86)/cypress/psoc creator/3.0/psoc creator/import/gnu_cs/arm/4.7.3/bin/../lib/gcc/arm-none-eabi/4.7.3/armv6-m/crtend.o
 .ARM.attributes
                0x000007c9       0x1e c:/program files (x86)/cypress/psoc creator/3.0/psoc creator/import/gnu_cs/arm/4.7.3/bin/../lib/gcc/arm-none-eabi/4.7.3/armv6-m/crtn.o

/DISCARD/
 *(.note.GNU-stack)
OUTPUT(.\CortexM0\ARM_GCC_473\Debug\wlan_station_spi.elf elf32-littlearm)
